
> instrument-collector@0.1.0 build
> next build

node.exe : 
[@sentry/nextjs] 
DEPRECATION WARNING: 
disableLogger is 
deprecated and will 
be removed in a 
future version. Use w
ebpack.treeshake.remo
veDebugLogging 
instead.
En línea: 1 
Carácter: 1
+ & "C:\Program Files
\nodejs/node.exe" "C:
\Users\ajaba\AppData\
Roaming\ ...
+ ~~~~~~~~~~~~~~~~~~~
~~~~~~~~~~~~~~~~~~~~~
~~~~~~~~~~~~~~~~~~~~~
~~~~~~~~
    + CategoryInfo   
           : NotSpe  
  cified: ([@sentr   
 y/nextjs...oggin    
g instead.:Strin    
g) [], RemoteExc    
eption
    + FullyQualified 
   ErrorId : Native  
  CommandError
 
[@sentry/nextjs] 
DEPRECATION WARNING: 
automaticVercelMonito
rs is deprecated and 
will be removed in a 
future version. Use w
ebpack.automaticVerce
lMonitors instead.
Ôû▓ Next.js 16.1.1 (Turbopack)
- Environments: .env.local
- Experiments (use with caution):
  ┬À clientTraceMetadata
  ┬À serverActions

  Creating an optimized production build ...
[@sentry/nextjs] 
DEPRECATION WARNING: 
disableLogger is 
deprecated and will 
be removed in a 
future version. Use w
ebpack.treeshake.remo
veDebugLogging 
instead.
[@sentry/nextjs] 
DEPRECATION WARNING: 
automaticVercelMonito
rs is deprecated and 
will be removed in a 
future version. Use w
ebpack.automaticVerce
lMonitors instead.

> Build error 
occurred
Error: Turbopack 
build failed with 53 
errors:
./node_modules/google
-auth-library/build/s
rc/auth/googleauth.js
:17:25
Module not found: 
Can't resolve 
'child_process'
[0m [90m 15 |[39m 
[33mObject[39m[33m
.[39mdefineProperty(
exports[33m,[39m [
32m"__esModule"[39m
[33m,[39m { 
value[33m:[39m 
[36mtrue[39m 
})[33m;[39m
 [90m 16 |[39m expo
rts[33m.[39m[33mGo
ogleAuth[39m 
[33m=[39m exports[
33m.[39m[33mGoogleA
uthExceptionMessages
[39m [33m=[39m 
[36mvoid[39m [35m0
[39m[33m;[39m
[31m[1m>[22m[39m
[90m 17 |[39m 
[36mconst[39m 
child_process_1 
[33m=[39m require(
[32m"child_process"[
39m)[33m;[39m
 [90m    |[39m     
                    
[31m[1m^[22m[39m[
31m[1m^[22m[39m[3
1m[1m^[22m[39m[31
m[1m^[22m[39m[31m
[1m^[22m[39m[31m
[1m^[22m[39m[31m[
1m^[22m[39m[31m[1
m^[22m[39m[31m[1m
^[22m[39m[31m[1m^
[22m[39m[31m[1m^
[22m[39m[31m[1m^[
22m[39m[31m[1m^[2
2m[39m[31m[1m^[22
m[39m[31m[1m^[22m
[39m[31m[1m^[22m
[39m[31m[1m^[22m[
39m[31m[1m^[22m[3
9m[31m[1m^[22m[39
m[31m[1m^[22m[39m
[31m[1m^[22m[39m
[31m[1m^[22m[39m[
31m[1m^[22m[39m[3
1m[1m^[22m[39m
 [90m 18 |[39m 
[36mconst[39m fs 
[33m=[39m require(
[32m"fs"[39m)[33m;
[39m
 [90m 19 |[39m 
[36mconst[39m 
gaxios_1 [33m=[39m 
require([32m"gaxios"
[39m)[33m;[39m
 [90m 20 |[39m 
[36mconst[39m 
gcpMetadata 
[33m=[39m require(
[32m"gcp-metadata"[3
9m)[33m;[39m[0m



Import traces:
  App Route:
    ./node_modules/go
ogle-auth-library/bui
ld/src/auth/googleaut
h.js
    ./node_modules/go
ogle-auth-library/bui
ld/src/index.js
    ./node_modules/go
ogleapis/build/src/in
dex.js
    ./src/app/api/aut
h/google-drive/callba
ck/route.ts

  Server Component:
    ./node_modules/go
ogle-auth-library/bui
ld/src/auth/googleaut
h.js
    ./node_modules/go
ogle-auth-library/bui
ld/src/index.js
    ./node_modules/go
ogleapis/build/src/in
dex.js
    ./src/lib/storage
-providers/google-dri
ve.ts
    ./src/actions/res
ource.ts
    ./src/app/dashboa
rd/collection/[id]/pa
ge.tsx

  Client Component 
Browser:
    ./node_modules/go
ogle-auth-library/bui
ld/src/auth/googleaut
h.js [Client 
Component Browser]
    ./node_modules/go
ogle-auth-library/bui
ld/src/index.js 
[Client Component 
Browser]
    ./node_modules/go
ogleapis/build/src/in
dex.js [Client 
Component Browser]
    ./src/lib/storage
-providers/google-dri
ve.ts [Client 
Component Browser]
    ./src/lib/storage
-providers/factory.ts
 [Client Component 
Browser]
    ./src/actions/upl
oad.ts [Client 
Component Browser]
    ./src/components/
admin/BadgeEditor.tsx
 [Client Component 
Browser]
    ./src/components/
admin/BadgeManager.ts
x [Client Component 
Browser]
    ./src/components/
admin/BadgeManager.ts
x [Server Component]
    ./src/app/dashboa
rd/admin/gamification
/page.tsx [Server 
Component]

  Client Component 
SSR:
    ./node_modules/go
ogle-auth-library/bui
ld/src/auth/googleaut
h.js [Client 
Component SSR]
    ./node_modules/go
ogle-auth-library/bui
ld/src/index.js 
[Client Component 
SSR]
    ./node_modules/go
ogleapis/build/src/in
dex.js [Client 
Component SSR]
    ./src/lib/storage
-providers/google-dri
ve.ts [Client 
Component SSR]
    ./src/lib/storage
-providers/factory.ts
 [Client Component 
SSR]
    ./src/actions/upl
oad.ts [Client 
Component SSR]
    ./src/components/
admin/BadgeEditor.tsx
 [Client Component 
SSR]
    ./src/components/
admin/BadgeManager.ts
x [Client Component 
SSR]
    ./src/components/
admin/BadgeManager.ts
x [Server Component]
    ./src/app/dashboa
rd/admin/gamification
/page.tsx [Server 
Component]

https://nextjs.org/do
cs/messages/module-no
t-found


./node_modules/google
-auth-library/build/s
rc/auth/pluggable-aut
h-handler.js:18:22
Module not found: 
Can't resolve 
'child_process'
[0m [90m 16 |[39m 
exports[33m.[39m[3
3mPluggableAuthHandle
r[39m [33m=[39m ex
ports[33m.[39m[33m
ExecutableError[39m 
[33m=[39m 
[36mvoid[39m [35m0
[39m[33m;[39m
 [90m 17 |[39m 
[36mconst[39m execu
table_response_1 
[33m=[39m require(
[32m"./executable-res
ponse"[39m)[33m;[3
9m
[31m[1m>[22m[39m
[90m 18 |[39m 
[36mconst[39m 
childProcess 
[33m=[39m require(
[32m"child_process"[
39m)[33m;[39m
 [90m    |[39m     
                 [31
m[1m^[22m[39m[31m
[1m^[22m[39m[31m
[1m^[22m[39m[31m[
1m^[22m[39m[31m[1
m^[22m[39m[31m[1m
^[22m[39m[31m[1m^
[22m[39m[31m[1m^
[22m[39m[31m[1m^[
22m[39m[31m[1m^[2
2m[39m[31m[1m^[22
m[39m[31m[1m^[22m
[39m[31m[1m^[22m
[39m[31m[1m^[22m[
39m[31m[1m^[22m[3
9m[31m[1m^[22m[39
m[31m[1m^[22m[39m
[31m[1m^[22m[39m
[31m[1m^[22m[39m[
31m[1m^[22m[39m[3
1m[1m^[22m[39m[31
m[1m^[22m[39m[31m
[1m^[22m[39m[31m
[1m^[22m[39m
 [90m 19 |[39m 
[36mconst[39m fs 
[33m=[39m require(
[32m"fs"[39m)[33m;
[39m
 [90m 20 |[39m 
[90m/**[39m
 [90m 21 |[39m 
[90m * Error thrown 
from the executable 
run by PluggableAuthC
lient.[39m[0m



Import traces:
  #1 [App Route]:
    ./node_modules/go
ogle-auth-library/bui
ld/src/auth/pluggable
-auth-handler.js
    ./node_modules/go
ogle-auth-library/bui
ld/src/auth/googleaut
h.js
    ./node_modules/go
ogle-auth-library/bui
ld/src/index.js
    ./node_modules/go
ogleapis/build/src/in
dex.js
    ./src/app/api/aut
h/google-drive/callba
ck/route.ts

  #2 [App Route]:
    ./node_modules/go
ogle-auth-library/bui
ld/src/auth/pluggable
-auth-handler.js
    ./node_modules/go
ogle-auth-library/bui
ld/src/auth/pluggable
-auth-client.js
    ./node_modules/go
ogle-auth-library/bui
ld/src/index.js
    ./node_modules/go
ogleapis/build/src/in
dex.js
    ./src/app/api/aut
h/google-drive/callba
ck/route.ts

  #3 [Server 
Component]:
    ./node_modules/go
ogle-auth-library/bui
ld/src/auth/pluggable
-auth-handler.js
    ./node_modules/go
ogle-auth-library/bui
ld/src/auth/pluggable
-auth-client.js
    ./node_modules/go
ogle-auth-library/bui
ld/src/index.js
    ./node_modules/go
ogleapis/build/src/in
dex.js
    ./src/lib/storage
-providers/google-dri
ve.ts
    ./src/actions/res
ource.ts
    ./src/app/dashboa
rd/collection/[id]/pa
ge.tsx

  #4 [Client 
Component Browser]:
    ./node_modules/go
ogle-auth-library/bui
ld/src/auth/pluggable
-auth-handler.js 
[Client Component 
Browser]
    ./node_modules/go
ogle-auth-library/bui
ld/src/auth/pluggable
-auth-client.js 
[Client Component 
Browser]
    ./node_modules/go
ogle-auth-library/bui
ld/src/index.js 
[Client Component 
Browser]
    ./node_modules/go
ogleapis/build/src/in
dex.js [Client 
Component Browser]
    ./src/lib/storage
-providers/google-dri
ve.ts [Client 
Component Browser]
    ./src/lib/storage
-providers/factory.ts
 [Client Component 
Browser]
    ./src/actions/upl
oad.ts [Client 
Component Browser]
    ./src/components/
admin/BadgeEditor.tsx
 [Client Component 
Browser]
    ./src/components/
admin/BadgeManager.ts
x [Client Component 
Browser]
    ./src/components/
admin/BadgeManager.ts
x [Server Component]
    ./src/app/dashboa
rd/admin/gamification
/page.tsx [Server 
Component]

  #5 [Client 
Component SSR]:
    ./node_modules/go
ogle-auth-library/bui
ld/src/auth/pluggable
-auth-handler.js 
[Client Component 
SSR]
    ./node_modules/go
ogle-auth-library/bui
ld/src/auth/pluggable
-auth-client.js 
[Client Component 
SSR]
    ./node_modules/go
ogle-auth-library/bui
ld/src/index.js 
[Client Component 
SSR]
    ./node_modules/go
ogleapis/build/src/in
dex.js [Client 
Component SSR]
    ./src/lib/storage
-providers/google-dri
ve.ts [Client 
Component SSR]
    ./src/lib/storage
-providers/factory.ts
 [Client Component 
SSR]
    ./src/actions/upl
oad.ts [Client 
Component SSR]
    ./src/components/
admin/BadgeEditor.tsx
 [Client Component 
SSR]
    ./src/components/
admin/BadgeManager.ts
x [Client Component 
SSR]
    ./src/components/
admin/BadgeManager.ts
x [Server Component]
    ./src/app/dashboa
rd/admin/gamification
/page.tsx [Server 
Component]

https://nextjs.org/do
cs/messages/module-no
t-found


./node_modules/mongod
b/lib/client-side-enc
ryption/mongocryptd_m
anager.js:38:27
Module not found: 
Can't resolve 
'child_process'
[0m [90m 36 |[39m 
        
[36mconst[39m 
cmdName [33m=[39m 
[36mthis[39m[33m.[
39mspawnPath 
[33m||[39m [32m'mo
ngocryptd'[39m[33m;
[39m
 [90m 37 |[39m     
    [90m// eslint-di
sable-next-line @type
script-eslint/no-requ
ire-imports[39m
[31m[1m>[22m[39m
[90m 38 |[39m       
  [36mconst[39m { 
spawn } [33m=[39m r
equire([32m'child_pr
ocess'[39m)[33m;[3
9m
 [90m    |[39m     
                     
 [31m[1m^[22m[39m
[31m[1m^[22m[39m
[31m[1m^[22m[39m[
31m[1m^[22m[39m[3
1m[1m^[22m[39m[31
m[1m^[22m[39m[31m
[1m^[22m[39m[31m
[1m^[22m[39m[31m[
1m^[22m[39m[31m[1
m^[22m[39m[31m[1m
^[22m[39m[31m[1m^
[22m[39m[31m[1m^
[22m[39m[31m[1m^[
22m[39m[31m[1m^[2
2m[39m[31m[1m^[22
m[39m[31m[1m^[22m
[39m[31m[1m^[22m
[39m[31m[1m^[22m[
39m[31m[1m^[22m[3
9m[31m[1m^[22m[39
m[31m[1m^[22m[39m
[31m[1m^[22m[39m
[31m[1m^[22m[39m
 [90m 39 |[39m     
    [90m// Spawned 
with stdio: ignore 
and detached: 
true[39m
 [90m 40 |[39m     
    [90m// to 
ensure child can 
outlive parent.[39m
 [90m 41 |[39m     
    [36mthis[39m[3
3m.[39m_child 
[33m=[39m spawn(cmd
Name[33m,[39m [36m
this[39m[33m.[39ms
pawnArgs[33m,[39m 
{[0m



Import trace:
  Client Component 
Browser:
    ./node_modules/mo
ngodb/lib/client-side
-encryption/mongocryp
td_manager.js 
[Client Component 
Browser]
    ./node_modules/mo
ngodb/lib/client-side
-encryption/auto_encr
ypter.js [Client 
Component Browser]
    ./node_modules/mo
ngodb/lib/index.js 
[Client Component 
Browser]
    ./node_modules/@a
uth/mongodb-adapter/i
ndex.js [Client 
Component Browser]
    ./src/auth.ts 
[Client Component 
Browser]
    ./src/actions/upl
oad.ts [Client 
Component Browser]
    ./src/components/
admin/BadgeEditor.tsx
 [Client Component 
Browser]
    ./src/components/
admin/BadgeManager.ts
x [Client Component 
Browser]
    ./src/components/
admin/BadgeManager.ts
x [Server Component]
    ./src/app/dashboa
rd/admin/gamification
/page.tsx [Server 
Component]

https://nextjs.org/do
cs/messages/module-no
t-found


./node_modules/nodema
iler/lib/sendmail-tra
nsport/index.js:3:15
Module not found: 
Can't resolve 
'child_process'
[0m [90m 1 |[39m 
[32m'use strict'[39
m[33m;[39m
 [90m 2 |[39m
[31m[1m>[22m[39m
[90m 3 |[39m 
[36mconst[39m 
spawn [33m=[39m req
uire([32m'child_proc
ess'[39m)[33m.[39m
spawn[33m;[39m
 [90m   |[39m      
         [31m[1m^[
22m[39m[31m[1m^[2
2m[39m[31m[1m^[22
m[39m[31m[1m^[22m
[39m[31m[1m^[22m
[39m[31m[1m^[22m[
39m[31m[1m^[22m[3
9m[31m[1m^[22m[39
m[31m[1m^[22m[39m
[31m[1m^[22m[39m
[31m[1m^[22m[39m[
31m[1m^[22m[39m[3
1m[1m^[22m[39m[31
m[1m^[22m[39m[31m
[1m^[22m[39m[31m
[1m^[22m[39m[31m[
1m^[22m[39m[31m[1
m^[22m[39m[31m[1m
^[22m[39m[31m[1m^
[22m[39m[31m[1m^
[22m[39m[31m[1m^[
22m[39m[31m[1m^[2
2m[39m[31m[1m^[22
m[39m
 [90m 4 |[39m 
[36mconst[39m 
packageData 
[33m=[39m require(
[32m'../../package.js
on'[39m)[33m;[39m
 [90m 5 |[39m 
[36mconst[39m 
shared [33m=[39m re
quire([32m'../shared
'[39m)[33m;[39m
 [90m 6 |[39m[0m



Import traces:
  App Route:
    ./node_modules/no
demailer/lib/sendmail
-transport/index.js
    ./node_modules/no
demailer/lib/nodemail
er.js
    
./src/lib/email.ts
    ./src/actions/con
tact.ts
    ./src/app/api/cro
n/cleanup-contacts/ro
ute.ts

  Server Component:
    ./node_modules/no
demailer/lib/sendmail
-transport/index.js
    ./node_modules/no
demailer/lib/nodemail
er.js
    
./src/lib/email.ts
    ./src/actions/con
tact.ts
    ./src/app/contact
/page.tsx

  Client Component 
Browser:
    ./node_modules/no
demailer/lib/sendmail
-transport/index.js 
[Client Component 
Browser]
    ./node_modules/no
demailer/lib/nodemail
er.js [Client 
Component Browser]
    
./src/lib/email.ts 
[Client Component 
Browser]
    ./src/lib/error-r
eporting.ts [Client 
Component Browser]
    ./src/lib/db.ts 
[Client Component 
Browser]
    ./src/lib/storage
-providers/factory.ts
 [Client Component 
Browser]
    ./src/actions/upl
oad.ts [Client 
Component Browser]
    ./src/components/
admin/BadgeEditor.tsx
 [Client Component 
Browser]
    ./src/components/
admin/BadgeManager.ts
x [Client Component 
Browser]
    ./src/components/
admin/BadgeManager.ts
x [Server Component]
    ./src/app/dashboa
rd/admin/gamification
/page.tsx [Server 
Component]

  Client Component 
SSR:
    ./node_modules/no
demailer/lib/sendmail
-transport/index.js 
[Client Component 
SSR]
    ./node_modules/no
demailer/lib/nodemail
er.js [Client 
Component SSR]
    
./src/lib/email.ts 
[Client Component 
SSR]
    ./src/lib/error-r
eporting.ts [Client 
Component SSR]
    ./src/lib/db.ts 
[Client Component 
SSR]
    ./src/lib/storage
-providers/factory.ts
 [Client Component 
SSR]
    ./src/actions/upl
oad.ts [Client 
Component SSR]
    ./src/components/
admin/BadgeEditor.tsx
 [Client Component 
SSR]
    ./src/components/
admin/BadgeManager.ts
x [Client Component 
SSR]
    ./src/components/
admin/BadgeManager.ts
x [Server Component]
    ./src/app/dashboa
rd/admin/gamification
/page.tsx [Server 
Component]

https://nextjs.org/do
cs/messages/module-no
t-found


./node_modules/mongod
b/lib/cmap/auth/gssap
i.js:6:13
Module not found: 
Can't resolve 'dns'
[0m [90m 4 |[39m e
xports[33m.[39mperf
ormGSSAPICanonicalize
HostName [33m=[39m 
performGSSAPICanonica
lizeHostName[33m;[3
9m
 [90m 5 |[39m expor
ts[33m.[39mresolveC
name [33m=[39m reso
lveCname[33m;[39m
[31m[1m>[22m[39m
[90m 6 |[39m 
[36mconst[39m dns 
[33m=[39m require(
[32m"dns"[39m)[33m;
[39m
 [90m   |[39m      
       [31m[1m^[22
m[39m[31m[1m^[22m
[39m[31m[1m^[22m
[39m[31m[1m^[22m[
39m[31m[1m^[22m[3
9m[31m[1m^[22m[39
m[31m[1m^[22m[39m
[31m[1m^[22m[39m
[31m[1m^[22m[39m[
31m[1m^[22m[39m[3
1m[1m^[22m[39m[31
m[1m^[22m[39m[31m
[1m^[22m[39m[31m
[1m^[22m[39m
 [90m 7 |[39m 
[36mconst[39m 
deps_1 [33m=[39m re
quire([32m"../../dep
s"[39m)[33m;[39m
 [90m 8 |[39m 
[36mconst[39m 
error_1 [33m=[39m r
equire([32m"../../er
ror"[39m)[33m;[39m
 [90m 9 |[39m 
[36mconst[39m 
utils_1 [33m=[39m r
equire([32m"../../ut
ils"[39m)[33m;[39m
[0m



Import trace:
  Client Component 
Browser:
    ./node_modules/mo
ngodb/lib/cmap/auth/g
ssapi.js [Client 
Component Browser]
    ./node_modules/mo
ngodb/lib/index.js 
[Client Component 
Browser]
    ./node_modules/@a
uth/mongodb-adapter/i
ndex.js [Client 
Component Browser]
    ./src/auth.ts 
[Client Component 
Browser]
    ./src/actions/upl
oad.ts [Client 
Component Browser]
    ./src/components/
admin/BadgeEditor.tsx
 [Client Component 
Browser]
    ./src/components/
admin/BadgeManager.ts
x [Client Component 
Browser]
    ./src/components/
admin/BadgeManager.ts
x [Server Component]
    ./src/app/dashboa
rd/admin/gamification
/page.tsx [Server 
Component]

https://nextjs.org/do
cs/messages/module-no
t-found


./node_modules/mongod
b/lib/connection_stri
ng.js:6:13
Module not found: 
Can't resolve 'dns'
[0m [90m 4 |[39m e
xports[33m.[39mreso
lveSRVRecord 
[33m=[39m resolveSR
VRecord[33m;[39m
 [90m 5 |[39m expor
ts[33m.[39mparseOpt
ions [33m=[39m pars
eOptions[33m;[39m
[31m[1m>[22m[39m
[90m 6 |[39m 
[36mconst[39m dns 
[33m=[39m require(
[32m"dns"[39m)[33m;
[39m
 [90m   |[39m      
       [31m[1m^[22
m[39m[31m[1m^[22m
[39m[31m[1m^[22m
[39m[31m[1m^[22m[
39m[31m[1m^[22m[3
9m[31m[1m^[22m[39
m[31m[1m^[22m[39m
[31m[1m^[22m[39m
[31m[1m^[22m[39m[
31m[1m^[22m[39m[3
1m[1m^[22m[39m[31
m[1m^[22m[39m[31m
[1m^[22m[39m[31m
[1m^[22m[39m
 [90m 7 |[39m 
[36mconst[39m mongo
db_connection_string_
url_1 [33m=[39m req
uire([32m"mongodb-co
nnection-string-url"
[39m)[33m;[39m
 [90m 8 |[39m 
[36mconst[39m 
url_1 [33m=[39m req
uire([32m"url"[39m)
[33m;[39m
 [90m 9 |[39m 
[36mconst[39m 
mongo_credentials_1 
[33m=[39m require(
[32m"./cmap/auth/mong
o_credentials"[39m)
[33m;[39m[0m



Import trace:
  Client Component 
Browser:
    ./node_modules/mo
ngodb/lib/connection_
string.js [Client 
Component Browser]
    ./node_modules/mo
ngodb/lib/mongo_clien
t.js [Client 
Component Browser]
    ./node_modules/mo
ngodb/lib/index.js 
[Client Component 
Browser]
    ./src/lib/clientP
romise.ts [Client 
Component Browser]
    ./src/auth.ts 
[Client Component 
Browser]
    ./src/actions/upl
oad.ts [Client 
Component Browser]
    ./src/components/
admin/BadgeEditor.tsx
 [Client Component 
Browser]
    ./src/components/
admin/BadgeManager.ts
x [Client Component 
Browser]
    ./src/components/
admin/BadgeManager.ts
x [Server Component]
    ./src/app/dashboa
rd/admin/gamification
/page.tsx [Server 
Component]

https://nextjs.org/do
cs/messages/module-no
t-found


./node_modules/mongod
b/lib/sdam/srv_pollin
g.js:4:13
Module not found: 
Can't resolve 'dns'
[0m [90m 2 |[39m 
[33mObject[39m[33m.
[39mdefineProperty(e
xports[33m,[39m [3
2m"__esModule"[39m[
33m,[39m { 
value[33m:[39m 
[36mtrue[39m 
})[33m;[39m
 [90m 3 |[39m expor
ts[33m.[39m[33mSrv
Poller[39m 
[33m=[39m exports[
33m.[39m[33mSrvPoll
ingEvent[39m 
[33m=[39m 
[36mvoid[39m [35m0
[39m[33m;[39m
[31m[1m>[22m[39m
[90m 4 |[39m 
[36mconst[39m dns 
[33m=[39m require(
[32m"dns"[39m)[33m;
[39m
 [90m   |[39m      
       [31m[1m^[22
m[39m[31m[1m^[22m
[39m[31m[1m^[22m
[39m[31m[1m^[22m[
39m[31m[1m^[22m[3
9m[31m[1m^[22m[39
m[31m[1m^[22m[39m
[31m[1m^[22m[39m
[31m[1m^[22m[39m[
31m[1m^[22m[39m[3
1m[1m^[22m[39m[31
m[1m^[22m[39m[31m
[1m^[22m[39m[31m
[1m^[22m[39m
 [90m 5 |[39m 
[36mconst[39m 
timers_1 [33m=[39m 
require([32m"timers"
[39m)[33m;[39m
 [90m 6 |[39m 
[36mconst[39m 
error_1 [33m=[39m r
equire([32m"../error
"[39m)[33m;[39m
 [90m 7 |[39m 
[36mconst[39m 
mongo_types_1 
[33m=[39m require(
[32m"../mongo_types"
[39m)[33m;[39m[0m



Import trace:
  Client Component 
Browser:
    ./node_modules/mo
ngodb/lib/sdam/srv_po
lling.js [Client 
Component Browser]
    ./node_modules/mo
ngodb/lib/index.js 
[Client Component 
Browser]
    ./node_modules/@a
uth/mongodb-adapter/i
ndex.js [Client 
Component Browser]
    ./src/auth.ts 
[Client Component 
Browser]
    ./src/actions/upl
oad.ts [Client 
Component Browser]
    ./src/components/
admin/BadgeEditor.tsx
 [Client Component 
Browser]
    ./src/components/
admin/BadgeManager.ts
x [Client Component 
Browser]
    ./src/components/
admin/BadgeManager.ts
x [Server Component]
    ./src/app/dashboa
rd/admin/gamification
/page.tsx [Server 
Component]

https://nextjs.org/do
cs/messages/module-no
t-found


./node_modules/nodema
iler/lib/mailer/index
.js:14:13
Module not found: 
Can't resolve 'dns'
[0m [90m 12 |[39m 
[36mconst[39m [33m
MailMessage[39m 
[33m=[39m require(
[32m'./mail-message'
[39m)[33m;[39m
 [90m 13 |[39m 
[36mconst[39m net 
[33m=[39m require(
[32m'net'[39m)[33m;
[39m
[31m[1m>[22m[39m
[90m 14 |[39m 
[36mconst[39m dns 
[33m=[39m require(
[32m'dns'[39m)[33m;
[39m
 [90m    |[39m     
        [31m[1m^[2
2m[39m[31m[1m^[22
m[39m[31m[1m^[22m
[39m[31m[1m^[22m
[39m[31m[1m^[22m[
39m[31m[1m^[22m[3
9m[31m[1m^[22m[39
m[31m[1m^[22m[39m
[31m[1m^[22m[39m
[31m[1m^[22m[39m[
31m[1m^[22m[39m[3
1m[1m^[22m[39m[31
m[1m^[22m[39m[31m
[1m^[22m[39m
 [90m 15 |[39m 
[36mconst[39m 
crypto [33m=[39m re
quire([32m'crypto'[
39m)[33m;[39m
 [90m 16 |[39m
 [90m 17 |[39m 
[90m/**[39m[0m



Import traces:
  App Route:
    ./node_modules/no
demailer/lib/mailer/i
ndex.js
    ./node_modules/no
demailer/lib/nodemail
er.js
    
./src/lib/email.ts
    ./src/actions/con
tact.ts
    ./src/app/api/cro
n/cleanup-contacts/ro
ute.ts

  Server Component:
    ./node_modules/no
demailer/lib/mailer/i
ndex.js
    ./node_modules/no
demailer/lib/nodemail
er.js
    
./src/lib/email.ts
    ./src/actions/con
tact.ts
    ./src/app/contact
/page.tsx

  Client Component 
Browser:
    ./node_modules/no
demailer/lib/mailer/i
ndex.js [Client 
Component Browser]
    ./node_modules/no
demailer/lib/nodemail
er.js [Client 
Component Browser]
    
./src/lib/email.ts 
[Client Component 
Browser]
    ./src/lib/error-r
eporting.ts [Client 
Component Browser]
    ./src/lib/db.ts 
[Client Component 
Browser]
    ./src/lib/storage
-providers/factory.ts
 [Client Component 
Browser]
    ./src/actions/upl
oad.ts [Client 
Component Browser]
    ./src/components/
admin/BadgeEditor.tsx
 [Client Component 
Browser]
    ./src/components/
admin/BadgeManager.ts
x [Client Component 
Browser]
    ./src/components/
admin/BadgeManager.ts
x [Server Component]
    ./src/app/dashboa
rd/admin/gamification
/page.tsx [Server 
Component]

  Client Component 
SSR:
    ./node_modules/no
demailer/lib/mailer/i
ndex.js [Client 
Component SSR]
    ./node_modules/no
demailer/lib/nodemail
er.js [Client 
Component SSR]
    
./src/lib/email.ts 
[Client Component 
SSR]
    ./src/lib/error-r
eporting.ts [Client 
Component SSR]
    ./src/lib/db.ts 
[Client Component 
SSR]
    ./src/lib/storage
-providers/factory.ts
 [Client Component 
SSR]
    ./src/actions/upl
oad.ts [Client 
Component SSR]
    ./src/components/
admin/BadgeEditor.tsx
 [Client Component 
SSR]
    ./src/components/
admin/BadgeManager.ts
x [Client Component 
SSR]
    ./src/components/
admin/BadgeManager.ts
x [Server Component]
    ./src/app/dashboa
rd/admin/gamification
/page.tsx [Server 
Component]

https://nextjs.org/do
cs/messages/module-no
t-found


./node_modules/nodema
iler/lib/shared/index
.js:9:13
Module not found: 
Can't resolve 'dns'
[0m [90m  7 |[39m 
[36mconst[39m fs 
[33m=[39m require(
[32m'fs'[39m)[33m;
[39m
 [90m  8 |[39m 
[36mconst[39m 
nmfetch [33m=[39m r
equire([32m'../fetch
'[39m)[33m;[39m
[31m[1m>[22m[39m
[90m  9 |[39m 
[36mconst[39m dns 
[33m=[39m require(
[32m'dns'[39m)[33m;
[39m
 [90m    |[39m     
        [31m[1m^[2
2m[39m[31m[1m^[22
m[39m[31m[1m^[22m
[39m[31m[1m^[22m
[39m[31m[1m^[22m[
39m[31m[1m^[22m[3
9m[31m[1m^[22m[39
m[31m[1m^[22m[39m
[31m[1m^[22m[39m
[31m[1m^[22m[39m[
31m[1m^[22m[39m[3
1m[1m^[22m[39m[31
m[1m^[22m[39m[31m
[1m^[22m[39m
 [90m 10 |[39m 
[36mconst[39m net 
[33m=[39m require(
[32m'net'[39m)[33m;
[39m
 [90m 11 |[39m 
[36mconst[39m os 
[33m=[39m require(
[32m'os'[39m)[33m;
[39m
 [90m 12 |[39m[0m



Import traces:
  App Route:
    ./node_modules/no
demailer/lib/shared/i
ndex.js
    ./node_modules/no
demailer/lib/nodemail
er.js
    
./src/lib/email.ts
    ./src/actions/con
tact.ts
    ./src/app/api/cro
n/cleanup-contacts/ro
ute.ts

  Server Component:
    ./node_modules/no
demailer/lib/shared/i
ndex.js
    ./node_modules/no
demailer/lib/nodemail
er.js
    
./src/lib/email.ts
    ./src/actions/con
tact.ts
    ./src/app/dashboa
rd/admin/contacts/[id
]/page.tsx

  Client Component 
Browser:
    ./node_modules/no
demailer/lib/shared/i
ndex.js [Client 
Component Browser]
    ./node_modules/no
demailer/lib/nodemail
er.js [Client 
Component Browser]
    
./src/lib/email.ts 
[Client Component 
Browser]
    ./src/lib/error-r
eporting.ts [Client 
Component Browser]
    ./src/lib/db.ts 
[Client Component 
Browser]
    ./src/lib/storage
-providers/factory.ts
 [Client Component 
Browser]
    ./src/actions/upl
oad.ts [Client 
Component Browser]
    ./src/components/
admin/BadgeEditor.tsx
 [Client Component 
Browser]
    ./src/components/
admin/BadgeManager.ts
x [Client Component 
Browser]
    ./src/components/
admin/BadgeManager.ts
x [Server Component]
    ./src/app/dashboa
rd/admin/gamification
/page.tsx [Server 
Component]

  Client Component 
SSR:
    ./node_modules/no
demailer/lib/shared/i
ndex.js [Client 
Component SSR]
    ./node_modules/no
demailer/lib/nodemail
er.js [Client 
Component SSR]
    
./src/lib/email.ts 
[Client Component 
SSR]
    ./src/lib/error-r
eporting.ts [Client 
Component SSR]
    ./src/lib/db.ts 
[Client Component 
SSR]
    ./src/lib/storage
-providers/factory.ts
 [Client Component 
SSR]
    ./src/actions/upl
oad.ts [Client 
Component SSR]
    ./src/components/
admin/BadgeEditor.tsx
 [Client Component 
SSR]
    ./src/components/
admin/BadgeManager.ts
x [Client Component 
SSR]
    ./src/components/
admin/BadgeManager.ts
x [Server Component]
    ./src/app/dashboa
rd/admin/gamification
/page.tsx [Server 
Component]

https://nextjs.org/do
cs/messages/module-no
t-found


./node_modules/cloudi
nary/lib/uploader.js:
1:12
Module not found: 
Can't resolve 'fs'
[0m[31m[1m>[22m[
39m[90m 1 |[39m 
[36mconst[39m fs 
[33m=[39m require(
[32m'fs'[39m)[33m;
[39m
 [90m   |[39m      
      [31m[1m^[22m
[39m[31m[1m^[22m
[39m[31m[1m^[22m[
39m[31m[1m^[22m[3
9m[31m[1m^[22m[39
m[31m[1m^[22m[39m
[31m[1m^[22m[39m
[31m[1m^[22m[39m[
31m[1m^[22m[39m[3
1m[1m^[22m[39m[31
m[1m^[22m[39m[31m
[1m^[22m[39m[31m
[1m^[22m[39m
 [90m 2 |[39m 
[36mconst[39m { 
extname[33m,[39m 
basename } 
[33m=[39m require(
[32m'path'[39m)[33m
;[39m
 [90m 3 |[39m 
[36mconst[39m 
[33mQ[39m 
[33m=[39m require(
[32m'q'[39m)[33m;[
39m
 [90m 4 |[39m 
[36mconst[39m 
[33mWritable[39m 
[33m=[39m require(
[32m"stream"[39m)[3
3m.[39m[33mWritable
[39m[33m;[39m[0m



Import traces:
  App Route:
    ./node_modules/cl
oudinary/lib/uploader
.js
    ./node_modules/cl
oudinary/lib/cloudina
ry.js
    ./node_modules/cl
oudinary/cloudinary.j
s
    ./src/lib/storage
-providers/cloudinary
.ts
    ./src/app/api/upl
oad/route.ts

  Server Component:
    ./node_modules/cl
oudinary/lib/uploader
.js
    ./node_modules/cl
oudinary/lib/cloudina
ry.js
    ./node_modules/cl
oudinary/cloudinary.j
s
    ./src/lib/storage
-providers/cloudinary
.ts
    ./src/actions/res
ource.ts
    ./src/app/dashboa
rd/collection/[id]/pa
ge.tsx

  Client Component 
Browser:
    ./node_modules/cl
oudinary/lib/uploader
.js [Client 
Component Browser]
    ./node_modules/cl
oudinary/lib/cloudina
ry.js [Client 
Component Browser]
    ./node_modules/cl
oudinary/cloudinary.j
s [Client Component 
Browser]
    ./src/lib/storage
-providers/cloudinary
.ts [Client 
Component Browser]
    ./src/lib/storage
-providers/factory.ts
 [Client Component 
Browser]
    ./src/actions/upl
oad.ts [Client 
Component Browser]
    ./src/components/
admin/BadgeEditor.tsx
 [Client Component 
Browser]
    ./src/components/
admin/BadgeManager.ts
x [Client Component 
Browser]
    ./src/components/
admin/BadgeManager.ts
x [Server Component]
    ./src/app/dashboa
rd/admin/gamification
/page.tsx [Server 
Component]

  Client Component 
SSR:
    ./node_modules/cl
oudinary/lib/uploader
.js [Client 
Component SSR]
    ./node_modules/cl
oudinary/lib/cloudina
ry.js [Client 
Component SSR]
    ./node_modules/cl
oudinary/cloudinary.j
s [Client Component 
SSR]
    ./src/lib/storage
-providers/cloudinary
.ts [Client 
Component SSR]
    ./src/lib/storage
-providers/factory.ts
 [Client Component 
SSR]
    ./src/actions/upl
oad.ts [Client 
Component SSR]
    ./src/components/
admin/BadgeEditor.tsx
 [Client Component 
SSR]
    ./src/components/
admin/BadgeManager.ts
x [Client Component 
SSR]
    ./src/components/
admin/BadgeManager.ts
x [Server Component]
    ./src/app/dashboa
rd/admin/gamification
/page.tsx [Server 
Component]

https://nextjs.org/do
cs/messages/module-no
t-found


./node_modules/cloudi
nary/lib/utils/analyt
ics/getSDKVersions.js
:1:12
Module not found: 
Can't resolve 'fs'
[0m[31m[1m>[22m[
39m[90m 1 |[39m 
[36mconst[39m fs 
[33m=[39m require(
[32m'fs'[39m)[33m;
[39m
 [90m   |[39m      
      [31m[1m^[22m
[39m[31m[1m^[22m
[39m[31m[1m^[22m[
39m[31m[1m^[22m[3
9m[31m[1m^[22m[39
m[31m[1m^[22m[39m
[31m[1m^[22m[39m
[31m[1m^[22m[39m[
31m[1m^[22m[39m[3
1m[1m^[22m[39m[31
m[1m^[22m[39m[31m
[1m^[22m[39m[31m
[1m^[22m[39m
 [90m 2 |[39m 
[36mconst[39m path 
[33m=[39m require(
[32m'path'[39m)[33m
;[39m
 [90m 3 |[39m 
[36mconst[39m 
sdkCode [33m=[39m 
[32m'M'[39m[33m;[3
9m [90m// Constant 
per SDK[39m
 [90m 4 |[39m[0m



Import traces:
  App Route:
    ./node_modules/cl
oudinary/lib/utils/an
alytics/getSDKVersion
s.js
    ./node_modules/cl
oudinary/lib/utils/in
dex.js
    ./node_modules/cl
oudinary/lib/cloudina
ry.js
    ./node_modules/cl
oudinary/cloudinary.j
s
    ./src/lib/storage
-providers/cloudinary
.ts
    ./src/app/api/upl
oad/collection-images
/route.ts

  Server Component:
    ./node_modules/cl
oudinary/lib/utils/an
alytics/getSDKVersion
s.js
    ./node_modules/cl
oudinary/lib/utils/in
dex.js
    ./node_modules/cl
oudinary/lib/cloudina
ry.js
    ./node_modules/cl
oudinary/cloudinary.j
s
    ./src/lib/storage
-providers/cloudinary
.ts
    ./src/actions/sto
rage.ts
    ./src/app/dashboa
rd/settings/storage/p
age.tsx

  Client Component 
Browser:
    ./node_modules/cl
oudinary/lib/utils/an
alytics/getSDKVersion
s.js [Client 
Component Browser]
    ./node_modules/cl
oudinary/lib/utils/in
dex.js [Client 
Component Browser]
    ./node_modules/cl
oudinary/lib/cloudina
ry.js [Client 
Component Browser]
    ./node_modules/cl
oudinary/cloudinary.j
s [Client Component 
Browser]
    ./src/lib/storage
-providers/cloudinary
.ts [Client 
Component Browser]
    ./src/lib/storage
-providers/factory.ts
 [Client Component 
Browser]
    ./src/actions/upl
oad.ts [Client 
Component Browser]
    ./src/components/
admin/BadgeEditor.tsx
 [Client Component 
Browser]
    ./src/components/
admin/BadgeManager.ts
x [Client Component 
Browser]
    ./src/components/
admin/BadgeManager.ts
x [Server Component]
    ./src/app/dashboa
rd/admin/gamification
/page.tsx [Server 
Component]

  Client Component 
SSR:
    ./node_modules/cl
oudinary/lib/utils/an
alytics/getSDKVersion
s.js [Client 
Component SSR]
    ./node_modules/cl
oudinary/lib/utils/in
dex.js [Client 
Component SSR]
    ./node_modules/cl
oudinary/lib/cloudina
ry.js [Client 
Component SSR]
    ./node_modules/cl
oudinary/cloudinary.j
s [Client Component 
SSR]
    ./src/lib/storage
-providers/cloudinary
.ts [Client 
Component SSR]
    ./src/lib/storage
-providers/factory.ts
 [Client Component 
SSR]
    ./src/actions/upl
oad.ts [Client 
Component SSR]
    ./src/components/
admin/BadgeEditor.tsx
 [Client Component 
SSR]
    ./src/components/
admin/BadgeManager.ts
x [Client Component 
SSR]
    ./src/components/
admin/BadgeManager.ts
x [Server Component]
    ./src/app/dashboa
rd/admin/gamification
/page.tsx [Server 
Component]

https://nextjs.org/do
cs/messages/module-no
t-found


./node_modules/google
-auth-library/build/s
rc/auth/certificatesu
bjecttokensupplier.js
:18:12
Module not found: 
Can't resolve 'fs'
[0m [90m 16 |[39m 
exports[33m.[39m[3
3mCertificateSubjectT
okenSupplier[39m 
[33m=[39m exports[
33m.[39m[33mInvalid
ConfigurationError[3
9m [33m=[39m export
s[33m.[39m[33mCert
ificateSourceUnavaila
bleError[39m 
[33m=[39m exports[
33m.[39m[33mCERTIFI
CATE_CONFIGURATION_EN
V_VARIABLE[39m 
[33m=[39m 
[36mvoid[39m [35m0
[39m[33m;[39m
 [90m 17 |[39m 
[36mconst[39m 
util_1 [33m=[39m re
quire([32m"../util"
[39m)[33m;[39m
[31m[1m>[22m[39m
[90m 18 |[39m 
[36mconst[39m fs 
[33m=[39m require(
[32m"fs"[39m)[33m;
[39m
 [90m    |[39m     
       [31m[1m^[22
m[39m[31m[1m^[22m
[39m[31m[1m^[22m
[39m[31m[1m^[22m[
39m[31m[1m^[22m[3
9m[31m[1m^[22m[39
m[31m[1m^[22m[39m
[31m[1m^[22m[39m
[31m[1m^[22m[39m[
31m[1m^[22m[39m[3
1m[1m^[22m[39m[31
m[1m^[22m[39m[31m
[1m^[22m[39m
 [90m 19 |[39m 
[36mconst[39m 
crypto_1 [33m=[39m 
require([32m"crypto"
[39m)[33m;[39m
 [90m 20 |[39m 
[36mconst[39m 
https [33m=[39m req
uire([32m"https"[39
m)[33m;[39m
 [90m 21 |[39m expo
rts[33m.[39m[33mCE
RTIFICATE_CONFIGURATI
ON_ENV_VARIABLE[39m 
[33m=[39m [32m'GOO
GLE_API_CERTIFICATE_C
ONFIG'[39m[33m;[39
m[0m



Import traces:
  #1 [App Route]:
    ./node_modules/go
ogle-auth-library/bui
ld/src/auth/certifica
tesubjecttokensupplie
r.js
    ./node_modules/go
ogle-auth-library/bui
ld/src/auth/googleaut
h.js
    ./node_modules/go
ogle-auth-library/bui
ld/src/index.js
    ./node_modules/go
ogleapis/build/src/in
dex.js
    ./src/app/api/aut
h/google-drive/callba
ck/route.ts

  #2 [App Route]:
    ./node_modules/go
ogle-auth-library/bui
ld/src/auth/certifica
tesubjecttokensupplie
r.js
    ./node_modules/go
ogle-auth-library/bui
ld/src/auth/identityp
oolclient.js
    ./node_modules/go
ogle-auth-library/bui
ld/src/index.js
    ./node_modules/go
ogleapis/build/src/in
dex.js
    ./src/app/api/aut
h/google-drive/callba
ck/route.ts

  #3 [Server 
Component]:
    ./node_modules/go
ogle-auth-library/bui
ld/src/auth/certifica
tesubjecttokensupplie
r.js
    ./node_modules/go
ogle-auth-library/bui
ld/src/auth/identityp
oolclient.js
    ./node_modules/go
ogle-auth-library/bui
ld/src/index.js
    ./node_modules/go
ogleapis/build/src/in
dex.js
    ./src/lib/storage
-providers/google-dri
ve.ts
    ./src/actions/res
ource.ts
    ./src/app/dashboa
rd/collection/[id]/pa
ge.tsx

  #4 [Client 
Component Browser]:
    ./node_modules/go
ogle-auth-library/bui
ld/src/auth/certifica
tesubjecttokensupplie
r.js [Client 
Component Browser]
    ./node_modules/go
ogle-auth-library/bui
ld/src/auth/identityp
oolclient.js [Client 
Component Browser]
    ./node_modules/go
ogle-auth-library/bui
ld/src/index.js 
[Client Component 
Browser]
    ./node_modules/go
ogleapis/build/src/in
dex.js [Client 
Component Browser]
    ./src/lib/storage
-providers/google-dri
ve.ts [Client 
Component Browser]
    ./src/lib/storage
-providers/factory.ts
 [Client Component 
Browser]
    ./src/actions/upl
oad.ts [Client 
Component Browser]
    ./src/components/
admin/BadgeEditor.tsx
 [Client Component 
Browser]
    ./src/components/
admin/BadgeManager.ts
x [Client Component 
Browser]
    ./src/components/
admin/BadgeManager.ts
x [Server Component]
    ./src/app/dashboa
rd/admin/gamification
/page.tsx [Server 
Component]

  #5 [Client 
Component SSR]:
    ./node_modules/go
ogle-auth-library/bui
ld/src/auth/certifica
tesubjecttokensupplie
r.js [Client 
Component SSR]
    ./node_modules/go
ogle-auth-library/bui
ld/src/auth/identityp
oolclient.js [Client 
Component SSR]
    ./node_modules/go
ogle-auth-library/bui
ld/src/index.js 
[Client Component 
SSR]
    ./node_modules/go
ogleapis/build/src/in
dex.js [Client 
Component SSR]
    ./src/lib/storage
-providers/google-dri
ve.ts [Client 
Component SSR]
    ./src/lib/storage
-providers/factory.ts
 [Client Component 
SSR]
    ./src/actions/upl
oad.ts [Client 
Component SSR]
    ./src/components/
admin/BadgeEditor.tsx
 [Client Component 
SSR]
    ./src/components/
admin/BadgeManager.ts
x [Client Component 
SSR]
    ./src/components/
admin/BadgeManager.ts
x [Server Component]
    ./src/app/dashboa
rd/admin/gamification
/page.tsx [Server 
Component]

https://nextjs.org/do
cs/messages/module-no
t-found


./node_modules/google
-auth-library/build/s
rc/auth/filesubjectto
kensupplier.js:18:12
Module not found: 
Can't resolve 'fs'
[0m [90m 16 |[39m 
exports[33m.[39m[3
3mFileSubjectTokenSup
plier[39m 
[33m=[39m 
[36mvoid[39m [35m0
[39m[33m;[39m
 [90m 17 |[39m 
[36mconst[39m 
util_1 [33m=[39m re
quire([32m"util"[39
m)[33m;[39m
[31m[1m>[22m[39m
[90m 18 |[39m 
[36mconst[39m fs 
[33m=[39m require(
[32m"fs"[39m)[33m;
[39m
 [90m    |[39m     
       [31m[1m^[22
m[39m[31m[1m^[22m
[39m[31m[1m^[22m
[39m[31m[1m^[22m[
39m[31m[1m^[22m[3
9m[31m[1m^[22m[39
m[31m[1m^[22m[39m
[31m[1m^[22m[39m
[31m[1m^[22m[39m[
31m[1m^[22m[39m[3
1m[1m^[22m[39m[31
m[1m^[22m[39m[31m
[1m^[22m[39m
 [90m 19 |[39m 
[90m// fs.readfile 
is undefined in 
browser karma tests 
causing[39m
 [90m 20 |[39m 
[90m// `npm run 
browser-test` to 
fail as 
test.oauth2.ts 
imports this file 
via[39m
 [90m 21 |[39m 
[90m// src/index.ts.
[39m[0m



Import traces:
  #1 [App Route]:
    ./node_modules/go
ogle-auth-library/bui
ld/src/auth/filesubje
cttokensupplier.js
    ./node_modules/go
ogle-auth-library/bui
ld/src/auth/googleaut
h.js
    ./node_modules/go
ogle-auth-library/bui
ld/src/index.js
    ./node_modules/go
ogleapis/build/src/in
dex.js
    ./src/app/api/aut
h/google-drive/callba
ck/route.ts

  #2 [App Route]:
    ./node_modules/go
ogle-auth-library/bui
ld/src/auth/filesubje
cttokensupplier.js
    ./node_modules/go
ogle-auth-library/bui
ld/src/auth/identityp
oolclient.js
    ./node_modules/go
ogle-auth-library/bui
ld/src/index.js
    ./node_modules/go
ogleapis/build/src/in
dex.js
    ./src/app/api/aut
h/google-drive/callba
ck/route.ts

  #3 [Server 
Component]:
    ./node_modules/go
ogle-auth-library/bui
ld/src/auth/filesubje
cttokensupplier.js
    ./node_modules/go
ogle-auth-library/bui
ld/src/auth/identityp
oolclient.js
    ./node_modules/go
ogle-auth-library/bui
ld/src/index.js
    ./node_modules/go
ogleapis/build/src/in
dex.js
    ./src/lib/storage
-providers/google-dri
ve.ts
    ./src/actions/res
ource.ts
    ./src/app/dashboa
rd/collection/[id]/pa
ge.tsx

  #4 [Client 
Component Browser]:
    ./node_modules/go
ogle-auth-library/bui
ld/src/auth/filesubje
cttokensupplier.js 
[Client Component 
Browser]
    ./node_modules/go
ogle-auth-library/bui
ld/src/auth/identityp
oolclient.js [Client 
Component Browser]
    ./node_modules/go
ogle-auth-library/bui
ld/src/index.js 
[Client Component 
Browser]
    ./node_modules/go
ogleapis/build/src/in
dex.js [Client 
Component Browser]
    ./src/lib/storage
-providers/google-dri
ve.ts [Client 
Component Browser]
    ./src/lib/storage
-providers/factory.ts
 [Client Component 
Browser]
    ./src/actions/upl
oad.ts [Client 
Component Browser]
    ./src/components/
admin/BadgeEditor.tsx
 [Client Component 
Browser]
    ./src/components/
admin/BadgeManager.ts
x [Client Component 
Browser]
    ./src/components/
admin/BadgeManager.ts
x [Server Component]
    ./src/app/dashboa
rd/admin/gamification
/page.tsx [Server 
Component]

  #5 [Client 
Component SSR]:
    ./node_modules/go
ogle-auth-library/bui
ld/src/auth/filesubje
cttokensupplier.js 
[Client Component 
SSR]
    ./node_modules/go
ogle-auth-library/bui
ld/src/auth/identityp
oolclient.js [Client 
Component SSR]
    ./node_modules/go
ogle-auth-library/bui
ld/src/index.js 
[Client Component 
SSR]
    ./node_modules/go
ogleapis/build/src/in
dex.js [Client 
Component SSR]
    ./src/lib/storage
-providers/google-dri
ve.ts [Client 
Component SSR]
    ./src/lib/storage
-providers/factory.ts
 [Client Component 
SSR]
    ./src/actions/upl
oad.ts [Client 
Component SSR]
    ./src/components/
admin/BadgeEditor.tsx
 [Client Component 
SSR]
    ./src/components/
admin/BadgeManager.ts
x [Client Component 
SSR]
    ./src/components/
admin/BadgeManager.ts
x [Server Component]
    ./src/app/dashboa
rd/admin/gamification
/page.tsx [Server 
Component]

https://nextjs.org/do
cs/messages/module-no
t-found


./node_modules/google
-auth-library/build/s
rc/auth/googleauth.js
:18:12
Module not found: 
Can't resolve 'fs'
[0m [90m 16 |[39m 
exports[33m.[39m[3
3mGoogleAuth[39m 
[33m=[39m exports[
33m.[39m[33mGoogleA
uthExceptionMessages
[39m [33m=[39m 
[36mvoid[39m [35m0
[39m[33m;[39m
 [90m 17 |[39m 
[36mconst[39m 
child_process_1 
[33m=[39m require(
[32m"child_process"[
39m)[33m;[39m
[31m[1m>[22m[39m
[90m 18 |[39m 
[36mconst[39m fs 
[33m=[39m require(
[32m"fs"[39m)[33m;
[39m
 [90m    |[39m     
       [31m[1m^[22
m[39m[31m[1m^[22m
[39m[31m[1m^[22m
[39m[31m[1m^[22m[
39m[31m[1m^[22m[3
9m[31m[1m^[22m[39
m[31m[1m^[22m[39m
[31m[1m^[22m[39m
[31m[1m^[22m[39m[
31m[1m^[22m[39m[3
1m[1m^[22m[39m[31
m[1m^[22m[39m[31m
[1m^[22m[39m
 [90m 19 |[39m 
[36mconst[39m 
gaxios_1 [33m=[39m 
require([32m"gaxios"
[39m)[33m;[39m
 [90m 20 |[39m 
[36mconst[39m 
gcpMetadata 
[33m=[39m require(
[32m"gcp-metadata"[3
9m)[33m;[39m
 [90m 21 |[39m 
[36mconst[39m os 
[33m=[39m require(
[32m"os"[39m)[33m;
[39m[0m



Import traces:
  App Route:
    ./node_modules/go
ogle-auth-library/bui
ld/src/auth/googleaut
h.js
    ./node_modules/go
ogle-auth-library/bui
ld/src/index.js
    ./node_modules/go
ogleapis/build/src/in
dex.js
    ./src/app/api/aut
h/google-drive/callba
ck/route.ts

  Server Component:
    ./node_modules/go
ogle-auth-library/bui
ld/src/auth/googleaut
h.js
    ./node_modules/go
ogle-auth-library/bui
ld/src/index.js
    ./node_modules/go
ogleapis/build/src/in
dex.js
    ./src/lib/storage
-providers/google-dri
ve.ts
    ./src/actions/res
ource.ts
    ./src/app/dashboa
rd/collection/[id]/pa
ge.tsx

  Client Component 
Browser:
    ./node_modules/go
ogle-auth-library/bui
ld/src/auth/googleaut
h.js [Client 
Component Browser]
    ./node_modules/go
ogle-auth-library/bui
ld/src/index.js 
[Client Component 
Browser]
    ./node_modules/go
ogleapis/build/src/in
dex.js [Client 
Component Browser]
    ./src/lib/storage
-providers/google-dri
ve.ts [Client 
Component Browser]
    ./src/lib/storage
-providers/factory.ts
 [Client Component 
Browser]
    ./src/actions/upl
oad.ts [Client 
Component Browser]
    ./src/components/
admin/BadgeEditor.tsx
 [Client Component 
Browser]
    ./src/components/
admin/BadgeManager.ts
x [Client Component 
Browser]
    ./src/components/
admin/BadgeManager.ts
x [Server Component]
    ./src/app/dashboa
rd/admin/gamification
/page.tsx [Server 
Component]

  Client Component 
SSR:
    ./node_modules/go
ogle-auth-library/bui
ld/src/auth/googleaut
h.js [Client 
Component SSR]
    ./node_modules/go
ogle-auth-library/bui
ld/src/index.js 
[Client Component 
SSR]
    ./node_modules/go
ogleapis/build/src/in
dex.js [Client 
Component SSR]
    ./src/lib/storage
-providers/google-dri
ve.ts [Client 
Component SSR]
    ./src/lib/storage
-providers/factory.ts
 [Client Component 
SSR]
    ./src/actions/upl
oad.ts [Client 
Component SSR]
    ./src/components/
admin/BadgeEditor.tsx
 [Client Component 
SSR]
    ./src/components/
admin/BadgeManager.ts
x [Client Component 
SSR]
    ./src/components/
admin/BadgeManager.ts
x [Server Component]
    ./src/app/dashboa
rd/admin/gamification
/page.tsx [Server 
Component]

https://nextjs.org/do
cs/messages/module-no
t-found


./node_modules/google
-auth-library/build/s
rc/auth/pluggable-aut
h-handler.js:19:12
Module not found: 
Can't resolve 'fs'
[0m [90m 17 |[39m 
[36mconst[39m execu
table_response_1 
[33m=[39m require(
[32m"./executable-res
ponse"[39m)[33m;[3
9m
 [90m 18 |[39m 
[36mconst[39m 
childProcess 
[33m=[39m require(
[32m"child_process"[
39m)[33m;[39m
[31m[1m>[22m[39m
[90m 19 |[39m 
[36mconst[39m fs 
[33m=[39m require(
[32m"fs"[39m)[33m;
[39m
 [90m    |[39m     
       [31m[1m^[22
m[39m[31m[1m^[22m
[39m[31m[1m^[22m
[39m[31m[1m^[22m[
39m[31m[1m^[22m[3
9m[31m[1m^[22m[39
m[31m[1m^[22m[39m
[31m[1m^[22m[39m
[31m[1m^[22m[39m[
31m[1m^[22m[39m[3
1m[1m^[22m[39m[31
m[1m^[22m[39m[31m
[1m^[22m[39m
 [90m 20 |[39m 
[90m/**[39m
 [90m 21 |[39m 
[90m * Error thrown 
from the executable 
run by PluggableAuthC
lient.[39m
 [90m 22 |[39m 
[90m */[39m[0m



Import traces:
  #1 [App Route]:
    ./node_modules/go
ogle-auth-library/bui
ld/src/auth/pluggable
-auth-handler.js
    ./node_modules/go
ogle-auth-library/bui
ld/src/auth/googleaut
h.js
    ./node_modules/go
ogle-auth-library/bui
ld/src/index.js
    ./node_modules/go
ogleapis/build/src/in
dex.js
    ./src/app/api/aut
h/google-drive/callba
ck/route.ts

  #2 [App Route]:
    ./node_modules/go
ogle-auth-library/bui
ld/src/auth/pluggable
-auth-handler.js
    ./node_modules/go
ogle-auth-library/bui
ld/src/auth/pluggable
-auth-client.js
    ./node_modules/go
ogle-auth-library/bui
ld/src/index.js
    ./node_modules/go
ogleapis/build/src/in
dex.js
    ./src/app/api/aut
h/google-drive/callba
ck/route.ts

  #3 [Server 
Component]:
    ./node_modules/go
ogle-auth-library/bui
ld/src/auth/pluggable
-auth-handler.js
    ./node_modules/go
ogle-auth-library/bui
ld/src/auth/pluggable
-auth-client.js
    ./node_modules/go
ogle-auth-library/bui
ld/src/index.js
    ./node_modules/go
ogleapis/build/src/in
dex.js
    ./src/lib/storage
-providers/google-dri
ve.ts
    ./src/actions/res
ource.ts
    ./src/app/dashboa
rd/collection/[id]/pa
ge.tsx

  #4 [Client 
Component Browser]:
    ./node_modules/go
ogle-auth-library/bui
ld/src/auth/pluggable
-auth-handler.js 
[Client Component 
Browser]
    ./node_modules/go
ogle-auth-library/bui
ld/src/auth/pluggable
-auth-client.js 
[Client Component 
Browser]
    ./node_modules/go
ogle-auth-library/bui
ld/src/index.js 
[Client Component 
Browser]
    ./node_modules/go
ogleapis/build/src/in
dex.js [Client 
Component Browser]
    ./src/lib/storage
-providers/google-dri
ve.ts [Client 
Component Browser]
    ./src/lib/storage
-providers/factory.ts
 [Client Component 
Browser]
    ./src/actions/upl
oad.ts [Client 
Component Browser]
    ./src/components/
admin/BadgeEditor.tsx
 [Client Component 
Browser]
    ./src/components/
admin/BadgeManager.ts
x [Client Component 
Browser]
    ./src/components/
admin/BadgeManager.ts
x [Server Component]
    ./src/app/dashboa
rd/admin/gamification
/page.tsx [Server 
Component]

  #5 [Client 
Component SSR]:
    ./node_modules/go
ogle-auth-library/bui
ld/src/auth/pluggable
-auth-handler.js 
[Client Component 
SSR]
    ./node_modules/go
ogle-auth-library/bui
ld/src/auth/pluggable
-auth-client.js 
[Client Component 
SSR]
    ./node_modules/go
ogle-auth-library/bui
ld/src/index.js 
[Client Component 
SSR]
    ./node_modules/go
ogleapis/build/src/in
dex.js [Client 
Component SSR]
    ./src/lib/storage
-providers/google-dri
ve.ts [Client 
Component SSR]
    ./src/lib/storage
-providers/factory.ts
 [Client Component 
SSR]
    ./src/actions/upl
oad.ts [Client 
Component SSR]
    ./src/components/
admin/BadgeEditor.tsx
 [Client Component 
SSR]
    ./src/components/
admin/BadgeManager.ts
x [Client Component 
SSR]
    ./src/components/
admin/BadgeManager.ts
x [Server Component]
    ./src/app/dashboa
rd/admin/gamification
/page.tsx [Server 
Component]

https://nextjs.org/do
cs/messages/module-no
t-found


./node_modules/google
-auth-library/build/s
rc/util.js:22:12
Module not found: 
Can't resolve 'fs'
[0m [90m 20 |[39m 
exports[33m.[39misV
alidFile [33m=[39m 
isValidFile[33m;[39
m
 [90m 21 |[39m expo
rts[33m.[39mgetWell
KnownCertificateConfi
gFileLocation 
[33m=[39m getWellKn
ownCertificateConfigF
ileLocation[33m;[39
m
[31m[1m>[22m[39m
[90m 22 |[39m 
[36mconst[39m fs 
[33m=[39m require(
[32m"fs"[39m)[33m;
[39m
 [90m    |[39m     
       [31m[1m^[22
m[39m[31m[1m^[22m
[39m[31m[1m^[22m
[39m[31m[1m^[22m[
39m[31m[1m^[22m[3
9m[31m[1m^[22m[39
m[31m[1m^[22m[39m
[31m[1m^[22m[39m
[31m[1m^[22m[39m[
31m[1m^[22m[39m[3
1m[1m^[22m[39m[31
m[1m^[22m[39m[31m
[1m^[22m[39m
 [90m 23 |[39m 
[36mconst[39m os 
[33m=[39m require(
[32m"os"[39m)[33m;
[39m
 [90m 24 |[39m 
[36mconst[39m path 
[33m=[39m require(
[32m"path"[39m)[33m
;[39m
 [90m 25 |[39m 
[36mconst[39m [33m
WELL_KNOWN_CERTIFICAT
E_CONFIG_FILE[39m 
[33m=[39m [32m'cer
tificate_config.json'
[39m[33m;[39m[0m



Import traces:
  App Route:
    ./node_modules/go
ogle-auth-library/bui
ld/src/util.js
    ./node_modules/go
ogle-auth-library/bui
ld/src/auth/baseexter
nalclient.js
    ./node_modules/go
ogle-auth-library/bui
ld/src/index.js
    ./node_modules/go
ogleapis/build/src/in
dex.js
    ./src/app/api/aut
h/google-drive/callba
ck/route.ts

  Server Component:
    ./node_modules/go
ogle-auth-library/bui
ld/src/util.js
    ./node_modules/go
ogle-auth-library/bui
ld/src/auth/baseexter
nalclient.js
    ./node_modules/go
ogle-auth-library/bui
ld/src/index.js
    ./node_modules/go
ogleapis/build/src/in
dex.js
    ./src/lib/storage
-providers/google-dri
ve.ts
    ./src/actions/sto
rage.ts
    ./src/app/dashboa
rd/settings/storage/p
age.tsx

  Client Component 
Browser:
    ./node_modules/go
ogle-auth-library/bui
ld/src/util.js 
[Client Component 
Browser]
    ./node_modules/go
ogle-auth-library/bui
ld/src/auth/baseexter
nalclient.js [Client 
Component Browser]
    ./node_modules/go
ogle-auth-library/bui
ld/src/index.js 
[Client Component 
Browser]
    ./node_modules/go
ogleapis/build/src/in
dex.js [Client 
Component Browser]
    ./src/lib/storage
-providers/google-dri
ve.ts [Client 
Component Browser]
    ./src/lib/storage
-providers/factory.ts
 [Client Component 
Browser]
    ./src/actions/upl
oad.ts [Client 
Component Browser]
    ./src/components/
admin/BadgeEditor.tsx
 [Client Component 
Browser]
    ./src/components/
admin/BadgeManager.ts
x [Client Component 
Browser]
    ./src/components/
admin/BadgeManager.ts
x [Server Component]
    ./src/app/dashboa
rd/admin/gamification
/page.tsx [Server 
Component]

  Client Component 
SSR:
    ./node_modules/go
ogle-auth-library/bui
ld/src/util.js 
[Client Component 
SSR]
    ./node_modules/go
ogle-auth-library/bui
ld/src/auth/baseexter
nalclient.js [Client 
Component SSR]
    ./node_modules/go
ogle-auth-library/bui
ld/src/index.js 
[Client Component 
SSR]
    ./node_modules/go
ogleapis/build/src/in
dex.js [Client 
Component SSR]
    ./src/lib/storage
-providers/google-dri
ve.ts [Client 
Component SSR]
    ./src/lib/storage
-providers/factory.ts
 [Client Component 
SSR]
    ./src/actions/upl
oad.ts [Client 
Component SSR]
    ./src/components/
admin/BadgeEditor.tsx
 [Client Component 
SSR]
    ./src/components/
admin/BadgeManager.ts
x [Client Component 
SSR]
    ./src/components/
admin/BadgeManager.ts
x [Server Component]
    ./src/app/dashboa
rd/admin/gamification
/page.tsx [Server 
Component]

https://nextjs.org/do
cs/messages/module-no
t-found


./node_modules/google
-auth-library/node_mo
dules/gcp-metadata/bu
ild/src/gcp-residency
.js:24:14
Module not found: 
Can't resolve 'fs'
[0m [90m 22 |[39m 
exports[33m.[39misG
oogleComputeEngine 
[33m=[39m isGoogleC
omputeEngine[33m;[3
9m
 [90m 23 |[39m expo
rts[33m.[39mdetectG
CPResidency 
[33m=[39m detectGCP
Residency[33m;[39m
[31m[1m>[22m[39m
[90m 24 |[39m 
[36mconst[39m fs_1 
[33m=[39m require(
[32m"fs"[39m)[33m;
[39m
 [90m    |[39m     
         [31m[1m^[
22m[39m[31m[1m^[2
2m[39m[31m[1m^[22
m[39m[31m[1m^[22m
[39m[31m[1m^[22m
[39m[31m[1m^[22m[
39m[31m[1m^[22m[3
9m[31m[1m^[22m[39
m[31m[1m^[22m[39m
[31m[1m^[22m[39m
[31m[1m^[22m[39m[
31m[1m^[22m[39m[3
1m[1m^[22m[39m
 [90m 25 |[39m 
[36mconst[39m os_1 
[33m=[39m require(
[32m"os"[39m)[33m;
[39m
 [90m 26 |[39m 
[90m/**[39m
 [90m 27 |[39m 
[90m * Known paths 
unique to Google 
Compute Engine Linux 
instances[39m[0m



Import traces:
  App Route:
    ./node_modules/go
ogle-auth-library/nod
e_modules/gcp-metadat
a/build/src/gcp-resid
ency.js
    ./node_modules/go
ogle-auth-library/nod
e_modules/gcp-metadat
a/build/src/index.js
    ./node_modules/go
ogle-auth-library/bui
ld/src/index.js
    ./node_modules/go
ogleapis/build/src/in
dex.js
    ./src/app/api/aut
h/google-drive/callba
ck/route.ts

  Server Component:
    ./node_modules/go
ogle-auth-library/nod
e_modules/gcp-metadat
a/build/src/gcp-resid
ency.js
    ./node_modules/go
ogle-auth-library/nod
e_modules/gcp-metadat
a/build/src/index.js
    ./node_modules/go
ogle-auth-library/bui
ld/src/index.js
    ./node_modules/go
ogleapis/build/src/in
dex.js
    ./src/lib/storage
-providers/google-dri
ve.ts
    ./src/actions/res
ource.ts
    ./src/app/dashboa
rd/collection/[id]/pa
ge.tsx

  Client Component 
Browser:
    ./node_modules/go
ogle-auth-library/nod
e_modules/gcp-metadat
a/build/src/gcp-resid
ency.js [Client 
Component Browser]
    ./node_modules/go
ogle-auth-library/nod
e_modules/gcp-metadat
a/build/src/index.js 
[Client Component 
Browser]
    ./node_modules/go
ogle-auth-library/bui
ld/src/index.js 
[Client Component 
Browser]
    ./node_modules/go
ogleapis/build/src/in
dex.js [Client 
Component Browser]
    ./src/lib/storage
-providers/google-dri
ve.ts [Client 
Component Browser]
    ./src/lib/storage
-providers/factory.ts
 [Client Component 
Browser]
    ./src/actions/upl
oad.ts [Client 
Component Browser]
    ./src/components/
admin/BadgeEditor.tsx
 [Client Component 
Browser]
    ./src/components/
admin/BadgeManager.ts
x [Client Component 
Browser]
    ./src/components/
admin/BadgeManager.ts
x [Server Component]
    ./src/app/dashboa
rd/admin/gamification
/page.tsx [Server 
Component]

  Client Component 
SSR:
    ./node_modules/go
ogle-auth-library/nod
e_modules/gcp-metadat
a/build/src/gcp-resid
ency.js [Client 
Component SSR]
    ./node_modules/go
ogle-auth-library/nod
e_modules/gcp-metadat
a/build/src/index.js 
[Client Component 
SSR]
    ./node_modules/go
ogle-auth-library/bui
ld/src/index.js 
[Client Component 
SSR]
    ./node_modules/go
ogleapis/build/src/in
dex.js [Client 
Component SSR]
    ./src/lib/storage
-providers/google-dri
ve.ts [Client 
Component SSR]
    ./src/lib/storage
-providers/factory.ts
 [Client Component 
SSR]
    ./src/actions/upl
oad.ts [Client 
Component SSR]
    ./src/components/
admin/BadgeEditor.tsx
 [Client Component 
SSR]
    ./src/components/
admin/BadgeManager.ts
x [Client Component 
SSR]
    ./src/components/
admin/BadgeManager.ts
x [Server Component]
    ./src/app/dashboa
rd/admin/gamification
/page.tsx [Server 
Component]

https://nextjs.org/do
cs/messages/module-no
t-found


./node_modules/google
apis-common/build/src
/discovery.js:16:12
Module not found: 
Can't resolve 'fs'
[0m [90m 14 |[39m 
[33mObject[39m[33m
.[39mdefineProperty(
exports[33m,[39m [
32m"__esModule"[39m
[33m,[39m { 
value[33m:[39m 
[36mtrue[39m 
})[33m;[39m
 [90m 15 |[39m expo
rts[33m.[39m[33mDi
scovery[39m 
[33m=[39m 
[36mvoid[39m [35m0
[39m[33m;[39m
[31m[1m>[22m[39m
[90m 16 |[39m 
[36mconst[39m fs 
[33m=[39m require(
[32m"fs"[39m)[33m;
[39m
 [90m    |[39m     
       [31m[1m^[22
m[39m[31m[1m^[22m
[39m[31m[1m^[22m
[39m[31m[1m^[22m[
39m[31m[1m^[22m[3
9m[31m[1m^[22m[39
m[31m[1m^[22m[39m
[31m[1m^[22m[39m
[31m[1m^[22m[39m[
31m[1m^[22m[39m[3
1m[1m^[22m[39m[31
m[1m^[22m[39m[31m
[1m^[22m[39m
 [90m 17 |[39m 
[36mconst[39m 
gaxios_1 [33m=[39m 
require([32m"gaxios"
[39m)[33m;[39m
 [90m 18 |[39m 
[36mconst[39m 
resolve [33m=[39m r
equire([32m"url"[39
m)[33m;[39m
 [90m 19 |[39m 
[36mconst[39m util 
[33m=[39m require(
[32m"util"[39m)[33m
;[39m[0m



Import traces:
  App Route:
    ./node_modules/go
ogleapis-common/build
/src/discovery.js
    ./node_modules/go
ogleapis-common/build
/src/index.js
    ./node_modules/go
ogleapis/build/src/in
dex.js
    ./src/app/api/aut
h/google-drive/callba
ck/route.ts

  Server Component:
    ./node_modules/go
ogleapis-common/build
/src/discovery.js
    ./node_modules/go
ogleapis-common/build
/src/index.js
    ./node_modules/go
ogleapis/build/src/in
dex.js
    ./src/lib/storage
-providers/google-dri
ve.ts
    ./src/actions/res
ource.ts
    ./src/app/dashboa
rd/collection/[id]/pa
ge.tsx

  Client Component 
Browser:
    ./node_modules/go
ogleapis-common/build
/src/discovery.js 
[Client Component 
Browser]
    ./node_modules/go
ogleapis-common/build
/src/index.js 
[Client Component 
Browser]
    ./node_modules/go
ogleapis/build/src/in
dex.js [Client 
Component Browser]
    ./src/lib/storage
-providers/google-dri
ve.ts [Client 
Component Browser]
    ./src/lib/storage
-providers/factory.ts
 [Client Component 
Browser]
    ./src/actions/upl
oad.ts [Client 
Component Browser]
    ./src/components/
admin/BadgeEditor.tsx
 [Client Component 
Browser]
    ./src/components/
admin/BadgeManager.ts
x [Client Component 
Browser]
    ./src/components/
admin/BadgeManager.ts
x [Server Component]
    ./src/app/dashboa
rd/admin/gamification
/page.tsx [Server 
Component]

  Client Component 
SSR:
    ./node_modules/go
ogleapis-common/build
/src/discovery.js 
[Client Component 
SSR]
    ./node_modules/go
ogleapis-common/build
/src/index.js 
[Client Component 
SSR]
    ./node_modules/go
ogleapis/build/src/in
dex.js [Client 
Component SSR]
    ./src/lib/storage
-providers/google-dri
ve.ts [Client 
Component SSR]
    ./src/lib/storage
-providers/factory.ts
 [Client Component 
SSR]
    ./src/actions/upl
oad.ts [Client 
Component SSR]
    ./src/components/
admin/BadgeEditor.tsx
 [Client Component 
SSR]
    ./src/components/
admin/BadgeManager.ts
x [Client Component 
SSR]
    ./src/components/
admin/BadgeManager.ts
x [Server Component]
    ./src/app/dashboa
rd/admin/gamification
/page.tsx [Server 
Component]

https://nextjs.org/do
cs/messages/module-no
t-found


./node_modules/gtoken
/build/cjs/src/index.
cjs:7:34
Module not found: 
Can't resolve 'fs'
[0m [90m  5 |[39m 
})[33m;[39m
 [90m  6 |[39m expo
rts[33m.[39m[33mGo
ogleToken[39m 
[33m=[39m 
[36mvoid[39m [35m0
[39m[33m;[39m
[31m[1m>[22m[39m
[90m  7 |[39m 
[36mvar[39m fs 
[33m=[39m _interopR
equireWildcard(requir
e([32m"fs"[39m))[3
3m;[39m
 [90m    |[39m     
                     
        [31m[1m^[2
2m[39m[31m[1m^[22
m[39m[31m[1m^[22m
[39m[31m[1m^[22m
[39m[31m[1m^[22m[
39m[31m[1m^[22m[3
9m[31m[1m^[22m[39
m[31m[1m^[22m[39m
[31m[1m^[22m[39m
[31m[1m^[22m[39m[
31m[1m^[22m[39m[3
1m[1m^[22m[39m[31
m[1m^[22m[39m
 [90m  8 |[39m 
[36mvar[39m 
_gaxios [33m=[39m r
equire([32m"gaxios"
[39m)[33m;[39m
 [90m  9 |[39m 
[36mvar[39m jws 
[33m=[39m _interopR
equireWildcard(requir
e([32m"jws"[39m))[
33m;[39m
 [90m 10 |[39m 
[36mvar[39m path 
[33m=[39m _interopR
equireWildcard(requir
e([32m"path"[39m))
[33m;[39m[0m



Import traces:
  App Route:
    ./node_modules/gt
oken/build/cjs/src/in
dex.cjs
    ./node_modules/go
ogle-auth-library/bui
ld/src/auth/jwtclient
.js
    ./node_modules/go
ogle-auth-library/bui
ld/src/index.js
    ./node_modules/go
ogleapis/build/src/in
dex.js
    ./src/app/api/aut
h/google-drive/callba
ck/route.ts

  Server Component:
    ./node_modules/gt
oken/build/cjs/src/in
dex.cjs
    ./node_modules/go
ogle-auth-library/bui
ld/src/auth/jwtclient
.js
    ./node_modules/go
ogle-auth-library/bui
ld/src/index.js
    ./node_modules/go
ogleapis/build/src/in
dex.js
    ./src/lib/storage
-providers/google-dri
ve.ts
    ./src/actions/res
ource.ts
    ./src/app/dashboa
rd/collection/[id]/pa
ge.tsx

  Client Component 
Browser:
    ./node_modules/gt
oken/build/cjs/src/in
dex.cjs [Client 
Component Browser]
    ./node_modules/go
ogle-auth-library/bui
ld/src/auth/jwtclient
.js [Client 
Component Browser]
    ./node_modules/go
ogle-auth-library/bui
ld/src/index.js 
[Client Component 
Browser]
    ./node_modules/go
ogleapis/build/src/in
dex.js [Client 
Component Browser]
    ./src/lib/storage
-providers/google-dri
ve.ts [Client 
Component Browser]
    ./src/lib/storage
-providers/factory.ts
 [Client Component 
Browser]
    ./src/actions/upl
oad.ts [Client 
Component Browser]
    ./src/components/
admin/BadgeEditor.tsx
 [Client Component 
Browser]
    ./src/components/
admin/BadgeManager.ts
x [Client Component 
Browser]
    ./src/components/
admin/BadgeManager.ts
x [Server Component]
    ./src/app/dashboa
rd/admin/gamification
/page.tsx [Server 
Component]

  Client Component 
SSR:
    ./node_modules/gt
oken/build/cjs/src/in
dex.cjs [Client 
Component SSR]
    ./node_modules/go
ogle-auth-library/bui
ld/src/auth/jwtclient
.js [Client 
Component SSR]
    ./node_modules/go
ogle-auth-library/bui
ld/src/index.js 
[Client Component 
SSR]
    ./node_modules/go
ogleapis/build/src/in
dex.js [Client 
Component SSR]
    ./src/lib/storage
-providers/google-dri
ve.ts [Client 
Component SSR]
    ./src/lib/storage
-providers/factory.ts
 [Client Component 
SSR]
    ./src/actions/upl
oad.ts [Client 
Component SSR]
    ./src/components/
admin/BadgeEditor.tsx
 [Client Component 
SSR]
    ./src/components/
admin/BadgeManager.ts
x [Client Component 
SSR]
    ./src/components/
admin/BadgeManager.ts
x [Server Component]
    ./src/app/dashboa
rd/admin/gamification
/page.tsx [Server 
Component]

https://nextjs.org/do
cs/messages/module-no
t-found


./node_modules/mongod
b/lib/cmap/auth/mongo
db_oidc/token_machine
_workflow.js:4:12
Module not found: 
Can't resolve 'fs'
[0m [90m 2 |[39m 
[33mObject[39m[33m.
[39mdefineProperty(e
xports[33m,[39m [3
2m"__esModule"[39m[
33m,[39m { 
value[33m:[39m 
[36mtrue[39m 
})[33m;[39m
 [90m 3 |[39m expor
ts[33m.[39mcallback
 [33m=[39m 
[36mvoid[39m [35m0
[39m[33m;[39m
[31m[1m>[22m[39m
[90m 4 |[39m 
[36mconst[39m fs 
[33m=[39m require(
[32m"fs"[39m)[33m;
[39m
 [90m   |[39m      
      [31m[1m^[22m
[39m[31m[1m^[22m
[39m[31m[1m^[22m[
39m[31m[1m^[22m[3
9m[31m[1m^[22m[39
m[31m[1m^[22m[39m
[31m[1m^[22m[39m
[31m[1m^[22m[39m[
31m[1m^[22m[39m[3
1m[1m^[22m[39m[31
m[1m^[22m[39m[31m
[1m^[22m[39m[31m
[1m^[22m[39m
 [90m 5 |[39m 
[36mconst[39m 
error_1 [33m=[39m r
equire([32m"../../..
/error"[39m)[33m;[
39m
 [90m 6 |[39m 
[90m/** Error for 
when the token is 
missing in the 
environment. */[39m
 [90m 7 |[39m 
[36mconst[39m [33m
TOKEN_MISSING_ERROR[
39m [33m=[39m [32m
'OIDC_TOKEN_FILE 
must be set in the en
vironment.'[39m[33m
;[39m[0m



Import trace:
  Client Component 
Browser:
    ./node_modules/mo
ngodb/lib/cmap/auth/m
ongodb_oidc/token_mac
hine_workflow.js 
[Client Component 
Browser]
    ./node_modules/mo
ngodb/lib/cmap/auth/m
ongodb_oidc.js 
[Client Component 
Browser]
    ./node_modules/mo
ngodb/lib/mongo_clien
t_auth_providers.js 
[Client Component 
Browser]
    ./node_modules/mo
ngodb/lib/index.js 
[Client Component 
Browser]
    ./node_modules/@a
uth/mongodb-adapter/i
ndex.js [Client 
Component Browser]
    ./src/auth.ts 
[Client Component 
Browser]
    ./src/actions/upl
oad.ts [Client 
Component Browser]
    ./src/components/
admin/BadgeEditor.tsx
 [Client Component 
Browser]
    ./src/components/
admin/BadgeManager.ts
x [Client Component 
Browser]
    ./src/components/
admin/BadgeManager.ts
x [Server Component]
    ./src/app/dashboa
rd/admin/gamification
/page.tsx [Server 
Component]

https://nextjs.org/do
cs/messages/module-no
t-found


./node_modules/mongod
b/lib/mongo_client.js
:4:14
Module not found: 
Can't resolve 'fs'
[0m [90m 2 |[39m 
[33mObject[39m[33m.
[39mdefineProperty(e
xports[33m,[39m [3
2m"__esModule"[39m[
33m,[39m { 
value[33m:[39m 
[36mtrue[39m 
})[33m;[39m
 [90m 3 |[39m expor
ts[33m.[39m[33mMon
goClient[39m 
[33m=[39m exports[
33m.[39m[33mServerA
piVersion[39m 
[33m=[39m 
[36mvoid[39m [35m0
[39m[33m;[39m
[31m[1m>[22m[39m
[90m 4 |[39m 
[36mconst[39m fs_1 
[33m=[39m require(
[32m"fs"[39m)[33m;
[39m
 [90m   |[39m      
        [31m[1m^[2
2m[39m[31m[1m^[22
m[39m[31m[1m^[22m
[39m[31m[1m^[22m
[39m[31m[1m^[22m[
39m[31m[1m^[22m[3
9m[31m[1m^[22m[39
m[31m[1m^[22m[39m
[31m[1m^[22m[39m
[31m[1m^[22m[39m[
31m[1m^[22m[39m[3
1m[1m^[22m[39m[31
m[1m^[22m[39m
 [90m 5 |[39m 
[36mconst[39m 
bson_1 [33m=[39m re
quire([32m"./bson"[
39m)[33m;[39m
 [90m 6 |[39m 
[36mconst[39m 
change_stream_1 
[33m=[39m require(
[32m"./change_stream"
[39m)[33m;[39m
 [90m 7 |[39m 
[36mconst[39m 
mongo_credentials_1 
[33m=[39m require(
[32m"./cmap/auth/mong
o_credentials"[39m)
[33m;[39m[0m



Import trace:
  Client Component 
Browser:
    ./node_modules/mo
ngodb/lib/mongo_clien
t.js [Client 
Component Browser]
    ./node_modules/mo
ngodb/lib/index.js 
[Client Component 
Browser]
    ./src/lib/clientP
romise.ts [Client 
Component Browser]
    ./src/auth.ts 
[Client Component 
Browser]
    ./src/actions/upl
oad.ts [Client 
Component Browser]
    ./src/components/
admin/BadgeEditor.tsx
 [Client Component 
Browser]
    ./src/components/
admin/BadgeManager.ts
x [Client Component 
Browser]
    ./src/components/
admin/BadgeManager.ts
x [Server Component]
    ./src/app/dashboa
rd/admin/gamification
/page.tsx [Server 
Component]

https://nextjs.org/do
cs/messages/module-no
t-found


./node_modules/mongod
b/lib/utils.js:55:14
Module not found: 
Can't resolve 'fs'
[0m [90m 53 |[39m 
exports[33m.[39mabo
rtable [33m=[39m 
abortable[33m;[39m
 [90m 54 |[39m 
[36mconst[39m 
crypto [33m=[39m re
quire([32m"crypto"[
39m)[33m;[39m
[31m[1m>[22m[39m
[90m 55 |[39m 
[36mconst[39m fs_1 
[33m=[39m require(
[32m"fs"[39m)[33m;
[39m
 [90m    |[39m     
         [31m[1m^[
22m[39m[31m[1m^[2
2m[39m[31m[1m^[22
m[39m[31m[1m^[22m
[39m[31m[1m^[22m
[39m[31m[1m^[22m[
39m[31m[1m^[22m[3
9m[31m[1m^[22m[39
m[31m[1m^[22m[39m
[31m[1m^[22m[39m
[31m[1m^[22m[39m[
31m[1m^[22m[39m[3
1m[1m^[22m[39m
 [90m 56 |[39m 
[36mconst[39m http 
[33m=[39m require(
[32m"http"[39m)[33m
;[39m
 [90m 57 |[39m 
[36mconst[39m 
timers_1 [33m=[39m 
require([32m"timers"
[39m)[33m;[39m
 [90m 58 |[39m 
[36mconst[39m url 
[33m=[39m require(
[32m"url"[39m)[33m;
[39m[0m



Import trace:
  Client Component 
Browser:
    ./node_modules/mo
ngodb/lib/utils.js 
[Client Component 
Browser]
    ./node_modules/mo
ngodb/lib/change_stre
am.js [Client 
Component Browser]
    ./node_modules/mo
ngodb/lib/index.js 
[Client Component 
Browser]
    ./node_modules/@a
uth/mongodb-adapter/i
ndex.js [Client 
Component Browser]
    ./src/auth.ts 
[Client Component 
Browser]
    ./src/actions/upl
oad.ts [Client 
Component Browser]
    ./src/components/
admin/BadgeEditor.tsx
 [Client Component 
Browser]
    ./src/components/
admin/BadgeManager.ts
x [Client Component 
Browser]
    ./src/components/
admin/BadgeManager.ts
x [Server Component]
    ./src/app/dashboa
rd/admin/gamification
/page.tsx [Server 
Component]

https://nextjs.org/do
cs/messages/module-no
t-found


./node_modules/nodema
iler/lib/dkim/index.j
s:10:12
Module not found: 
Can't resolve 'fs'
[0m [90m  8 |[39m 
[36mconst[39m sign 
[33m=[39m require(
[32m'./sign'[39m)[3
3m;[39m
 [90m  9 |[39m 
[36mconst[39m [33m
PassThrough[39m 
[33m=[39m require(
[32m'stream'[39m)[3
3m.[39m[33mPassThro
ugh[39m[33m;[39m
[31m[1m>[22m[39m
[90m 10 |[39m 
[36mconst[39m fs 
[33m=[39m require(
[32m'fs'[39m)[33m;
[39m
 [90m    |[39m     
       [31m[1m^[22
m[39m[31m[1m^[22m
[39m[31m[1m^[22m
[39m[31m[1m^[22m[
39m[31m[1m^[22m[3
9m[31m[1m^[22m[39
m[31m[1m^[22m[39m
[31m[1m^[22m[39m
[31m[1m^[22m[39m[
31m[1m^[22m[39m[3
1m[1m^[22m[39m[31
m[1m^[22m[39m[31m
[1m^[22m[39m
 [90m 11 |[39m 
[36mconst[39m path 
[33m=[39m require(
[32m'path'[39m)[33m
;[39m
 [90m 12 |[39m 
[36mconst[39m 
crypto [33m=[39m re
quire([32m'crypto'[
39m)[33m;[39m
 [90m 13 |[39m[0m



Import traces:
  App Route:
    ./node_modules/no
demailer/lib/dkim/ind
ex.js
    ./node_modules/no
demailer/lib/mailer/i
ndex.js
    ./node_modules/no
demailer/lib/nodemail
er.js
    
./src/lib/email.ts
    ./src/actions/con
tact.ts
    ./src/app/api/cro
n/cleanup-contacts/ro
ute.ts

  Server Component:
    ./node_modules/no
demailer/lib/dkim/ind
ex.js
    ./node_modules/no
demailer/lib/mailer/i
ndex.js
    ./node_modules/no
demailer/lib/nodemail
er.js
    
./src/lib/email.ts
    ./src/actions/con
tact.ts
    ./src/app/contact
/page.tsx

  Client Component 
Browser:
    ./node_modules/no
demailer/lib/dkim/ind
ex.js [Client 
Component Browser]
    ./node_modules/no
demailer/lib/mailer/i
ndex.js [Client 
Component Browser]
    ./node_modules/no
demailer/lib/nodemail
er.js [Client 
Component Browser]
    
./src/lib/email.ts 
[Client Component 
Browser]
    ./src/lib/error-r
eporting.ts [Client 
Component Browser]
    ./src/lib/db.ts 
[Client Component 
Browser]
    ./src/lib/storage
-providers/factory.ts
 [Client Component 
Browser]
    ./src/actions/upl
oad.ts [Client 
Component Browser]
    ./src/components/
admin/BadgeEditor.tsx
 [Client Component 
Browser]
    ./src/components/
admin/BadgeManager.ts
x [Client Component 
Browser]
    ./src/components/
admin/BadgeManager.ts
x [Server Component]
    ./src/app/dashboa
rd/admin/gamification
/page.tsx [Server 
Component]

  Client Component 
SSR:
    ./node_modules/no
demailer/lib/dkim/ind
ex.js [Client 
Component SSR]
    ./node_modules/no
demailer/lib/mailer/i
ndex.js [Client 
Component SSR]
    ./node_modules/no
demailer/lib/nodemail
er.js [Client 
Component SSR]
    
./src/lib/email.ts 
[Client Component 
SSR]
    ./src/lib/error-r
eporting.ts [Client 
Component SSR]
    ./src/lib/db.ts 
[Client Component 
SSR]
    ./src/lib/storage
-providers/factory.ts
 [Client Component 
SSR]
    ./src/actions/upl
oad.ts [Client 
Component SSR]
    ./src/components/
admin/BadgeEditor.tsx
 [Client Component 
SSR]
    ./src/components/
admin/BadgeManager.ts
x [Client Component 
SSR]
    ./src/components/
admin/BadgeManager.ts
x [Server Component]
    ./src/app/dashboa
rd/admin/gamification
/page.tsx [Server 
Component]

https://nextjs.org/do
cs/messages/module-no
t-found


./node_modules/nodema
iler/lib/mime-node/in
dex.js:6:12
Module not found: 
Can't resolve 'fs'
[0m [90m 4 |[39m
 [90m 5 |[39m 
[36mconst[39m 
crypto [33m=[39m re
quire([32m'crypto'[
39m)[33m;[39m
[31m[1m>[22m[39m
[90m 6 |[39m 
[36mconst[39m fs 
[33m=[39m require(
[32m'fs'[39m)[33m;
[39m
 [90m   |[39m      
      [31m[1m^[22m
[39m[31m[1m^[22m
[39m[31m[1m^[22m[
39m[31m[1m^[22m[3
9m[31m[1m^[22m[39
m[31m[1m^[22m[39m
[31m[1m^[22m[39m
[31m[1m^[22m[39m[
31m[1m^[22m[39m[3
1m[1m^[22m[39m[31
m[1m^[22m[39m[31m
[1m^[22m[39m[31m
[1m^[22m[39m
 [90m 7 |[39m 
[36mconst[39m 
punycode [33m=[39m 
require([32m'../puny
code'[39m)[33m;[39
m
 [90m 8 |[39m 
[36mconst[39m [33m
PassThrough[39m 
[33m=[39m require(
[32m'stream'[39m)[3
3m.[39m[33mPassThro
ugh[39m[33m;[39m
 [90m 9 |[39m 
[36mconst[39m 
shared [33m=[39m re
quire([32m'../shared
'[39m)[33m;[39m[0
m



Import traces:
  App Route:
    ./node_modules/no
demailer/lib/mime-nod
e/index.js
    ./node_modules/no
demailer/lib/ses-tran
sport/index.js
    ./node_modules/no
demailer/lib/nodemail
er.js
    
./src/lib/email.ts
    ./src/actions/con
tact.ts
    ./src/app/api/cro
n/cleanup-contacts/ro
ute.ts

  Server Component:
    ./node_modules/no
demailer/lib/mime-nod
e/index.js
    ./node_modules/no
demailer/lib/ses-tran
sport/index.js
    ./node_modules/no
demailer/lib/nodemail
er.js
    
./src/lib/email.ts
    ./src/actions/con
tact.ts
    ./src/app/contact
/page.tsx

  Client Component 
Browser:
    ./node_modules/no
demailer/lib/mime-nod
e/index.js [Client 
Component Browser]
    ./node_modules/no
demailer/lib/ses-tran
sport/index.js 
[Client Component 
Browser]
    ./node_modules/no
demailer/lib/nodemail
er.js [Client 
Component Browser]
    
./src/lib/email.ts 
[Client Component 
Browser]
    ./src/lib/error-r
eporting.ts [Client 
Component Browser]
    ./src/lib/db.ts 
[Client Component 
Browser]
    ./src/lib/storage
-providers/factory.ts
 [Client Component 
Browser]
    ./src/actions/upl
oad.ts [Client 
Component Browser]
    ./src/components/
admin/BadgeEditor.tsx
 [Client Component 
Browser]
    ./src/components/
admin/BadgeManager.ts
x [Client Component 
Browser]
    ./src/components/
admin/BadgeManager.ts
x [Server Component]
    ./src/app/dashboa
rd/admin/gamification
/page.tsx [Server 
Component]

  Client Component 
SSR:
    ./node_modules/no
demailer/lib/mime-nod
e/index.js [Client 
Component SSR]
    ./node_modules/no
demailer/lib/ses-tran
sport/index.js 
[Client Component 
SSR]
    ./node_modules/no
demailer/lib/nodemail
er.js [Client 
Component SSR]
    
./src/lib/email.ts 
[Client Component 
SSR]
    ./src/lib/error-r
eporting.ts [Client 
Component SSR]
    ./src/lib/db.ts 
[Client Component 
SSR]
    ./src/lib/storage
-providers/factory.ts
 [Client Component 
SSR]
    ./src/actions/upl
oad.ts [Client 
Component SSR]
    ./src/components/
admin/BadgeEditor.tsx
 [Client Component 
SSR]
    ./src/components/
admin/BadgeManager.ts
x [Client Component 
SSR]
    ./src/components/
admin/BadgeManager.ts
x [Server Component]
    ./src/app/dashboa
rd/admin/gamification
/page.tsx [Server 
Component]

https://nextjs.org/do
cs/messages/module-no
t-found


./node_modules/nodema
iler/lib/shared/index
.js:7:12
Module not found: 
Can't resolve 'fs'
[0m [90m  5 |[39m 
[36mconst[39m 
urllib [33m=[39m re
quire([32m'url'[39m
)[33m;[39m
 [90m  6 |[39m 
[36mconst[39m util 
[33m=[39m require(
[32m'util'[39m)[33m
;[39m
[31m[1m>[22m[39m
[90m  7 |[39m 
[36mconst[39m fs 
[33m=[39m require(
[32m'fs'[39m)[33m;
[39m
 [90m    |[39m     
       [31m[1m^[22
m[39m[31m[1m^[22m
[39m[31m[1m^[22m
[39m[31m[1m^[22m[
39m[31m[1m^[22m[3
9m[31m[1m^[22m[39
m[31m[1m^[22m[39m
[31m[1m^[22m[39m
[31m[1m^[22m[39m[
31m[1m^[22m[39m[3
1m[1m^[22m[39m[31
m[1m^[22m[39m[31m
[1m^[22m[39m
 [90m  8 |[39m 
[36mconst[39m 
nmfetch [33m=[39m r
equire([32m'../fetch
'[39m)[33m;[39m
 [90m  9 |[39m 
[36mconst[39m dns 
[33m=[39m require(
[32m'dns'[39m)[33m;
[39m
 [90m 10 |[39m 
[36mconst[39m net 
[33m=[39m require(
[32m'net'[39m)[33m;
[39m[0m



Import traces:
  App Route:
    ./node_modules/no
demailer/lib/shared/i
ndex.js
    ./node_modules/no
demailer/lib/nodemail
er.js
    
./src/lib/email.ts
    ./src/actions/con
tact.ts
    ./src/app/api/cro
n/cleanup-contacts/ro
ute.ts

  Server Component:
    ./node_modules/no
demailer/lib/shared/i
ndex.js
    ./node_modules/no
demailer/lib/nodemail
er.js
    
./src/lib/email.ts
    ./src/actions/con
tact.ts
    ./src/app/dashboa
rd/admin/contacts/[id
]/page.tsx

  Client Component 
Browser:
    ./node_modules/no
demailer/lib/shared/i
ndex.js [Client 
Component Browser]
    ./node_modules/no
demailer/lib/nodemail
er.js [Client 
Component Browser]
    
./src/lib/email.ts 
[Client Component 
Browser]
    ./src/lib/error-r
eporting.ts [Client 
Component Browser]
    ./src/lib/db.ts 
[Client Component 
Browser]
    ./src/lib/storage
-providers/factory.ts
 [Client Component 
Browser]
    ./src/actions/upl
oad.ts [Client 
Component Browser]
    ./src/components/
admin/BadgeEditor.tsx
 [Client Component 
Browser]
    ./src/components/
admin/BadgeManager.ts
x [Client Component 
Browser]
    ./src/components/
admin/BadgeManager.ts
x [Server Component]
    ./src/app/dashboa
rd/admin/gamification
/page.tsx [Server 
Component]

  Client Component 
SSR:
    ./node_modules/no
demailer/lib/shared/i
ndex.js [Client 
Component SSR]
    ./node_modules/no
demailer/lib/nodemail
er.js [Client 
Component SSR]
    
./src/lib/email.ts 
[Client Component 
SSR]
    ./src/lib/error-r
eporting.ts [Client 
Component SSR]
    ./src/lib/db.ts 
[Client Component 
SSR]
    ./src/lib/storage
-providers/factory.ts
 [Client Component 
SSR]
    ./src/actions/upl
oad.ts [Client 
Component SSR]
    ./src/components/
admin/BadgeEditor.tsx
 [Client Component 
SSR]
    ./src/components/
admin/BadgeManager.ts
x [Client Component 
SSR]
    ./src/components/
admin/BadgeManager.ts
x [Server Component]
    ./src/app/dashboa
rd/admin/gamification
/page.tsx [Server 
Component]

https://nextjs.org/do
cs/messages/module-no
t-found


./node_modules/mongod
b/lib/client-side-enc
ryption/state_machine
.js:4:12
Module not found: 
Can't resolve 
'fs/promises'
[0m [90m 2 |[39m 
[33mObject[39m[33m.
[39mdefineProperty(e
xports[33m,[39m [3
2m"__esModule"[39m[
33m,[39m { 
value[33m:[39m 
[36mtrue[39m 
})[33m;[39m
 [90m 3 |[39m expor
ts[33m.[39m[33mSta
teMachine[39m 
[33m=[39m 
[36mvoid[39m [35m0
[39m[33m;[39m
[31m[1m>[22m[39m
[90m 4 |[39m 
[36mconst[39m fs 
[33m=[39m require(
[32m"fs/promises"[39
m)[33m;[39m
 [90m   |[39m      
      [31m[1m^[22m
[39m[31m[1m^[22m
[39m[31m[1m^[22m[
39m[31m[1m^[22m[3
9m[31m[1m^[22m[39
m[31m[1m^[22m[39m
[31m[1m^[22m[39m
[31m[1m^[22m[39m[
31m[1m^[22m[39m[3
1m[1m^[22m[39m[31
m[1m^[22m[39m[31m
[1m^[22m[39m[31m
[1m^[22m[39m[31m[
1m^[22m[39m[31m[1
m^[22m[39m[31m[1m
^[22m[39m[31m[1m^
[22m[39m[31m[1m^
[22m[39m[31m[1m^[
22m[39m[31m[1m^[2
2m[39m[31m[1m^[22
m[39m[31m[1m^[22m
[39m
 [90m 5 |[39m 
[36mconst[39m net 
[33m=[39m require(
[32m"net"[39m)[33m;
[39m
 [90m 6 |[39m 
[36mconst[39m tls 
[33m=[39m require(
[32m"tls"[39m)[33m;
[39m
 [90m 7 |[39m 
[36mconst[39m 
bson_1 [33m=[39m re
quire([32m"../bson"
[39m)[33m;[39m[0m



Import trace:
  Client Component 
Browser:
    ./node_modules/mo
ngodb/lib/client-side
-encryption/state_mac
hine.js [Client 
Component Browser]
    ./node_modules/mo
ngodb/lib/client-side
-encryption/auto_encr
ypter.js [Client 
Component Browser]
    ./node_modules/mo
ngodb/lib/index.js 
[Client Component 
Browser]
    ./node_modules/@a
uth/mongodb-adapter/i
ndex.js [Client 
Component Browser]
    ./src/auth.ts 
[Client Component 
Browser]
    ./src/actions/upl
oad.ts [Client 
Component Browser]
    ./src/components/
admin/BadgeEditor.tsx
 [Client Component 
Browser]
    ./src/components/
admin/BadgeManager.ts
x [Client Component 
Browser]
    ./src/components/
admin/BadgeManager.ts
x [Server Component]
    ./src/app/dashboa
rd/admin/gamification
/page.tsx [Server 
Component]

https://nextjs.org/do
cs/messages/module-no
t-found


./node_modules/mongod
b/lib/cmap/auth/mongo
db_oidc/k8s_machine_w
orkflow.js:4:20
Module not found: 
Can't resolve 
'fs/promises'
[0m [90m 2 |[39m 
[33mObject[39m[33m.
[39mdefineProperty(e
xports[33m,[39m [3
2m"__esModule"[39m[
33m,[39m { 
value[33m:[39m 
[36mtrue[39m 
})[33m;[39m
 [90m 3 |[39m expor
ts[33m.[39mcallback
 [33m=[39m 
[36mvoid[39m [35m0
[39m[33m;[39m
[31m[1m>[22m[39m
[90m 4 |[39m 
[36mconst[39m 
promises_1 
[33m=[39m require(
[32m"fs/promises"[39
m)[33m;[39m
 [90m   |[39m      
              [31m[
1m^[22m[39m[31m[1
m^[22m[39m[31m[1m
^[22m[39m[31m[1m^
[22m[39m[31m[1m^
[22m[39m[31m[1m^[
22m[39m[31m[1m^[2
2m[39m[31m[1m^[22
m[39m[31m[1m^[22m
[39m[31m[1m^[22m
[39m[31m[1m^[22m[
39m[31m[1m^[22m[3
9m[31m[1m^[22m[39
m[31m[1m^[22m[39m
[31m[1m^[22m[39m
[31m[1m^[22m[39m[
31m[1m^[22m[39m[3
1m[1m^[22m[39m[31
m[1m^[22m[39m[31m
[1m^[22m[39m[31m
[1m^[22m[39m[31m[
1m^[22m[39m
 [90m 5 |[39m 
[90m/** The 
fallback file name 
*/[39m
 [90m 6 |[39m 
[36mconst[39m [33m
FALLBACK_FILENAME[39
m [33m=[39m [32m'/
var/run/secrets/kuber
netes.io/serviceaccou
nt/token'[39m[33m;
[39m
 [90m 7 |[39m 
[90m/** The azure 
environment variable 
for the file name. 
*/[39m[0m



Import trace:
  Client Component 
Browser:
    ./node_modules/mo
ngodb/lib/cmap/auth/m
ongodb_oidc/k8s_machi
ne_workflow.js 
[Client Component 
Browser]
    ./node_modules/mo
ngodb/lib/cmap/auth/m
ongodb_oidc.js 
[Client Component 
Browser]
    ./node_modules/mo
ngodb/lib/mongo_clien
t_auth_providers.js 
[Client Component 
Browser]
    ./node_modules/mo
ngodb/lib/index.js 
[Client Component 
Browser]
    ./node_modules/@a
uth/mongodb-adapter/i
ndex.js [Client 
Component Browser]
    ./src/auth.ts 
[Client Component 
Browser]
    ./src/actions/upl
oad.ts [Client 
Component Browser]
    ./src/components/
admin/BadgeEditor.tsx
 [Client Component 
Browser]
    ./src/components/
admin/BadgeManager.ts
x [Client Component 
Browser]
    ./src/components/
admin/BadgeManager.ts
x [Server Component]
    ./src/app/dashboa
rd/admin/gamification
/page.tsx [Server 
Component]

https://nextjs.org/do
cs/messages/module-no
t-found


./node_modules/google
apis-common/build/src
/http2.js:18:15
Module not found: 
Can't resolve 'http2'
[0m [90m 16 |[39m 
exports[33m.[39mreq
uest [33m=[39m 
request[33m;[39m
 [90m 17 |[39m expo
rts[33m.[39mcloseSe
ssion [33m=[39m clo
seSession[33m;[39m
[31m[1m>[22m[39m
[90m 18 |[39m 
[36mconst[39m 
http2 [33m=[39m req
uire([32m"http2"[39
m)[33m;[39m
 [90m    |[39m     
          [31m[1m^
[22m[39m[31m[1m^[
22m[39m[31m[1m^[2
2m[39m[31m[1m^[22
m[39m[31m[1m^[22m
[39m[31m[1m^[22m
[39m[31m[1m^[22m[
39m[31m[1m^[22m[3
9m[31m[1m^[22m[39
m[31m[1m^[22m[39m
[31m[1m^[22m[39m
[31m[1m^[22m[39m[
31m[1m^[22m[39m[3
1m[1m^[22m[39m[31
m[1m^[22m[39m[31m
[1m^[22m[39m
 [90m 19 |[39m 
[36mconst[39m zlib 
[33m=[39m require(
[32m"zlib"[39m)[33m
;[39m
 [90m 20 |[39m 
[36mconst[39m 
url_1 [33m=[39m req
uire([32m"url"[39m)
[33m;[39m
 [90m 21 |[39m 
[36mconst[39m qs 
[33m=[39m require(
[32m"qs"[39m)[33m;
[39m[0m



Import traces:
  App Route:
    ./node_modules/go
ogleapis-common/build
/src/http2.js
    ./node_modules/go
ogleapis-common/build
/src/apirequest.js
    ./node_modules/go
ogleapis-common/build
/src/index.js
    ./node_modules/go
ogleapis/build/src/in
dex.js
    ./src/app/api/aut
h/google-drive/callba
ck/route.ts

  Server Component:
    ./node_modules/go
ogleapis-common/build
/src/http2.js
    ./node_modules/go
ogleapis-common/build
/src/apirequest.js
    ./node_modules/go
ogleapis-common/build
/src/index.js
    ./node_modules/go
ogleapis/build/src/in
dex.js
    ./src/lib/storage
-providers/google-dri
ve.ts
    ./src/actions/res
ource.ts
    ./src/app/dashboa
rd/collection/[id]/pa
ge.tsx

  Client Component 
Browser:
    ./node_modules/go
ogleapis-common/build
/src/http2.js 
[Client Component 
Browser]
    ./node_modules/go
ogleapis-common/build
/src/apirequest.js 
[Client Component 
Browser]
    ./node_modules/go
ogleapis-common/build
/src/index.js 
[Client Component 
Browser]
    ./node_modules/go
ogleapis/build/src/in
dex.js [Client 
Component Browser]
    ./src/lib/storage
-providers/google-dri
ve.ts [Client 
Component Browser]
    ./src/lib/storage
-providers/factory.ts
 [Client Component 
Browser]
    ./src/actions/upl
oad.ts [Client 
Component Browser]
    ./src/components/
admin/BadgeEditor.tsx
 [Client Component 
Browser]
    ./src/components/
admin/BadgeManager.ts
x [Client Component 
Browser]
    ./src/components/
admin/BadgeManager.ts
x [Server Component]
    ./src/app/dashboa
rd/admin/gamification
/page.tsx [Server 
Component]

  Client Component 
SSR:
    ./node_modules/go
ogleapis-common/build
/src/http2.js 
[Client Component 
SSR]
    ./node_modules/go
ogleapis-common/build
/src/apirequest.js 
[Client Component 
SSR]
    ./node_modules/go
ogleapis-common/build
/src/index.js 
[Client Component 
SSR]
    ./node_modules/go
ogleapis/build/src/in
dex.js [Client 
Component SSR]
    ./src/lib/storage
-providers/google-dri
ve.ts [Client 
Component SSR]
    ./src/lib/storage
-providers/factory.ts
 [Client Component 
SSR]
    ./src/actions/upl
oad.ts [Client 
Component SSR]
    ./src/components/
admin/BadgeEditor.tsx
 [Client Component 
SSR]
    ./src/components/
admin/BadgeManager.ts
x [Client Component 
SSR]
    ./src/components/
admin/BadgeManager.ts
x [Server Component]
    ./src/app/dashboa
rd/admin/gamification
/page.tsx [Server 
Component]

https://nextjs.org/do
cs/messages/module-no
t-found


./node_modules/agent-
base/dist/index.js:30
:26
Module not found: 
Can't resolve 'net'
[0m [90m 28 |[39m 
[33mObject[39m[33m
.[39mdefineProperty(
exports[33m,[39m [
32m"__esModule"[39m
[33m,[39m { 
value[33m:[39m 
[36mtrue[39m 
})[33m;[39m
 [90m 29 |[39m expo
rts[33m.[39m[33mAg
ent[39m [33m=[39m 
[36mvoid[39m [35m0
[39m[33m;[39m
[31m[1m>[22m[39m
[90m 30 |[39m 
[36mconst[39m net 
[33m=[39m __importS
tar(require([32m"net
"[39m))[33m;[39m
 [90m    |[39m     
                     
[31m[1m^[22m[39m
[31m[1m^[22m[39m[
31m[1m^[22m[39m[3
1m[1m^[22m[39m[31
m[1m^[22m[39m[31m
[1m^[22m[39m[31m
[1m^[22m[39m[31m[
1m^[22m[39m[31m[1
m^[22m[39m[31m[1m
^[22m[39m[31m[1m^
[22m[39m[31m[1m^
[22m[39m[31m[1m^[
22m[39m[31m[1m^[2
2m[39m
 [90m 31 |[39m 
[36mconst[39m http 
[33m=[39m __importS
tar(require([32m"htt
p"[39m))[33m;[39m
 [90m 32 |[39m 
[36mconst[39m 
https_1 [33m=[39m r
equire([32m"https"[
39m)[33m;[39m
 [90m 33 |[39m __ex
portStar(require([32
m"./helpers"[39m)[3
3m,[39m exports)[33
m;[39m[0m



Import traces:
  App Route:
    ./node_modules/ag
ent-base/dist/index.j
s
    ./node_modules/ht
tps-proxy-agent/dist/
index.js
    ./src/lib/scraper
s/WallapopScraper.ts
    ./src/actions/scr
aping.ts
    ./src/app/api/cro
n/update-prices/route
.ts

  Server Component:
    ./node_modules/ag
ent-base/dist/index.j
s
    ./node_modules/ht
tps-proxy-agent/dist/
index.js
    ./src/lib/scraper
s/WallapopScraper.ts
    ./src/actions/scr
aping.ts
    ./src/app/dashboa
rd/alerts/page.tsx

  Client Component 
Browser:
    ./node_modules/ag
ent-base/dist/index.j
s [Client Component 
Browser]
    ./node_modules/ht
tps-proxy-agent/dist/
index.js [Client 
Component Browser]
    ./node_modules/ga
xios/build/cjs/src/ga
xios.js [Client 
Component Browser]
    ./node_modules/ga
xios/build/cjs/src/in
dex.js [Client 
Component Browser]
    ./node_modules/go
ogleapis-common/build
/src/index.js 
[Client Component 
Browser]
    ./node_modules/go
ogleapis/build/src/in
dex.js [Client 
Component Browser]
    ./src/lib/storage
-providers/google-dri
ve.ts [Client 
Component Browser]
    ./src/lib/storage
-providers/factory.ts
 [Client Component 
Browser]
    ./src/actions/upl
oad.ts [Client 
Component Browser]
    ./src/components/
admin/BadgeEditor.tsx
 [Client Component 
Browser]
    ./src/components/
admin/BadgeManager.ts
x [Client Component 
Browser]
    ./src/components/
admin/BadgeManager.ts
x [Server Component]
    ./src/app/dashboa
rd/admin/gamification
/page.tsx [Server 
Component]

  Client Component 
SSR:
    ./node_modules/ag
ent-base/dist/index.j
s [Client Component 
SSR]
    ./node_modules/ht
tps-proxy-agent/dist/
index.js [Client 
Component SSR]
    ./node_modules/ga
xios/build/cjs/src/ga
xios.js [Client 
Component SSR]
    ./node_modules/ga
xios/build/cjs/src/in
dex.js [Client 
Component SSR]
    ./node_modules/go
ogleapis-common/build
/src/index.js 
[Client Component 
SSR]
    ./node_modules/go
ogleapis/build/src/in
dex.js [Client 
Component SSR]
    ./src/lib/storage
-providers/google-dri
ve.ts [Client 
Component SSR]
    ./src/lib/storage
-providers/factory.ts
 [Client Component 
SSR]
    ./src/actions/upl
oad.ts [Client 
Component SSR]
    ./src/components/
admin/BadgeEditor.tsx
 [Client Component 
SSR]
    ./src/components/
admin/BadgeManager.ts
x [Client Component 
SSR]
    ./src/components/
admin/BadgeManager.ts
x [Server Component]
    ./src/app/dashboa
rd/admin/gamification
/page.tsx [Server 
Component]

https://nextjs.org/do
cs/messages/module-no
t-found


./node_modules/https-
proxy-agent/dist/inde
x.js:30:26
Module not found: 
Can't resolve 'net'
[0m [90m 28 |[39m 
[33mObject[39m[33m
.[39mdefineProperty(
exports[33m,[39m [
32m"__esModule"[39m
[33m,[39m { 
value[33m:[39m 
[36mtrue[39m 
})[33m;[39m
 [90m 29 |[39m expo
rts[33m.[39m[33mHt
tpsProxyAgent[39m 
[33m=[39m 
[36mvoid[39m [35m0
[39m[33m;[39m
[31m[1m>[22m[39m
[90m 30 |[39m 
[36mconst[39m net 
[33m=[39m __importS
tar(require([32m"net
"[39m))[33m;[39m
 [90m    |[39m     
                     
[31m[1m^[22m[39m
[31m[1m^[22m[39m[
31m[1m^[22m[39m[3
1m[1m^[22m[39m[31
m[1m^[22m[39m[31m
[1m^[22m[39m[31m
[1m^[22m[39m[31m[
1m^[22m[39m[31m[1
m^[22m[39m[31m[1m
^[22m[39m[31m[1m^
[22m[39m[31m[1m^
[22m[39m[31m[1m^[
22m[39m[31m[1m^[2
2m[39m
 [90m 31 |[39m 
[36mconst[39m tls 
[33m=[39m __importS
tar(require([32m"tls
"[39m))[33m;[39m
 [90m 32 |[39m 
[36mconst[39m 
assert_1 [33m=[39m 
__importDefault(requi
re([32m"assert"[39m
))[33m;[39m
 [90m 33 |[39m 
[36mconst[39m 
debug_1 [33m=[39m _
_importDefault(requir
e([32m"debug"[39m))
[33m;[39m[0m



Import traces:
  App Route:
    ./node_modules/ht
tps-proxy-agent/dist/
index.js
    ./src/lib/scraper
s/WallapopScraper.ts
    ./src/actions/scr
aping.ts
    ./src/app/api/cro
n/update-prices/route
.ts

  Server Component:
    ./node_modules/ht
tps-proxy-agent/dist/
index.js
    ./src/lib/scraper
s/WallapopScraper.ts
    ./src/actions/scr
aping.ts
    ./src/app/dashboa
rd/alerts/page.tsx

  Client Component 
Browser:
    ./node_modules/ht
tps-proxy-agent/dist/
index.js [Client 
Component Browser]
    ./node_modules/ga
xios/build/cjs/src/ga
xios.js [Client 
Component Browser]
    ./node_modules/ga
xios/build/cjs/src/in
dex.js [Client 
Component Browser]
    ./node_modules/go
ogleapis-common/build
/src/index.js 
[Client Component 
Browser]
    ./node_modules/go
ogleapis/build/src/in
dex.js [Client 
Component Browser]
    ./src/lib/storage
-providers/google-dri
ve.ts [Client 
Component Browser]
    ./src/lib/storage
-providers/factory.ts
 [Client Component 
Browser]
    ./src/actions/upl
oad.ts [Client 
Component Browser]
    ./src/components/
admin/BadgeEditor.tsx
 [Client Component 
Browser]
    ./src/components/
admin/BadgeManager.ts
x [Client Component 
Browser]
    ./src/components/
admin/BadgeManager.ts
x [Server Component]
    ./src/app/dashboa
rd/admin/gamification
/page.tsx [Server 
Component]

  Client Component 
SSR:
    ./node_modules/ht
tps-proxy-agent/dist/
index.js [Client 
Component SSR]
    ./node_modules/ga
xios/build/cjs/src/ga
xios.js [Client 
Component SSR]
    ./node_modules/ga
xios/build/cjs/src/in
dex.js [Client 
Component SSR]
    ./node_modules/go
ogleapis-common/build
/src/index.js 
[Client Component 
SSR]
    ./node_modules/go
ogleapis/build/src/in
dex.js [Client 
Component SSR]
    ./src/lib/storage
-providers/google-dri
ve.ts [Client 
Component SSR]
    ./src/lib/storage
-providers/factory.ts
 [Client Component 
SSR]
    ./src/actions/upl
oad.ts [Client 
Component SSR]
    ./src/components/
admin/BadgeEditor.tsx
 [Client Component 
SSR]
    ./src/components/
admin/BadgeManager.ts
x [Client Component 
SSR]
    ./src/components/
admin/BadgeManager.ts
x [Server Component]
    ./src/app/dashboa
rd/admin/gamification
/page.tsx [Server 
Component]

https://nextjs.org/do
cs/messages/module-no
t-found


./node_modules/mongod
b/lib/client-side-enc
ryption/auto_encrypte
r.js:5:13
Module not found: 
Can't resolve 'net'
[0m [90m 3 |[39m 
[33mObject[39m[33m.
[39mdefineProperty(e
xports[33m,[39m [3
2m"__esModule"[39m[
33m,[39m { 
value[33m:[39m 
[36mtrue[39m 
})[33m;[39m
 [90m 4 |[39m expor
ts[33m.[39m[33mAut
oEncrypter[39m 
[33m=[39m exports[
33m.[39m[33mAutoEnc
ryptionLoggerLevel[3
9m [33m=[39m 
[36mvoid[39m [35m0
[39m[33m;[39m
[31m[1m>[22m[39m
[90m 5 |[39m 
[36mconst[39m net 
[33m=[39m require(
[32m"net"[39m)[33m;
[39m
 [90m   |[39m      
       [31m[1m^[22
m[39m[31m[1m^[22m
[39m[31m[1m^[22m
[39m[31m[1m^[22m[
39m[31m[1m^[22m[3
9m[31m[1m^[22m[39
m[31m[1m^[22m[39m
[31m[1m^[22m[39m
[31m[1m^[22m[39m[
31m[1m^[22m[39m[3
1m[1m^[22m[39m[31
m[1m^[22m[39m[31m
[1m^[22m[39m[31m
[1m^[22m[39m
 [90m 6 |[39m 
[36mconst[39m 
bson_1 [33m=[39m re
quire([32m"../bson"
[39m)[33m;[39m
 [90m 7 |[39m 
[36mconst[39m 
constants_1 
[33m=[39m require(
[32m"../constants"[3
9m)[33m;[39m
 [90m 8 |[39m 
[36mconst[39m 
deps_1 [33m=[39m re
quire([32m"../deps"
[39m)[33m;[39m[0m



Import trace:
  Client Component 
Browser:
    ./node_modules/mo
ngodb/lib/client-side
-encryption/auto_encr
ypter.js [Client 
Component Browser]
    ./node_modules/mo
ngodb/lib/index.js 
[Client Component 
Browser]
    ./node_modules/@a
uth/mongodb-adapter/i
ndex.js [Client 
Component Browser]
    ./src/auth.ts 
[Client Component 
Browser]
    ./src/actions/upl
oad.ts [Client 
Component Browser]
    ./src/components/
admin/BadgeEditor.tsx
 [Client Component 
Browser]
    ./src/components/
admin/BadgeManager.ts
x [Client Component 
Browser]
    ./src/components/
admin/BadgeManager.ts
x [Server Component]
    ./src/app/dashboa
rd/admin/gamification
/page.tsx [Server 
Component]

https://nextjs.org/do
cs/messages/module-no
t-found


./node_modules/mongod
b/lib/client-side-enc
ryption/state_machine
.js:5:13
Module not found: 
Can't resolve 'net'
[0m [90m 3 |[39m e
xports[33m.[39m[33
mStateMachine[39m 
[33m=[39m 
[36mvoid[39m [35m0
[39m[33m;[39m
 [90m 4 |[39m 
[36mconst[39m fs 
[33m=[39m require(
[32m"fs/promises"[39
m)[33m;[39m
[31m[1m>[22m[39m
[90m 5 |[39m 
[36mconst[39m net 
[33m=[39m require(
[32m"net"[39m)[33m;
[39m
 [90m   |[39m      
       [31m[1m^[22
m[39m[31m[1m^[22m
[39m[31m[1m^[22m
[39m[31m[1m^[22m[
39m[31m[1m^[22m[3
9m[31m[1m^[22m[39
m[31m[1m^[22m[39m
[31m[1m^[22m[39m
[31m[1m^[22m[39m[
31m[1m^[22m[39m[3
1m[1m^[22m[39m[31
m[1m^[22m[39m[31m
[1m^[22m[39m[31m
[1m^[22m[39m
 [90m 6 |[39m 
[36mconst[39m tls 
[33m=[39m require(
[32m"tls"[39m)[33m;
[39m
 [90m 7 |[39m 
[36mconst[39m 
bson_1 [33m=[39m re
quire([32m"../bson"
[39m)[33m;[39m
 [90m 8 |[39m 
[36mconst[39m 
abstract_cursor_1 
[33m=[39m require(
[32m"../cursor/abstra
ct_cursor"[39m)[33m
;[39m[0m



Import trace:
  Client Component 
Browser:
    ./node_modules/mo
ngodb/lib/client-side
-encryption/state_mac
hine.js [Client 
Component Browser]
    ./node_modules/mo
ngodb/lib/client-side
-encryption/auto_encr
ypter.js [Client 
Component Browser]
    ./node_modules/mo
ngodb/lib/index.js 
[Client Component 
Browser]
    ./node_modules/@a
uth/mongodb-adapter/i
ndex.js [Client 
Component Browser]
    ./src/auth.ts 
[Client Component 
Browser]
    ./src/actions/upl
oad.ts [Client 
Component Browser]
    ./src/components/
admin/BadgeEditor.tsx
 [Client Component 
Browser]
    ./src/components/
admin/BadgeManager.ts
x [Client Component 
Browser]
    ./src/components/
admin/BadgeManager.ts
x [Server Component]
    ./src/app/dashboa
rd/admin/gamification
/page.tsx [Server 
Component]

https://nextjs.org/do
cs/messages/module-no
t-found


./node_modules/mongod
b/lib/cmap/connect.js
:9:13
Module not found: 
Can't resolve 'net'
[0m [90m  7 |[39m 
exports[33m.[39mpre
pareHandshakeDocument
 [33m=[39m prepareH
andshakeDocument[33m
;[39m
 [90m  8 |[39m expo
rts[33m.[39mmakeSoc
ket [33m=[39m 
makeSocket[33m;[39m
[31m[1m>[22m[39m
[90m  9 |[39m 
[36mconst[39m net 
[33m=[39m require(
[32m"net"[39m)[33m;
[39m
 [90m    |[39m     
        [31m[1m^[2
2m[39m[31m[1m^[22
m[39m[31m[1m^[22m
[39m[31m[1m^[22m
[39m[31m[1m^[22m[
39m[31m[1m^[22m[3
9m[31m[1m^[22m[39
m[31m[1m^[22m[39m
[31m[1m^[22m[39m
[31m[1m^[22m[39m[
31m[1m^[22m[39m[3
1m[1m^[22m[39m[31
m[1m^[22m[39m[31m
[1m^[22m[39m
 [90m 10 |[39m 
[36mconst[39m tls 
[33m=[39m require(
[32m"tls"[39m)[33m;
[39m
 [90m 11 |[39m 
[36mconst[39m 
constants_1 
[33m=[39m require(
[32m"../constants"[3
9m)[33m;[39m
 [90m 12 |[39m 
[36mconst[39m 
deps_1 [33m=[39m re
quire([32m"../deps"
[39m)[33m;[39m[0m



Import trace:
  Client Component 
Browser:
    ./node_modules/mo
ngodb/lib/cmap/connec
t.js [Client 
Component Browser]
    ./node_modules/mo
ngodb/lib/sdam/monito
r.js [Client 
Component Browser]
    ./node_modules/mo
ngodb/lib/connection_
string.js [Client 
Component Browser]
    ./node_modules/mo
ngodb/lib/mongo_clien
t.js [Client 
Component Browser]
    ./node_modules/mo
ngodb/lib/index.js 
[Client Component 
Browser]
    ./src/lib/clientP
romise.ts [Client 
Component Browser]
    ./src/auth.ts 
[Client Component 
Browser]
    ./src/actions/upl
oad.ts [Client 
Component Browser]
    ./src/components/
admin/BadgeEditor.tsx
 [Client Component 
Browser]
    ./src/components/
admin/BadgeManager.ts
x [Client Component 
Browser]
    ./src/components/
admin/BadgeManager.ts
x [Server Component]
    ./src/app/dashboa
rd/admin/gamification
/page.tsx [Server 
Component]

https://nextjs.org/do
cs/messages/module-no
t-found


./node_modules/nodema
iler/lib/fetch/index.
js:10:13
Module not found: 
Can't resolve 'net'
[0m [90m  8 |[39m 
[36mconst[39m 
[33mCookies[39m 
[33m=[39m require(
[32m'./cookies'[39m)
[33m;[39m
 [90m  9 |[39m 
[36mconst[39m 
packageData 
[33m=[39m require(
[32m'../../package.js
on'[39m)[33m;[39m
[31m[1m>[22m[39m
[90m 10 |[39m 
[36mconst[39m net 
[33m=[39m require(
[32m'net'[39m)[33m;
[39m
 [90m    |[39m     
        [31m[1m^[2
2m[39m[31m[1m^[22
m[39m[31m[1m^[22m
[39m[31m[1m^[22m
[39m[31m[1m^[22m[
39m[31m[1m^[22m[3
9m[31m[1m^[22m[39
m[31m[1m^[22m[39m
[31m[1m^[22m[39m
[31m[1m^[22m[39m[
31m[1m^[22m[39m[3
1m[1m^[22m[39m[31
m[1m^[22m[39m[31m
[1m^[22m[39m
 [90m 11 |[39m
 [90m 12 |[39m 
[36mconst[39m [33m
MAX_REDIRECTS[39m 
[33m=[39m [35m5[3
9m[33m;[39m
 [90m 13 |[39m[0m



Import traces:
  App Route:
    ./node_modules/no
demailer/lib/fetch/in
dex.js
    ./node_modules/no
demailer/lib/nodemail
er.js
    
./src/lib/email.ts
    ./src/actions/con
tact.ts
    ./src/app/api/cro
n/cleanup-contacts/ro
ute.ts

  Server Component:
    ./node_modules/no
demailer/lib/fetch/in
dex.js
    ./node_modules/no
demailer/lib/nodemail
er.js
    
./src/lib/email.ts
    ./src/actions/con
tact.ts
    ./src/app/contact
/page.tsx

  Client Component 
Browser:
    ./node_modules/no
demailer/lib/fetch/in
dex.js [Client 
Component Browser]
    ./node_modules/no
demailer/lib/nodemail
er.js [Client 
Component Browser]
    
./src/lib/email.ts 
[Client Component 
Browser]
    ./src/lib/error-r
eporting.ts [Client 
Component Browser]
    ./src/lib/db.ts 
[Client Component 
Browser]
    ./src/lib/storage
-providers/factory.ts
 [Client Component 
Browser]
    ./src/actions/upl
oad.ts [Client 
Component Browser]
    ./src/components/
admin/BadgeEditor.tsx
 [Client Component 
Browser]
    ./src/components/
admin/BadgeManager.ts
x [Client Component 
Browser]
    ./src/components/
admin/BadgeManager.ts
x [Server Component]
    ./src/app/dashboa
rd/admin/gamification
/page.tsx [Server 
Component]

  Client Component 
SSR:
    ./node_modules/no
demailer/lib/fetch/in
dex.js [Client 
Component SSR]
    ./node_modules/no
demailer/lib/nodemail
er.js [Client 
Component SSR]
    
./src/lib/email.ts 
[Client Component 
SSR]
    ./src/lib/error-r
eporting.ts [Client 
Component SSR]
    ./src/lib/db.ts 
[Client Component 
SSR]
    ./src/lib/storage
-providers/factory.ts
 [Client Component 
SSR]
    ./src/actions/upl
oad.ts [Client 
Component SSR]
    ./src/components/
admin/BadgeEditor.tsx
 [Client Component 
SSR]
    ./src/components/
admin/BadgeManager.ts
x [Client Component 
SSR]
    ./src/components/
admin/BadgeManager.ts
x [Server Component]
    ./src/app/dashboa
rd/admin/gamification
/page.tsx [Server 
Component]

https://nextjs.org/do
cs/messages/module-no
t-found


./node_modules/nodema
iler/lib/mailer/index
.js:13:13
Module not found: 
Can't resolve 'net'
[0m [90m 11 |[39m 
[36mconst[39m 
packageData 
[33m=[39m require(
[32m'../../package.js
on'[39m)[33m;[39m
 [90m 12 |[39m 
[36mconst[39m [33m
MailMessage[39m 
[33m=[39m require(
[32m'./mail-message'
[39m)[33m;[39m
[31m[1m>[22m[39m
[90m 13 |[39m 
[36mconst[39m net 
[33m=[39m require(
[32m'net'[39m)[33m;
[39m
 [90m    |[39m     
        [31m[1m^[2
2m[39m[31m[1m^[22
m[39m[31m[1m^[22m
[39m[31m[1m^[22m
[39m[31m[1m^[22m[
39m[31m[1m^[22m[3
9m[31m[1m^[22m[39
m[31m[1m^[22m[39m
[31m[1m^[22m[39m
[31m[1m^[22m[39m[
31m[1m^[22m[39m[3
1m[1m^[22m[39m[31
m[1m^[22m[39m[31m
[1m^[22m[39m
 [90m 14 |[39m 
[36mconst[39m dns 
[33m=[39m require(
[32m'dns'[39m)[33m;
[39m
 [90m 15 |[39m 
[36mconst[39m 
crypto [33m=[39m re
quire([32m'crypto'[
39m)[33m;[39m
 [90m 16 |[39m[0m



Import traces:
  App Route:
    ./node_modules/no
demailer/lib/mailer/i
ndex.js
    ./node_modules/no
demailer/lib/nodemail
er.js
    
./src/lib/email.ts
    ./src/actions/con
tact.ts
    ./src/app/api/cro
n/cleanup-contacts/ro
ute.ts

  Server Component:
    ./node_modules/no
demailer/lib/mailer/i
ndex.js
    ./node_modules/no
demailer/lib/nodemail
er.js
    
./src/lib/email.ts
    ./src/actions/con
tact.ts
    ./src/app/contact
/page.tsx

  Client Component 
Browser:
    ./node_modules/no
demailer/lib/mailer/i
ndex.js [Client 
Component Browser]
    ./node_modules/no
demailer/lib/nodemail
er.js [Client 
Component Browser]
    
./src/lib/email.ts 
[Client Component 
Browser]
    ./src/lib/error-r
eporting.ts [Client 
Component Browser]
    ./src/lib/db.ts 
[Client Component 
Browser]
    ./src/lib/storage
-providers/factory.ts
 [Client Component 
Browser]
    ./src/actions/upl
oad.ts [Client 
Component Browser]
    ./src/components/
admin/BadgeEditor.tsx
 [Client Component 
Browser]
    ./src/components/
admin/BadgeManager.ts
x [Client Component 
Browser]
    ./src/components/
admin/BadgeManager.ts
x [Server Component]
    ./src/app/dashboa
rd/admin/gamification
/page.tsx [Server 
Component]

  Client Component 
SSR:
    ./node_modules/no
demailer/lib/mailer/i
ndex.js [Client 
Component SSR]
    ./node_modules/no
demailer/lib/nodemail
er.js [Client 
Component SSR]
    
./src/lib/email.ts 
[Client Component 
SSR]
    ./src/lib/error-r
eporting.ts [Client 
Component SSR]
    ./src/lib/db.ts 
[Client Component 
SSR]
    ./src/lib/storage
-providers/factory.ts
 [Client Component 
SSR]
    ./src/actions/upl
oad.ts [Client 
Component SSR]
    ./src/components/
admin/BadgeEditor.tsx
 [Client Component 
SSR]
    ./src/components/
admin/BadgeManager.ts
x [Client Component 
SSR]
    ./src/components/
admin/BadgeManager.ts
x [Server Component]
    ./src/app/dashboa
rd/admin/gamification
/page.tsx [Server 
Component]

https://nextjs.org/do
cs/messages/module-no
t-found


./node_modules/nodema
iler/lib/shared/index
.js:10:13
Module not found: 
Can't resolve 'net'
[0m [90m  8 |[39m 
[36mconst[39m 
nmfetch [33m=[39m r
equire([32m'../fetch
'[39m)[33m;[39m
 [90m  9 |[39m 
[36mconst[39m dns 
[33m=[39m require(
[32m'dns'[39m)[33m;
[39m
[31m[1m>[22m[39m
[90m 10 |[39m 
[36mconst[39m net 
[33m=[39m require(
[32m'net'[39m)[33m;
[39m
 [90m    |[39m     
        [31m[1m^[2
2m[39m[31m[1m^[22
m[39m[31m[1m^[22m
[39m[31m[1m^[22m
[39m[31m[1m^[22m[
39m[31m[1m^[22m[3
9m[31m[1m^[22m[39
m[31m[1m^[22m[39m
[31m[1m^[22m[39m
[31m[1m^[22m[39m[
31m[1m^[22m[39m[3
1m[1m^[22m[39m[31
m[1m^[22m[39m[31m
[1m^[22m[39m
 [90m 11 |[39m 
[36mconst[39m os 
[33m=[39m require(
[32m'os'[39m)[33m;
[39m
 [90m 12 |[39m
 [90m 13 |[39m 
[36mconst[39m 
[33mDNS_TTL[39m 
[33m=[39m 
[35m5[39m 
[33m*[39m 
[35m60[39m 
[33m*[39m [35m1000
[39m[33m;[39m[0m



Import traces:
  App Route:
    ./node_modules/no
demailer/lib/shared/i
ndex.js
    ./node_modules/no
demailer/lib/nodemail
er.js
    
./src/lib/email.ts
    ./src/actions/con
tact.ts
    ./src/app/api/cro
n/cleanup-contacts/ro
ute.ts

  Server Component:
    ./node_modules/no
demailer/lib/shared/i
ndex.js
    ./node_modules/no
demailer/lib/nodemail
er.js
    
./src/lib/email.ts
    ./src/actions/con
tact.ts
    ./src/app/dashboa
rd/admin/contacts/[id
]/page.tsx

  Client Component 
Browser:
    ./node_modules/no
demailer/lib/shared/i
ndex.js [Client 
Component Browser]
    ./node_modules/no
demailer/lib/nodemail
er.js [Client 
Component Browser]
    
./src/lib/email.ts 
[Client Component 
Browser]
    ./src/lib/error-r
eporting.ts [Client 
Component Browser]
    ./src/lib/db.ts 
[Client Component 
Browser]
    ./src/lib/storage
-providers/factory.ts
 [Client Component 
Browser]
    ./src/actions/upl
oad.ts [Client 
Component Browser]
    ./src/components/
admin/BadgeEditor.tsx
 [Client Component 
Browser]
    ./src/components/
admin/BadgeManager.ts
x [Client Component 
Browser]
    ./src/components/
admin/BadgeManager.ts
x [Server Component]
    ./src/app/dashboa
rd/admin/gamification
/page.tsx [Server 
Component]

  Client Component 
SSR:
    ./node_modules/no
demailer/lib/shared/i
ndex.js [Client 
Component SSR]
    ./node_modules/no
demailer/lib/nodemail
er.js [Client 
Component SSR]
    
./src/lib/email.ts 
[Client Component 
SSR]
    ./src/lib/error-r
eporting.ts [Client 
Component SSR]
    ./src/lib/db.ts 
[Client Component 
SSR]
    ./src/lib/storage
-providers/factory.ts
 [Client Component 
SSR]
    ./src/actions/upl
oad.ts [Client 
Component SSR]
    ./src/components/
admin/BadgeEditor.tsx
 [Client Component 
SSR]
    ./src/components/
admin/BadgeManager.ts
x [Client Component 
SSR]
    ./src/components/
admin/BadgeManager.ts
x [Server Component]
    ./src/app/dashboa
rd/admin/gamification
/page.tsx [Server 
Component]

https://nextjs.org/do
cs/messages/module-no
t-found


./node_modules/nodema
iler/lib/smtp-connect
ion/http-proxy-client
.js:7:13
Module not found: 
Can't resolve 'net'
[0m [90m  5 |[39m 
[90m */[39m
 [90m  6 |[39m
[31m[1m>[22m[39m
[90m  7 |[39m 
[36mconst[39m net 
[33m=[39m require(
[32m'net'[39m)[33m;
[39m
 [90m    |[39m     
        [31m[1m^[2
2m[39m[31m[1m^[22
m[39m[31m[1m^[22m
[39m[31m[1m^[22m
[39m[31m[1m^[22m[
39m[31m[1m^[22m[3
9m[31m[1m^[22m[39
m[31m[1m^[22m[39m
[31m[1m^[22m[39m
[31m[1m^[22m[39m[
31m[1m^[22m[39m[3
1m[1m^[22m[39m[31
m[1m^[22m[39m[31m
[1m^[22m[39m
 [90m  8 |[39m 
[36mconst[39m tls 
[33m=[39m require(
[32m'tls'[39m)[33m;
[39m
 [90m  9 |[39m 
[36mconst[39m 
urllib [33m=[39m re
quire([32m'url'[39m
)[33m;[39m
 [90m 10 |[39m[0m



Import traces:
  App Route:
    ./node_modules/no
demailer/lib/smtp-con
nection/http-proxy-cl
ient.js
    ./node_modules/no
demailer/lib/mailer/i
ndex.js
    ./node_modules/no
demailer/lib/nodemail
er.js
    
./src/lib/email.ts
    ./src/actions/con
tact.ts
    ./src/app/api/cro
n/cleanup-contacts/ro
ute.ts

  Server Component:
    ./node_modules/no
demailer/lib/smtp-con
nection/http-proxy-cl
ient.js
    ./node_modules/no
demailer/lib/mailer/i
ndex.js
    ./node_modules/no
demailer/lib/nodemail
er.js
    
./src/lib/email.ts
    ./src/actions/con
tact.ts
    ./src/app/contact
/page.tsx

  Client Component 
Browser:
    ./node_modules/no
demailer/lib/smtp-con
nection/http-proxy-cl
ient.js [Client 
Component Browser]
    ./node_modules/no
demailer/lib/mailer/i
ndex.js [Client 
Component Browser]
    ./node_modules/no
demailer/lib/nodemail
er.js [Client 
Component Browser]
    
./src/lib/email.ts 
[Client Component 
Browser]
    ./src/lib/error-r
eporting.ts [Client 
Component Browser]
    ./src/lib/db.ts 
[Client Component 
Browser]
    ./src/lib/storage
-providers/factory.ts
 [Client Component 
Browser]
    ./src/actions/upl
oad.ts [Client 
Component Browser]
    ./src/components/
admin/BadgeEditor.tsx
 [Client Component 
Browser]
    ./src/components/
admin/BadgeManager.ts
x [Client Component 
Browser]
    ./src/components/
admin/BadgeManager.ts
x [Server Component]
    ./src/app/dashboa
rd/admin/gamification
/page.tsx [Server 
Component]

  Client Component 
SSR:
    ./node_modules/no
demailer/lib/smtp-con
nection/http-proxy-cl
ient.js [Client 
Component SSR]
    ./node_modules/no
demailer/lib/mailer/i
ndex.js [Client 
Component SSR]
    ./node_modules/no
demailer/lib/nodemail
er.js [Client 
Component SSR]
    
./src/lib/email.ts 
[Client Component 
SSR]
    ./src/lib/error-r
eporting.ts [Client 
Component SSR]
    ./src/lib/db.ts 
[Client Component 
SSR]
    ./src/lib/storage
-providers/factory.ts
 [Client Component 
SSR]
    ./src/actions/upl
oad.ts [Client 
Component SSR]
    ./src/components/
admin/BadgeEditor.tsx
 [Client Component 
SSR]
    ./src/components/
admin/BadgeManager.ts
x [Client Component 
SSR]
    ./src/components/
admin/BadgeManager.ts
x [Server Component]
    ./src/app/dashboa
rd/admin/gamification
/page.tsx [Server 
Component]

https://nextjs.org/do
cs/messages/module-no
t-found


./node_modules/nodema
iler/lib/smtp-connect
ion/index.js:5:13
Module not found: 
Can't resolve 'net'
[0m [90m 3 |[39m 
[36mconst[39m 
packageInfo 
[33m=[39m require(
[32m'../../package.js
on'[39m)[33m;[39m
 [90m 4 |[39m 
[36mconst[39m [33m
EventEmitter[39m 
[33m=[39m require(
[32m'events'[39m)[3
3m.[39m[33mEventEmi
tter[39m[33m;[39m
[31m[1m>[22m[39m
[90m 5 |[39m 
[36mconst[39m net 
[33m=[39m require(
[32m'net'[39m)[33m;
[39m
 [90m   |[39m      
       [31m[1m^[22
m[39m[31m[1m^[22m
[39m[31m[1m^[22m
[39m[31m[1m^[22m[
39m[31m[1m^[22m[3
9m[31m[1m^[22m[39
m[31m[1m^[22m[39m
[31m[1m^[22m[39m
[31m[1m^[22m[39m[
31m[1m^[22m[39m[3
1m[1m^[22m[39m[31
m[1m^[22m[39m[31m
[1m^[22m[39m[31m
[1m^[22m[39m
 [90m 6 |[39m 
[36mconst[39m tls 
[33m=[39m require(
[32m'tls'[39m)[33m;
[39m
 [90m 7 |[39m 
[36mconst[39m os 
[33m=[39m require(
[32m'os'[39m)[33m;
[39m
 [90m 8 |[39m 
[36mconst[39m 
crypto [33m=[39m re
quire([32m'crypto'[
39m)[33m;[39m[0m



Import traces:
  App Route:
    ./node_modules/no
demailer/lib/smtp-con
nection/index.js
    ./node_modules/no
demailer/lib/smtp-tra
nsport/index.js
    ./node_modules/no
demailer/lib/nodemail
er.js
    
./src/lib/email.ts
    ./src/actions/con
tact.ts
    ./src/app/api/cro
n/cleanup-contacts/ro
ute.ts

  Server Component:
    ./node_modules/no
demailer/lib/smtp-con
nection/index.js
    ./node_modules/no
demailer/lib/smtp-tra
nsport/index.js
    ./node_modules/no
demailer/lib/nodemail
er.js
    
./src/lib/email.ts
    ./src/actions/con
tact.ts
    ./src/app/contact
/page.tsx

  Client Component 
Browser:
    ./node_modules/no
demailer/lib/smtp-con
nection/index.js 
[Client Component 
Browser]
    ./node_modules/no
demailer/lib/smtp-tra
nsport/index.js 
[Client Component 
Browser]
    ./node_modules/no
demailer/lib/nodemail
er.js [Client 
Component Browser]
    
./src/lib/email.ts 
[Client Component 
Browser]
    ./src/lib/error-r
eporting.ts [Client 
Component Browser]
    ./src/lib/db.ts 
[Client Component 
Browser]
    ./src/lib/storage
-providers/factory.ts
 [Client Component 
Browser]
    ./src/actions/upl
oad.ts [Client 
Component Browser]
    ./src/components/
admin/BadgeEditor.tsx
 [Client Component 
Browser]
    ./src/components/
admin/BadgeManager.ts
x [Client Component 
Browser]
    ./src/components/
admin/BadgeManager.ts
x [Server Component]
    ./src/app/dashboa
rd/admin/gamification
/page.tsx [Server 
Component]

  Client Component 
SSR:
    ./node_modules/no
demailer/lib/smtp-con
nection/index.js 
[Client Component 
SSR]
    ./node_modules/no
demailer/lib/smtp-tra
nsport/index.js 
[Client Component 
SSR]
    ./node_modules/no
demailer/lib/nodemail
er.js [Client 
Component SSR]
    
./src/lib/email.ts 
[Client Component 
SSR]
    ./src/lib/error-r
eporting.ts [Client 
Component SSR]
    ./src/lib/db.ts 
[Client Component 
SSR]
    ./src/lib/storage
-providers/factory.ts
 [Client Component 
SSR]
    ./src/actions/upl
oad.ts [Client 
Component SSR]
    ./src/components/
admin/BadgeEditor.tsx
 [Client Component 
SSR]
    ./src/components/
admin/BadgeManager.ts
x [Client Component 
SSR]
    ./src/components/
admin/BadgeManager.ts
x [Server Component]
    ./src/app/dashboa
rd/admin/gamification
/page.tsx [Server 
Component]

https://nextjs.org/do
cs/messages/module-no
t-found


./node_modules/mongod
b/lib/cmap/auth/mongo
db_oidc/callback_work
flow.js:4:20
Module not found: 
Can't resolve 
'timers/promises'
[0m [90m 2 |[39m 
[33mObject[39m[33m.
[39mdefineProperty(e
xports[33m,[39m [3
2m"__esModule"[39m[
33m,[39m { 
value[33m:[39m 
[36mtrue[39m 
})[33m;[39m
 [90m 3 |[39m expor
ts[33m.[39m[33mCal
lbackWorkflow[39m 
[33m=[39m exports[
33m.[39m[33mAUTOMAT
ED_TIMEOUT_MS[39m 
[33m=[39m exports[
33m.[39m[33mHUMAN_T
IMEOUT_MS[39m 
[33m=[39m 
[36mvoid[39m [35m0
[39m[33m;[39m
[31m[1m>[22m[39m
[90m 4 |[39m 
[36mconst[39m 
promises_1 
[33m=[39m require(
[32m"timers/promises"
[39m)[33m;[39m
 [90m   |[39m      
              [31m[
1m^[22m[39m[31m[1
m^[22m[39m[31m[1m
^[22m[39m[31m[1m^
[22m[39m[31m[1m^
[22m[39m[31m[1m^[
22m[39m[31m[1m^[2
2m[39m[31m[1m^[22
m[39m[31m[1m^[22m
[39m[31m[1m^[22m
[39m[31m[1m^[22m[
39m[31m[1m^[22m[3
9m[31m[1m^[22m[39
m[31m[1m^[22m[39m
[31m[1m^[22m[39m
[31m[1m^[22m[39m[
31m[1m^[22m[39m[3
1m[1m^[22m[39m[31
m[1m^[22m[39m[31m
[1m^[22m[39m[31m
[1m^[22m[39m[31m[
1m^[22m[39m[31m[1
m^[22m[39m[31m[1m
^[22m[39m[31m[1m^
[22m[39m[31m[1m^
[22m[39m
 [90m 5 |[39m 
[36mconst[39m 
error_1 [33m=[39m r
equire([32m"../../..
/error"[39m)[33m;[
39m
 [90m 6 |[39m 
[36mconst[39m 
utils_1 [33m=[39m r
equire([32m"../../..
/utils"[39m)[33m;[
39m
 [90m 7 |[39m 
[36mconst[39m 
command_builders_1 
[33m=[39m require(
[32m"./command_builde
rs"[39m)[33m;[39m
[0m



Import trace:
  Client Component 
Browser:
    ./node_modules/mo
ngodb/lib/cmap/auth/m
ongodb_oidc/callback_
workflow.js [Client 
Component Browser]
    ./node_modules/mo
ngodb/lib/cmap/auth/m
ongodb_oidc/human_cal
lback_workflow.js 
[Client Component 
Browser]
    ./node_modules/mo
ngodb/lib/mongo_clien
t_auth_providers.js 
[Client Component 
Browser]
    ./node_modules/mo
ngodb/lib/index.js 
[Client Component 
Browser]
    ./node_modules/@a
uth/mongodb-adapter/i
ndex.js [Client 
Component Browser]
    ./src/auth.ts 
[Client Component 
Browser]
    ./src/actions/upl
oad.ts [Client 
Component Browser]
    ./src/components/
admin/BadgeEditor.tsx
 [Client Component 
Browser]
    ./src/components/
admin/BadgeManager.ts
x [Client Component 
Browser]
    ./src/components/
admin/BadgeManager.ts
x [Server Component]
    ./src/app/dashboa
rd/admin/gamification
/page.tsx [Server 
Component]

https://nextjs.org/do
cs/messages/module-no
t-found


./node_modules/https-
proxy-agent/dist/inde
x.js:31:26
Module not found: 
Can't resolve 'tls'
[0m [90m 29 |[39m 
exports[33m.[39m[3
3mHttpsProxyAgent[39
m [33m=[39m 
[36mvoid[39m [35m0
[39m[33m;[39m
 [90m 30 |[39m 
[36mconst[39m net 
[33m=[39m __importS
tar(require([32m"net
"[39m))[33m;[39m
[31m[1m>[22m[39m
[90m 31 |[39m 
[36mconst[39m tls 
[33m=[39m __importS
tar(require([32m"tls
"[39m))[33m;[39m
 [90m    |[39m     
                     
[31m[1m^[22m[39m
[31m[1m^[22m[39m[
31m[1m^[22m[39m[3
1m[1m^[22m[39m[31
m[1m^[22m[39m[31m
[1m^[22m[39m[31m
[1m^[22m[39m[31m[
1m^[22m[39m[31m[1
m^[22m[39m[31m[1m
^[22m[39m[31m[1m^
[22m[39m[31m[1m^
[22m[39m[31m[1m^[
22m[39m[31m[1m^[2
2m[39m
 [90m 32 |[39m 
[36mconst[39m 
assert_1 [33m=[39m 
__importDefault(requi
re([32m"assert"[39m
))[33m;[39m
 [90m 33 |[39m 
[36mconst[39m 
debug_1 [33m=[39m _
_importDefault(requir
e([32m"debug"[39m))
[33m;[39m
 [90m 34 |[39m 
[36mconst[39m 
agent_base_1 
[33m=[39m require(
[32m"agent-base"[39m
)[33m;[39m[0m



Import traces:
  App Route:
    ./node_modules/ht
tps-proxy-agent/dist/
index.js
    ./src/lib/scraper
s/WallapopScraper.ts
    ./src/actions/scr
aping.ts
    ./src/app/api/cro
n/update-prices/route
.ts

  Server Component:
    ./node_modules/ht
tps-proxy-agent/dist/
index.js
    ./src/lib/scraper
s/WallapopScraper.ts
    ./src/actions/scr
aping.ts
    ./src/app/dashboa
rd/alerts/page.tsx

  Client Component 
Browser:
    ./node_modules/ht
tps-proxy-agent/dist/
index.js [Client 
Component Browser]
    ./node_modules/ga
xios/build/cjs/src/ga
xios.js [Client 
Component Browser]
    ./node_modules/ga
xios/build/cjs/src/in
dex.js [Client 
Component Browser]
    ./node_modules/go
ogleapis-common/build
/src/index.js 
[Client Component 
Browser]
    ./node_modules/go
ogleapis/build/src/in
dex.js [Client 
Component Browser]
    ./src/lib/storage
-providers/google-dri
ve.ts [Client 
Component Browser]
    ./src/lib/storage
-providers/factory.ts
 [Client Component 
Browser]
    ./src/actions/upl
oad.ts [Client 
Component Browser]
    ./src/components/
admin/BadgeEditor.tsx
 [Client Component 
Browser]
    ./src/components/
admin/BadgeManager.ts
x [Client Component 
Browser]
    ./src/components/
admin/BadgeManager.ts
x [Server Component]
    ./src/app/dashboa
rd/admin/gamification
/page.tsx [Server 
Component]

  Client Component 
SSR:
    ./node_modules/ht
tps-proxy-agent/dist/
index.js [Client 
Component SSR]
    ./node_modules/ga
xios/build/cjs/src/ga
xios.js [Client 
Component SSR]
    ./node_modules/ga
xios/build/cjs/src/in
dex.js [Client 
Component SSR]
    ./node_modules/go
ogleapis-common/build
/src/index.js 
[Client Component 
SSR]
    ./node_modules/go
ogleapis/build/src/in
dex.js [Client 
Component SSR]
    ./src/lib/storage
-providers/google-dri
ve.ts [Client 
Component SSR]
    ./src/lib/storage
-providers/factory.ts
 [Client Component 
SSR]
    ./src/actions/upl
oad.ts [Client 
Component SSR]
    ./src/components/
admin/BadgeEditor.tsx
 [Client Component 
SSR]
    ./src/components/
admin/BadgeManager.ts
x [Client Component 
SSR]
    ./src/components/
admin/BadgeManager.ts
x [Server Component]
    ./src/app/dashboa
rd/admin/gamification
/page.tsx [Server 
Component]

https://nextjs.org/do
cs/messages/module-no
t-found


./node_modules/mongod
b/lib/client-side-enc
ryption/state_machine
.js:6:13
Module not found: 
Can't resolve 'tls'
[0m [90m 4 |[39m 
[36mconst[39m fs 
[33m=[39m require(
[32m"fs/promises"[39
m)[33m;[39m
 [90m 5 |[39m 
[36mconst[39m net 
[33m=[39m require(
[32m"net"[39m)[33m;
[39m
[31m[1m>[22m[39m
[90m 6 |[39m 
[36mconst[39m tls 
[33m=[39m require(
[32m"tls"[39m)[33m;
[39m
 [90m   |[39m      
       [31m[1m^[22
m[39m[31m[1m^[22m
[39m[31m[1m^[22m
[39m[31m[1m^[22m[
39m[31m[1m^[22m[3
9m[31m[1m^[22m[39
m[31m[1m^[22m[39m
[31m[1m^[22m[39m
[31m[1m^[22m[39m[
31m[1m^[22m[39m[3
1m[1m^[22m[39m[31
m[1m^[22m[39m[31m
[1m^[22m[39m[31m
[1m^[22m[39m
 [90m 7 |[39m 
[36mconst[39m 
bson_1 [33m=[39m re
quire([32m"../bson"
[39m)[33m;[39m
 [90m 8 |[39m 
[36mconst[39m 
abstract_cursor_1 
[33m=[39m require(
[32m"../cursor/abstra
ct_cursor"[39m)[33m
;[39m
 [90m 9 |[39m 
[36mconst[39m 
deps_1 [33m=[39m re
quire([32m"../deps"
[39m)[33m;[39m[0m



Import trace:
  Client Component 
Browser:
    ./node_modules/mo
ngodb/lib/client-side
-encryption/state_mac
hine.js [Client 
Component Browser]
    ./node_modules/mo
ngodb/lib/client-side
-encryption/auto_encr
ypter.js [Client 
Component Browser]
    ./node_modules/mo
ngodb/lib/index.js 
[Client Component 
Browser]
    ./node_modules/@a
uth/mongodb-adapter/i
ndex.js [Client 
Component Browser]
    ./src/auth.ts 
[Client Component 
Browser]
    ./src/actions/upl
oad.ts [Client 
Component Browser]
    ./src/components/
admin/BadgeEditor.tsx
 [Client Component 
Browser]
    ./src/components/
admin/BadgeManager.ts
x [Client Component 
Browser]
    ./src/components/
admin/BadgeManager.ts
x [Server Component]
    ./src/app/dashboa
rd/admin/gamification
/page.tsx [Server 
Component]

https://nextjs.org/do
cs/messages/module-no
t-found


./node_modules/mongod
b/lib/cmap/connect.js
:10:13
Module not found: 
Can't resolve 'tls'
[0m [90m  8 |[39m 
exports[33m.[39mmak
eSocket [33m=[39m 
makeSocket[33m;[39m
 [90m  9 |[39m 
[36mconst[39m net 
[33m=[39m require(
[32m"net"[39m)[33m;
[39m
[31m[1m>[22m[39m
[90m 10 |[39m 
[36mconst[39m tls 
[33m=[39m require(
[32m"tls"[39m)[33m;
[39m
 [90m    |[39m     
        [31m[1m^[2
2m[39m[31m[1m^[22
m[39m[31m[1m^[22m
[39m[31m[1m^[22m
[39m[31m[1m^[22m[
39m[31m[1m^[22m[3
9m[31m[1m^[22m[39
m[31m[1m^[22m[39m
[31m[1m^[22m[39m
[31m[1m^[22m[39m[
31m[1m^[22m[39m[3
1m[1m^[22m[39m[31
m[1m^[22m[39m[31m
[1m^[22m[39m
 [90m 11 |[39m 
[36mconst[39m 
constants_1 
[33m=[39m require(
[32m"../constants"[3
9m)[33m;[39m
 [90m 12 |[39m 
[36mconst[39m 
deps_1 [33m=[39m re
quire([32m"../deps"
[39m)[33m;[39m
 [90m 13 |[39m 
[36mconst[39m 
error_1 [33m=[39m r
equire([32m"../error
"[39m)[33m;[39m[0
m



Import trace:
  Client Component 
Browser:
    ./node_modules/mo
ngodb/lib/cmap/connec
t.js [Client 
Component Browser]
    ./node_modules/mo
ngodb/lib/sdam/monito
r.js [Client 
Component Browser]
    ./node_modules/mo
ngodb/lib/connection_
string.js [Client 
Component Browser]
    ./node_modules/mo
ngodb/lib/mongo_clien
t.js [Client 
Component Browser]
    ./node_modules/mo
ngodb/lib/index.js 
[Client Component 
Browser]
    ./src/lib/clientP
romise.ts [Client 
Component Browser]
    ./src/auth.ts 
[Client Component 
Browser]
    ./src/actions/upl
oad.ts [Client 
Component Browser]
    ./src/components/
admin/BadgeEditor.tsx
 [Client Component 
Browser]
    ./src/components/
admin/BadgeManager.ts
x [Client Component 
Browser]
    ./src/components/
admin/BadgeManager.ts
x [Server Component]
    ./src/app/dashboa
rd/admin/gamification
/page.tsx [Server 
Component]

https://nextjs.org/do
cs/messages/module-no
t-found


./node_modules/nodema
iler/lib/smtp-connect
ion/http-proxy-client
.js:8:13
Module not found: 
Can't resolve 'tls'
[0m [90m  6 |[39m
 [90m  7 |[39m 
[36mconst[39m net 
[33m=[39m require(
[32m'net'[39m)[33m;
[39m
[31m[1m>[22m[39m
[90m  8 |[39m 
[36mconst[39m tls 
[33m=[39m require(
[32m'tls'[39m)[33m;
[39m
 [90m    |[39m     
        [31m[1m^[2
2m[39m[31m[1m^[22
m[39m[31m[1m^[22m
[39m[31m[1m^[22m
[39m[31m[1m^[22m[
39m[31m[1m^[22m[3
9m[31m[1m^[22m[39
m[31m[1m^[22m[39m
[31m[1m^[22m[39m
[31m[1m^[22m[39m[
31m[1m^[22m[39m[3
1m[1m^[22m[39m[31
m[1m^[22m[39m[31m
[1m^[22m[39m
 [90m  9 |[39m 
[36mconst[39m 
urllib [33m=[39m re
quire([32m'url'[39m
)[33m;[39m
 [90m 10 |[39m
 [90m 11 |[39m 
[90m/**[39m[0m



Import traces:
  App Route:
    ./node_modules/no
demailer/lib/smtp-con
nection/http-proxy-cl
ient.js
    ./node_modules/no
demailer/lib/mailer/i
ndex.js
    ./node_modules/no
demailer/lib/nodemail
er.js
    
./src/lib/email.ts
    ./src/actions/con
tact.ts
    ./src/app/api/cro
n/cleanup-contacts/ro
ute.ts

  Server Component:
    ./node_modules/no
demailer/lib/smtp-con
nection/http-proxy-cl
ient.js
    ./node_modules/no
demailer/lib/mailer/i
ndex.js
    ./node_modules/no
demailer/lib/nodemail
er.js
    
./src/lib/email.ts
    ./src/actions/con
tact.ts
    ./src/app/contact
/page.tsx

  Client Component 
Browser:
    ./node_modules/no
demailer/lib/smtp-con
nection/http-proxy-cl
ient.js [Client 
Component Browser]
    ./node_modules/no
demailer/lib/mailer/i
ndex.js [Client 
Component Browser]
    ./node_modules/no
demailer/lib/nodemail
er.js [Client 
Component Browser]
    
./src/lib/email.ts 
[Client Component 
Browser]
    ./src/lib/error-r
eporting.ts [Client 
Component Browser]
    ./src/lib/db.ts 
[Client Component 
Browser]
    ./src/lib/storage
-providers/factory.ts
 [Client Component 
Browser]
    ./src/actions/upl
oad.ts [Client 
Component Browser]
    ./src/components/
admin/BadgeEditor.tsx
 [Client Component 
Browser]
    ./src/components/
admin/BadgeManager.ts
x [Client Component 
Browser]
    ./src/components/
admin/BadgeManager.ts
x [Server Component]
    ./src/app/dashboa
rd/admin/gamification
/page.tsx [Server 
Component]

  Client Component 
SSR:
    ./node_modules/no
demailer/lib/smtp-con
nection/http-proxy-cl
ient.js [Client 
Component SSR]
    ./node_modules/no
demailer/lib/mailer/i
ndex.js [Client 
Component SSR]
    ./node_modules/no
demailer/lib/nodemail
er.js [Client 
Component SSR]
    
./src/lib/email.ts 
[Client Component 
SSR]
    ./src/lib/error-r
eporting.ts [Client 
Component SSR]
    ./src/lib/db.ts 
[Client Component 
SSR]
    ./src/lib/storage
-providers/factory.ts
 [Client Component 
SSR]
    ./src/actions/upl
oad.ts [Client 
Component SSR]
    ./src/components/
admin/BadgeEditor.tsx
 [Client Component 
SSR]
    ./src/components/
admin/BadgeManager.ts
x [Client Component 
SSR]
    ./src/components/
admin/BadgeManager.ts
x [Server Component]
    ./src/app/dashboa
rd/admin/gamification
/page.tsx [Server 
Component]

https://nextjs.org/do
cs/messages/module-no
t-found


./node_modules/nodema
iler/lib/smtp-connect
ion/index.js:6:13
Module not found: 
Can't resolve 'tls'
[0m [90m 4 |[39m 
[36mconst[39m [33m
EventEmitter[39m 
[33m=[39m require(
[32m'events'[39m)[3
3m.[39m[33mEventEmi
tter[39m[33m;[39m
 [90m 5 |[39m 
[36mconst[39m net 
[33m=[39m require(
[32m'net'[39m)[33m;
[39m
[31m[1m>[22m[39m
[90m 6 |[39m 
[36mconst[39m tls 
[33m=[39m require(
[32m'tls'[39m)[33m;
[39m
 [90m   |[39m      
       [31m[1m^[22
m[39m[31m[1m^[22m
[39m[31m[1m^[22m
[39m[31m[1m^[22m[
39m[31m[1m^[22m[3
9m[31m[1m^[22m[39
m[31m[1m^[22m[39m
[31m[1m^[22m[39m
[31m[1m^[22m[39m[
31m[1m^[22m[39m[3
1m[1m^[22m[39m[31
m[1m^[22m[39m[31m
[1m^[22m[39m[31m
[1m^[22m[39m
 [90m 7 |[39m 
[36mconst[39m os 
[33m=[39m require(
[32m'os'[39m)[33m;
[39m
 [90m 8 |[39m 
[36mconst[39m 
crypto [33m=[39m re
quire([32m'crypto'[
39m)[33m;[39m
 [90m 9 |[39m 
[36mconst[39m 
[33mDataStream[39m 
[33m=[39m require(
[32m'./data-stream'[
39m)[33m;[39m[0m



Import traces:
  App Route:
    ./node_modules/no
demailer/lib/smtp-con
nection/index.js
    ./node_modules/no
demailer/lib/smtp-tra
nsport/index.js
    ./node_modules/no
demailer/lib/nodemail
er.js
    
./src/lib/email.ts
    ./src/actions/con
tact.ts
    ./src/app/api/cro
n/cleanup-contacts/ro
ute.ts

  Server Component:
    ./node_modules/no
demailer/lib/smtp-con
nection/index.js
    ./node_modules/no
demailer/lib/smtp-tra
nsport/index.js
    ./node_modules/no
demailer/lib/nodemail
er.js
    
./src/lib/email.ts
    ./src/actions/con
tact.ts
    ./src/app/contact
/page.tsx

  Client Component 
Browser:
    ./node_modules/no
demailer/lib/smtp-con
nection/index.js 
[Client Component 
Browser]
    ./node_modules/no
demailer/lib/smtp-tra
nsport/index.js 
[Client Component 
Browser]
    ./node_modules/no
demailer/lib/nodemail
er.js [Client 
Component Browser]
    
./src/lib/email.ts 
[Client Component 
Browser]
    ./src/lib/error-r
eporting.ts [Client 
Component Browser]
    ./src/lib/db.ts 
[Client Component 
Browser]
    ./src/lib/storage
-providers/factory.ts
 [Client Component 
Browser]
    ./src/actions/upl
oad.ts [Client 
Component Browser]
    ./src/components/
admin/BadgeEditor.tsx
 [Client Component 
Browser]
    ./src/components/
admin/BadgeManager.ts
x [Client Component 
Browser]
    ./src/components/
admin/BadgeManager.ts
x [Server Component]
    ./src/app/dashboa
rd/admin/gamification
/page.tsx [Server 
Component]

  Client Component 
SSR:
    ./node_modules/no
demailer/lib/smtp-con
nection/index.js 
[Client Component 
SSR]
    ./node_modules/no
demailer/lib/smtp-tra
nsport/index.js 
[Client Component 
SSR]
    ./node_modules/no
demailer/lib/nodemail
er.js [Client 
Component SSR]
    
./src/lib/email.ts 
[Client Component 
SSR]
    ./src/lib/error-r
eporting.ts [Client 
Component SSR]
    ./src/lib/db.ts 
[Client Component 
SSR]
    ./src/lib/storage
-providers/factory.ts
 [Client Component 
SSR]
    ./src/actions/upl
oad.ts [Client 
Component SSR]
    ./src/components/
admin/BadgeEditor.tsx
 [Client Component 
SSR]
    ./src/components/
admin/BadgeManager.ts
x [Client Component 
SSR]
    ./src/components/
admin/BadgeManager.ts
x [Server Component]
    ./src/app/dashboa
rd/admin/gamification
/page.tsx [Server 
Component]

https://nextjs.org/do
cs/messages/module-no
t-found


./src/app/instruments
/[id]/page.tsx:24:1
Export Museum 
doesn't exist in 
target module
[0m [90m 22 |[39m 
[36mimport[39m { 
getResources } 
[36mfrom[39m [32m'
@/actions/resource'[
39m[33m;[39m
 [90m 23 |[39m 
[36mimport[39m { 
getEntityStatus } 
[36mfrom[39m [32m'
@/actions/scheduler'
[39m[33m;[39m
[31m[1m>[22m[39m
[90m 24 |[39m 
[36mimport[39m { [
33mArrowLeft[39m[33
m,[39m [33mFileText
[39m[33m,[39m [33
mBox[39m[33m,[39m 
[33mChevronRight[39
m[33m,[39m [33mLay
ers[39m[33m,[39m 
[33mGlobe[39m[33m,
[39m [33mExternalLin
k[39m[33m,[39m [3
3mStar[39m[33m,[39
m [33mTrophy[39m[3
3m,[39m 
[33mMuseum[39m } 
[36mfrom[39m [32m'
lucide-react'[39m[3
3m;[39m
 [90m    |[39m [31
m[1m^[22m[39m[31m
[1m^[22m[39m[31m
[1m^[22m[39m[31m[
1m^[22m[39m[31m[1
m^[22m[39m[31m[1m
^[22m[39m[31m[1m^
[22m[39m[31m[1m^
[22m[39m[31m[1m^[
22m[39m[31m[1m^[2
2m[39m[31m[1m^[22
m[39m[31m[1m^[22m
[39m[31m[1m^[22m
[39m[31m[1m^[22m[
39m[31m[1m^[22m[3
9m[31m[1m^[22m[39
m[31m[1m^[22m[39m
[31m[1m^[22m[39m
[31m[1m^[22m[39m[
31m[1m^[22m[39m[3
1m[1m^[22m[39m[31
m[1m^[22m[39m[31m
[1m^[22m[39m[31m
[1m^[22m[39m[31m[
1m^[22m[39m[31m[1
m^[22m[39m[31m[1m
^[22m[39m[31m[1m^
[22m[39m[31m[1m^
[22m[39m[31m[1m^[
22m[39m[31m[1m^[2
2m[39m[31m[1m^[22
m[39m[31m[1m^[22m
[39m[31m[1m^[22m
[39m[31m[1m^[22m[
39m[31m[1m^[22m[3
9m[31m[1m^[22m[39
m[31m[1m^[22m[39m
[31m[1m^[22m[39m
[31m[1m^[22m[39m[
31m[1m^[22m[39m[3
1m[1m^[22m[39m[31
m[1m^[22m[39m[31m
[1m^[22m[39m[31m
[1m^[22m[39m[31m[
1m^[22m[39m[31m[1
m^[22m[39m[31m[1m
^[22m[39m[31m[1m^
[22m[39m[31m[1m^
[22m[39m[31m[1m^[
22m[39m[31m[1m^[2
2m[39m[31m[1m^[22
m[39m[31m[1m^[22m
[39m[31m[1m^[22m
[39m[31m[1m^[22m[
39m[31m[1m^[22m[3
9m[31m[1m^[22m[39
m[31m[1m^[22m[39m
[31m[1m^[22m[39m
[31m[1m^[22m[39m[
31m[1m^[22m[39m[3
1m[1m^[22m[39m[31
m[1m^[22m[39m[31m
[1m^[22m[39m[31m
[1m^[22m[39m[31m[
1m^[22m[39m[31m[1
m^[22m[39m[31m[1m
^[22m[39m[31m[1m^
[22m[39m[31m[1m^
[22m[39m[31m[1m^[
22m[39m[31m[1m^[2
2m[39m[31m[1m^[22
m[39m[31m[1m^[22m
[39m[31m[1m^[22m
[39m[31m[1m^[22m[
39m[31m[1m^[22m[3
9m[31m[1m^[22m[39
m[31m[1m^[22m[39m
[31m[1m^[22m[39m
[31m[1m^[22m[39m[
31m[1m^[22m[39m[3
1m[1m^[22m[39m[31
m[1m^[22m[39m[31m
[1m^[22m[39m[31m
[1m^[22m[39m[31m[
1m^[22m[39m[31m[1
m^[22m[39m[31m[1m
^[22m[39m[31m[1m^
[22m[39m[31m[1m^
[22m[39m[31m[1m^[
22m[39m[31m[1m^[2
2m[39m[31m[1m^[22
m[39m[31m[1m^[22m
[39m[31m[1m^[22m
[39m[31m[1m^[22m[
39m[31m[1m^[22m[3
9m[31m[1m^[22m[39
m[31m[1m^[22m[39m
[31m[1m^[22m[39m
[31m[1m^[22m[39m[
31m[1m^[22m[39m[3
1m[1m^[22m[39m[31
m[1m^[22m[39m[31m
[1m^[22m[39m[31m
[1m^[22m[39m[31m[
1m^[22m[39m[31m[1
m^[22m[39m[31m[1m
^[22m[39m[31m[1m^
[22m[39m[31m[1m^
[22m[39m[31m[1m^[
22m[39m[31m[1m^[2
2m[39m[31m[1m^[22
m[39m[31m[1m^[22m
[39m[31m[1m^[22m
[39m[31m[1m^[22m[
39m[31m[1m^[22m[3
9m[31m[1m^[22m[39
m
 [90m 25 |[39m 
[36mimport[39m 
dbConnect 
[36mfrom[39m [32m'
@/lib/db'[39m[33m;
[39m
 [90m 26 |[39m 
[36mimport[39m 
[33mUser[39m 
[36mfrom[39m [32m'
@/models/User'[39m[
33m;[39m
 [90m 27 |[39m 
[36mimport[39m { 
cn } [36mfrom[39m 
[32m'@/lib/utils'[39
m[33m;[39m[0m

The export Museum 
was not found in 
module [project]/node
_modules/lucide-react
/dist/esm/lucide-reac
t.js [app-rsc] 
(ecmascript).
Did you mean to 
import Mouse?
All exports of the 
module are 
statically known (It 
doesn't have dynamic 
exports). So it's 
known statically 
that the requested 
export doesn't exist.


./src/components/dash
board/admin/Scheduler
Client.tsx:6:1
Export Museum 
doesn't exist in 
target module
[0m [90m 4 |[39m 
[36mimport[39m { 
useRouter } 
[36mfrom[39m [32m'
next/navigation'[39m
[33m;[39m
 [90m 5 |[39m 
[36mimport[39m { 
[33mButton[39m } 
[36mfrom[39m [32m'
@/components/ui/Butto
n'[39m[33m;[39m
[31m[1m>[22m[39m
[90m 6 |[39m 
[36mimport[39m { [
33mChevronLeft[39m[
33m,[39m [33mChevro
nRight[39m[33m,[39
m [33mCalendar[39m
[33m,[39m [33mNewsp
aper[39m[33m,[39m 
[33mTrophy[39m[33m
,[39m 
[33mMuseum[39m } 
[36mfrom[39m [32m'
lucide-react'[39m[3
3m;[39m
 [90m   |[39m [31m
[1m^[22m[39m[31m
[1m^[22m[39m[31m[
1m^[22m[39m[31m[1
m^[22m[39m[31m[1m
^[22m[39m[31m[1m^
[22m[39m[31m[1m^
[22m[39m[31m[1m^[
22m[39m[31m[1m^[2
2m[39m[31m[1m^[22
m[39m[31m[1m^[22m
[39m[31m[1m^[22m
[39m[31m[1m^[22m[
39m[31m[1m^[22m[3
9m[31m[1m^[22m[39
m[31m[1m^[22m[39m
[31m[1m^[22m[39m
[31m[1m^[22m[39m[
31m[1m^[22m[39m[3
1m[1m^[22m[39m[31
m[1m^[22m[39m[31m
[1m^[22m[39m[31m
[1m^[22m[39m[31m[
1m^[22m[39m[31m[1
m^[22m[39m[31m[1m
^[22m[39m[31m[1m^
[22m[39m[31m[1m^
[22m[39m[31m[1m^[
22m[39m[31m[1m^[2
2m[39m[31m[1m^[22
m[39m[31m[1m^[22m
[39m[31m[1m^[22m
[39m[31m[1m^[22m[
39m[31m[1m^[22m[3
9m[31m[1m^[22m[39
m[31m[1m^[22m[39m
[31m[1m^[22m[39m
[31m[1m^[22m[39m[
31m[1m^[22m[39m[3
1m[1m^[22m[39m[31
m[1m^[22m[39m[31m
[1m^[22m[39m[31m
[1m^[22m[39m[31m[
1m^[22m[39m[31m[1
m^[22m[39m[31m[1m
^[22m[39m[31m[1m^
[22m[39m[31m[1m^
[22m[39m[31m[1m^[
22m[39m[31m[1m^[2
2m[39m[31m[1m^[22
m[39m[31m[1m^[22m
[39m[31m[1m^[22m
[39m[31m[1m^[22m[
39m[31m[1m^[22m[3
9m[31m[1m^[22m[39
m[31m[1m^[22m[39m
[31m[1m^[22m[39m
[31m[1m^[22m[39m[
31m[1m^[22m[39m[3
1m[1m^[22m[39m[31
m[1m^[22m[39m[31m
[1m^[22m[39m[31m
[1m^[22m[39m[31m[
1m^[22m[39m[31m[1
m^[22m[39m[31m[1m
^[22m[39m[31m[1m^
[22m[39m[31m[1m^
[22m[39m[31m[1m^[
22m[39m[31m[1m^[2
2m[39m[31m[1m^[22
m[39m[31m[1m^[22m
[39m[31m[1m^[22m
[39m[31m[1m^[22m[
39m[31m[1m^[22m[3
9m[31m[1m^[22m[39
m[31m[1m^[22m[39m
[31m[1m^[22m[39m
[31m[1m^[22m[39m[
31m[1m^[22m[39m[3
1m[1m^[22m[39m[31
m[1m^[22m[39m[31m
[1m^[22m[39m[31m
[1m^[22m[39m[31m[
1m^[22m[39m[31m[1
m^[22m[39m[31m[1m
^[22m[39m[31m[1m^
[22m[39m[31m[1m^
[22m[39m[31m[1m^[
22m[39m[31m[1m^[2
2m[39m[31m[1m^[22
m[39m
 [90m 7 |[39m 
[36mimport[39m { 
cn } [36mfrom[39m 
[32m'@/lib/utils'[39
m[33m;[39m
 [90m 8 |[39m 
[36mimport[39m 
[33mLink[39m 
[36mfrom[39m [32m'
next/link'[39m[33m;
[39m
 [90m 9 |[39m[0m

The export Museum 
was not found in 
module [project]/node
_modules/lucide-react
/dist/esm/lucide-reac
t.js [app-client] 
(ecmascript).
Did you mean to 
import Mouse?
All exports of the 
module are 
statically known (It 
doesn't have dynamic 
exports). So it's 
known statically 
that the requested 
export doesn't exist.

Import trace:
  Server Component:
    ./src/components/
dashboard/admin/Sched
ulerClient.tsx
    ./src/app/dashboa
rd/admin/scheduler/pa
ge.tsx


./src/components/dash
board/admin/Scheduler
Client.tsx:6:1
Export Museum 
doesn't exist in 
target module
[0m [90m 4 |[39m 
[36mimport[39m { 
useRouter } 
[36mfrom[39m [32m'
next/navigation'[39m
[33m;[39m
 [90m 5 |[39m 
[36mimport[39m { 
[33mButton[39m } 
[36mfrom[39m [32m'
@/components/ui/Butto
n'[39m[33m;[39m
[31m[1m>[22m[39m
[90m 6 |[39m 
[36mimport[39m { [
33mChevronLeft[39m[
33m,[39m [33mChevro
nRight[39m[33m,[39
m [33mCalendar[39m
[33m,[39m [33mNewsp
aper[39m[33m,[39m 
[33mTrophy[39m[33m
,[39m 
[33mMuseum[39m } 
[36mfrom[39m [32m'
lucide-react'[39m[3
3m;[39m
 [90m   |[39m [31m
[1m^[22m[39m[31m
[1m^[22m[39m[31m[
1m^[22m[39m[31m[1
m^[22m[39m[31m[1m
^[22m[39m[31m[1m^
[22m[39m[31m[1m^
[22m[39m[31m[1m^[
22m[39m[31m[1m^[2
2m[39m[31m[1m^[22
m[39m[31m[1m^[22m
[39m[31m[1m^[22m
[39m[31m[1m^[22m[
39m[31m[1m^[22m[3
9m[31m[1m^[22m[39
m[31m[1m^[22m[39m
[31m[1m^[22m[39m
[31m[1m^[22m[39m[
31m[1m^[22m[39m[3
1m[1m^[22m[39m[31
m[1m^[22m[39m[31m
[1m^[22m[39m[31m
[1m^[22m[39m[31m[
1m^[22m[39m[31m[1
m^[22m[39m[31m[1m
^[22m[39m[31m[1m^
[22m[39m[31m[1m^
[22m[39m[31m[1m^[
22m[39m[31m[1m^[2
2m[39m[31m[1m^[22
m[39m[31m[1m^[22m
[39m[31m[1m^[22m
[39m[31m[1m^[22m[
39m[31m[1m^[22m[3
9m[31m[1m^[22m[39
m[31m[1m^[22m[39m
[31m[1m^[22m[39m
[31m[1m^[22m[39m[
31m[1m^[22m[39m[3
1m[1m^[22m[39m[31
m[1m^[22m[39m[31m
[1m^[22m[39m[31m
[1m^[22m[39m[31m[
1m^[22m[39m[31m[1
m^[22m[39m[31m[1m
^[22m[39m[31m[1m^
[22m[39m[31m[1m^
[22m[39m[31m[1m^[
22m[39m[31m[1m^[2
2m[39m[31m[1m^[22
m[39m[31m[1m^[22m
[39m[31m[1m^[22m
[39m[31m[1m^[22m[
39m[31m[1m^[22m[3
9m[31m[1m^[22m[39
m[31m[1m^[22m[39m
[31m[1m^[22m[39m
[31m[1m^[22m[39m[
31m[1m^[22m[39m[3
1m[1m^[22m[39m[31
m[1m^[22m[39m[31m
[1m^[22m[39m[31m
[1m^[22m[39m[31m[
1m^[22m[39m[31m[1
m^[22m[39m[31m[1m
^[22m[39m[31m[1m^
[22m[39m[31m[1m^
[22m[39m[31m[1m^[
22m[39m[31m[1m^[2
2m[39m[31m[1m^[22
m[39m[31m[1m^[22m
[39m[31m[1m^[22m
[39m[31m[1m^[22m[
39m[31m[1m^[22m[3
9m[31m[1m^[22m[39
m[31m[1m^[22m[39m
[31m[1m^[22m[39m
[31m[1m^[22m[39m[
31m[1m^[22m[39m[3
1m[1m^[22m[39m[31
m[1m^[22m[39m[31m
[1m^[22m[39m[31m
[1m^[22m[39m[31m[
1m^[22m[39m[31m[1
m^[22m[39m[31m[1m
^[22m[39m[31m[1m^
[22m[39m[31m[1m^
[22m[39m[31m[1m^[
22m[39m[31m[1m^[2
2m[39m[31m[1m^[22
m[39m
 [90m 7 |[39m 
[36mimport[39m { 
cn } [36mfrom[39m 
[32m'@/lib/utils'[39
m[33m;[39m
 [90m 8 |[39m 
[36mimport[39m 
[33mLink[39m 
[36mfrom[39m [32m'
next/link'[39m[33m;
[39m
 [90m 9 |[39m[0m

The export Museum 
was not found in 
module [project]/node
_modules/lucide-react
/dist/esm/lucide-reac
t.js [app-ssr] 
(ecmascript).
Did you mean to 
import Mouse?
All exports of the 
module are 
statically known (It 
doesn't have dynamic 
exports). So it's 
known statically 
that the requested 
export doesn't exist.

Import trace:
  Server Component:
    ./src/components/
dashboard/admin/Sched
ulerClient.tsx
    ./src/app/dashboa
rd/admin/scheduler/pa
ge.tsx


./src/app/s/[slug]/ki
osk/page.tsx:1:1
Export 
getPublicShowroom 
doesn't exist in 
target module
[0m[31m[1m>[22m[
39m[90m 1 |[39m 
[36mimport[39m { 
getPublicShowroom } 
[36mfrom[39m [32m'
@/actions/showroom'[
39m[33m;[39m
 [90m   |[39m [31m
[1m^[22m[39m[31m
[1m^[22m[39m[31m[
1m^[22m[39m[31m[1
m^[22m[39m[31m[1m
^[22m[39m[31m[1m^
[22m[39m[31m[1m^
[22m[39m[31m[1m^[
22m[39m[31m[1m^[2
2m[39m[31m[1m^[22
m[39m[31m[1m^[22m
[39m[31m[1m^[22m
[39m[31m[1m^[22m[
39m[31m[1m^[22m[3
9m[31m[1m^[22m[39
m[31m[1m^[22m[39m
[31m[1m^[22m[39m
[31m[1m^[22m[39m[
31m[1m^[22m[39m[3
1m[1m^[22m[39m[31
m[1m^[22m[39m[31m
[1m^[22m[39m[31m
[1m^[22m[39m[31m[
1m^[22m[39m[31m[1
m^[22m[39m[31m[1m
^[22m[39m[31m[1m^
[22m[39m[31m[1m^
[22m[39m[31m[1m^[
22m[39m[31m[1m^[2
2m[39m[31m[1m^[22
m[39m[31m[1m^[22m
[39m[31m[1m^[22m
[39m[31m[1m^[22m[
39m[31m[1m^[22m[3
9m[31m[1m^[22m[39
m[31m[1m^[22m[39m
[31m[1m^[22m[39m
[31m[1m^[22m[39m[
31m[1m^[22m[39m[3
1m[1m^[22m[39m[31
m[1m^[22m[39m[31m
[1m^[22m[39m[31m
[1m^[22m[39m[31m[
1m^[22m[39m[31m[1
m^[22m[39m[31m[1m
^[22m[39m[31m[1m^
[22m[39m[31m[1m^
[22m[39m[31m[1m^[
22m[39m[31m[1m^[2
2m[39m[31m[1m^[22
m[39m[31m[1m^[22m
[39m[31m[1m^[22m
[39m[31m[1m^[22m[
39m
 [90m 2 |[39m 
[36mimport[39m { 
notFound } 
[36mfrom[39m [32m'
next/navigation'[39m
[33m;[39m
 [90m 3 |[39m 
[36mimport[39m [33
mKioskClient[39m 
[36mfrom[39m [32m'
@/components/public/K
ioskClient'[39m[33m
;[39m
 [90m 4 |[39m[0m

The export 
getPublicShowroom 
was not found in 
module [project]/src/
actions/showroom.ts 
[app-rsc] 
(ecmascript).
Did you mean to 
import 
deleteShowroom?
All exports of the 
module are 
statically known (It 
doesn't have dynamic 
exports). So it's 
known statically 
that the requested 
export doesn't exist.


./src/app/s/[slug]/pa
ge.tsx:1:1
Export 
getPublicShowroom 
doesn't exist in 
target module
[0m[31m[1m>[22m[
39m[90m 1 |[39m 
[36mimport[39m { 
getPublicShowroom } 
[36mfrom[39m [32m'
@/actions/showroom'[
39m[33m;[39m
 [90m   |[39m [31m
[1m^[22m[39m[31m
[1m^[22m[39m[31m[
1m^[22m[39m[31m[1
m^[22m[39m[31m[1m
^[22m[39m[31m[1m^
[22m[39m[31m[1m^
[22m[39m[31m[1m^[
22m[39m[31m[1m^[2
2m[39m[31m[1m^[22
m[39m[31m[1m^[22m
[39m[31m[1m^[22m
[39m[31m[1m^[22m[
39m[31m[1m^[22m[3
9m[31m[1m^[22m[39
m[31m[1m^[22m[39m
[31m[1m^[22m[39m
[31m[1m^[22m[39m[
31m[1m^[22m[39m[3
1m[1m^[22m[39m[31
m[1m^[22m[39m[31m
[1m^[22m[39m[31m
[1m^[22m[39m[31m[
1m^[22m[39m[31m[1
m^[22m[39m[31m[1m
^[22m[39m[31m[1m^
[22m[39m[31m[1m^
[22m[39m[31m[1m^[
22m[39m[31m[1m^[2
2m[39m[31m[1m^[22
m[39m[31m[1m^[22m
[39m[31m[1m^[22m
[39m[31m[1m^[22m[
39m[31m[1m^[22m[3
9m[31m[1m^[22m[39
m[31m[1m^[22m[39m
[31m[1m^[22m[39m
[31m[1m^[22m[39m[
31m[1m^[22m[39m[3
1m[1m^[22m[39m[31
m[1m^[22m[39m[31m
[1m^[22m[39m[31m
[1m^[22m[39m[31m[
1m^[22m[39m[31m[1
m^[22m[39m[31m[1m
^[22m[39m[31m[1m^
[22m[39m[31m[1m^
[22m[39m[31m[1m^[
22m[39m[31m[1m^[2
2m[39m[31m[1m^[22
m[39m[31m[1m^[22m
[39m[31m[1m^[22m
[39m[31m[1m^[22m[
39m
 [90m 2 |[39m 
[36mimport[39m { 
notFound } 
[36mfrom[39m [32m'
next/navigation'[39m
[33m;[39m
 [90m 3 |[39m 
[36mimport[39m 
[33mImage[39m 
[36mfrom[39m [32m'
next/image'[39m[33m
;[39m
 [90m 4 |[39m 
[36mimport[39m 
[33mLink[39m 
[36mfrom[39m [32m'
next/link'[39m[33m;
[39m[0m

The export 
getPublicShowroom 
was not found in 
module [project]/src/
actions/showroom.ts 
[app-rsc] 
(ecmascript).
Did you mean to 
import 
deleteShowroom?
All exports of the 
module are 
statically known (It 
doesn't have dynamic 
exports). So it's 
known statically 
that the requested 
export doesn't exist.


./src/components/dash
board/showrooms/Showr
oomEditor.tsx:5:1
Export 
updateShowroom 
doesn't exist in 
target module
[0m [90m 3 |[39m 
[36mimport[39m { 
useState } 
[36mfrom[39m [32m'
react'[39m[33m;[39
m
 [90m 4 |[39m 
[36mimport[39m { 
useRouter } 
[36mfrom[39m [32m'
next/navigation'[39m
[33m;[39m
[31m[1m>[22m[39m
[90m 5 |[39m 
[36mimport[39m { up
dateShowroom[33m,[3
9m deleteShowroom } 
[36mfrom[39m [32m'
@/actions/showroom'[
39m[33m;[39m
 [90m   |[39m [31m
[1m^[22m[39m[31m
[1m^[22m[39m[31m[
1m^[22m[39m[31m[1
m^[22m[39m[31m[1m
^[22m[39m[31m[1m^
[22m[39m[31m[1m^
[22m[39m[31m[1m^[
22m[39m[31m[1m^[2
2m[39m[31m[1m^[22
m[39m[31m[1m^[22m
[39m[31m[1m^[22m
[39m[31m[1m^[22m[
39m[31m[1m^[22m[3
9m[31m[1m^[22m[39
m[31m[1m^[22m[39m
[31m[1m^[22m[39m
[31m[1m^[22m[39m[
31m[1m^[22m[39m[3
1m[1m^[22m[39m[31
m[1m^[22m[39m[31m
[1m^[22m[39m[31m
[1m^[22m[39m[31m[
1m^[22m[39m[31m[1
m^[22m[39m[31m[1m
^[22m[39m[31m[1m^
[22m[39m[31m[1m^
[22m[39m[31m[1m^[
22m[39m[31m[1m^[2
2m[39m[31m[1m^[22
m[39m[31m[1m^[22m
[39m[31m[1m^[22m
[39m[31m[1m^[22m[
39m[31m[1m^[22m[3
9m[31m[1m^[22m[39
m[31m[1m^[22m[39m
[31m[1m^[22m[39m
[31m[1m^[22m[39m[
31m[1m^[22m[39m[3
1m[1m^[22m[39m[31
m[1m^[22m[39m[31m
[1m^[22m[39m[31m
[1m^[22m[39m[31m[
1m^[22m[39m[31m[1
m^[22m[39m[31m[1m
^[22m[39m[31m[1m^
[22m[39m[31m[1m^
[22m[39m[31m[1m^[
22m[39m[31m[1m^[2
2m[39m[31m[1m^[22
m[39m[31m[1m^[22m
[39m[31m[1m^[22m
[39m[31m[1m^[22m[
39m[31m[1m^[22m[3
9m[31m[1m^[22m[39
m[31m[1m^[22m[39m
[31m[1m^[22m[39m
[31m[1m^[22m[39m[
31m[1m^[22m[39m[3
1m[1m^[22m[39m[31
m[1m^[22m[39m[31m
[1m^[22m[39m[31m
[1m^[22m[39m[31m[
1m^[22m[39m[31m[1
m^[22m[39m[31m[1m
^[22m[39m
 [90m 6 |[39m 
[36mimport[39m { 
[33mButton[39m } 
[36mfrom[39m [32m'
@/components/ui/Butto
n'[39m[33m;[39m
 [90m 7 |[39m 
[36mimport[39m { 
[33mInput[39m } 
[36mfrom[39m [32m'
@/components/ui/Input
'[39m[33m;[39m 
[90m// Assuming 
exist[39m
 [90m 8 |[39m 
[36mimport[39m { 
[33mSwitch[39m } 
[36mfrom[39m [32m'
@/components/ui/Switc
h'[39m[33m;[39m 
[90m// Assuming 
exist or use simple 
input[39m[0m

The export 
updateShowroom was 
not found in module [
project]/src/actions/
showroom.ts 
[app-client] 
(ecmascript).
Did you mean to 
import 
deleteShowroom?
All exports of the 
module are 
statically known (It 
doesn't have dynamic 
exports). So it's 
known statically 
that the requested 
export doesn't exist.

Import trace:
  Server Component:
    ./src/components/
dashboard/showrooms/S
howroomEditor.tsx
    ./src/app/dashboa
rd/showrooms/[id]/pag
e.tsx


./src/components/dash
board/showrooms/Showr
oomEditor.tsx:5:1
Export 
updateShowroom 
doesn't exist in 
target module
[0m [90m 3 |[39m 
[36mimport[39m { 
useState } 
[36mfrom[39m [32m'
react'[39m[33m;[39
m
 [90m 4 |[39m 
[36mimport[39m { 
useRouter } 
[36mfrom[39m [32m'
next/navigation'[39m
[33m;[39m
[31m[1m>[22m[39m
[90m 5 |[39m 
[36mimport[39m { up
dateShowroom[33m,[3
9m deleteShowroom } 
[36mfrom[39m [32m'
@/actions/showroom'[
39m[33m;[39m
 [90m   |[39m [31m
[1m^[22m[39m[31m
[1m^[22m[39m[31m[
1m^[22m[39m[31m[1
m^[22m[39m[31m[1m
^[22m[39m[31m[1m^
[22m[39m[31m[1m^
[22m[39m[31m[1m^[
22m[39m[31m[1m^[2
2m[39m[31m[1m^[22
m[39m[31m[1m^[22m
[39m[31m[1m^[22m
[39m[31m[1m^[22m[
39m[31m[1m^[22m[3
9m[31m[1m^[22m[39
m[31m[1m^[22m[39m
[31m[1m^[22m[39m
[31m[1m^[22m[39m[
31m[1m^[22m[39m[3
1m[1m^[22m[39m[31
m[1m^[22m[39m[31m
[1m^[22m[39m[31m
[1m^[22m[39m[31m[
1m^[22m[39m[31m[1
m^[22m[39m[31m[1m
^[22m[39m[31m[1m^
[22m[39m[31m[1m^
[22m[39m[31m[1m^[
22m[39m[31m[1m^[2
2m[39m[31m[1m^[22
m[39m[31m[1m^[22m
[39m[31m[1m^[22m
[39m[31m[1m^[22m[
39m[31m[1m^[22m[3
9m[31m[1m^[22m[39
m[31m[1m^[22m[39m
[31m[1m^[22m[39m
[31m[1m^[22m[39m[
31m[1m^[22m[39m[3
1m[1m^[22m[39m[31
m[1m^[22m[39m[31m
[1m^[22m[39m[31m
[1m^[22m[39m[31m[
1m^[22m[39m[31m[1
m^[22m[39m[31m[1m
^[22m[39m[31m[1m^
[22m[39m[31m[1m^
[22m[39m[31m[1m^[
22m[39m[31m[1m^[2
2m[39m[31m[1m^[22
m[39m[31m[1m^[22m
[39m[31m[1m^[22m
[39m[31m[1m^[22m[
39m[31m[1m^[22m[3
9m[31m[1m^[22m[39
m[31m[1m^[22m[39m
[31m[1m^[22m[39m
[31m[1m^[22m[39m[
31m[1m^[22m[39m[3
1m[1m^[22m[39m[31
m[1m^[22m[39m[31m
[1m^[22m[39m[31m
[1m^[22m[39m[31m[
1m^[22m[39m[31m[1
m^[22m[39m[31m[1m
^[22m[39m
 [90m 6 |[39m 
[36mimport[39m { 
[33mButton[39m } 
[36mfrom[39m [32m'
@/components/ui/Butto
n'[39m[33m;[39m
 [90m 7 |[39m 
[36mimport[39m { 
[33mInput[39m } 
[36mfrom[39m [32m'
@/components/ui/Input
'[39m[33m;[39m 
[90m// Assuming 
exist[39m
 [90m 8 |[39m 
[36mimport[39m { 
[33mSwitch[39m } 
[36mfrom[39m [32m'
@/components/ui/Switc
h'[39m[33m;[39m 
[90m// Assuming 
exist or use simple 
input[39m[0m

The export 
updateShowroom was 
not found in module [
project]/src/actions/
showroom.ts 
[app-ssr] 
(ecmascript).
Did you mean to 
import 
deleteShowroom?
All exports of the 
module are 
statically known (It 
doesn't have dynamic 
exports). So it's 
known statically 
that the requested 
export doesn't exist.

Import trace:
  Server Component:
    ./src/components/
dashboard/showrooms/S
howroomEditor.tsx
    ./src/app/dashboa
rd/showrooms/[id]/pag
e.tsx


./node_modules/fetch-
blob/from.js
Code generation for 
chunk item errored
An error occurred 
while generating the 
chunk item [project]/
node_modules/fetch-bl
ob/from.js 
[app-client] 
(ecmascript) <locals>

Caused by:
- the chunking 
context (unknown) 
does not support 
external modules 
(request: node:fs)

Debug info:
- An error occurred 
while generating the 
chunk item [project]/
node_modules/fetch-bl
ob/from.js 
[app-client] 
(ecmascript) <locals>
- Execution of <Merge
dEcmascriptModuleChun
kItem as EcmascriptCh
unkItem>::content_wit
h_async_module_info 
failed
- Execution of *Ecmas
criptChunkItemContent
::new failed
- Execution of Ecmasc
riptModuleContent::ne
w_merged failed
- the chunking 
context (unknown) 
does not support 
external modules 
(request: node:fs)

Import traces:
  App Route:
    ./node_modules/fe
tch-blob/from.js
    ./node_modules/ga
xios/node_modules/nod
e-fetch/src/index.js
    ./node_modules/ga
xios/build/cjs/src/ga
xios.js
    ./node_modules/ga
xios/build/cjs/src/in
dex.js
    ./node_modules/go
ogleapis-common/build
/src/index.js
    ./node_modules/go
ogleapis/build/src/in
dex.js
    ./src/app/api/aut
h/google-drive/callba
ck/route.ts

  Server Component:
    ./node_modules/fe
tch-blob/from.js
    ./node_modules/ga
xios/node_modules/nod
e-fetch/src/index.js
    ./node_modules/ga
xios/build/cjs/src/ga
xios.js
    ./node_modules/ga
xios/build/cjs/src/in
dex.js
    ./node_modules/go
ogleapis-common/build
/src/index.js
    ./node_modules/go
ogleapis/build/src/in
dex.js
    ./src/lib/storage
-providers/google-dri
ve.ts
    ./src/actions/sto
rage.ts
    ./src/app/dashboa
rd/settings/storage/p
age.tsx

  Client Component 
Browser:
    ./node_modules/fe
tch-blob/from.js 
[Client Component 
Browser]
    ./node_modules/ga
xios/node_modules/nod
e-fetch/src/index.js 
[Client Component 
Browser]
    ./node_modules/ga
xios/build/cjs/src/ga
xios.js [Client 
Component Browser]
    ./node_modules/ga
xios/build/cjs/src/in
dex.js [Client 
Component Browser]
    ./node_modules/go
ogleapis-common/build
/src/index.js 
[Client Component 
Browser]
    ./node_modules/go
ogleapis/build/src/in
dex.js [Client 
Component Browser]
    ./src/lib/storage
-providers/google-dri
ve.ts [Client 
Component Browser]
    ./src/lib/storage
-providers/factory.ts
 [Client Component 
Browser]
    ./src/actions/upl
oad.ts [Client 
Component Browser]
    ./src/components/
admin/BadgeEditor.tsx
 [Client Component 
Browser]
    ./src/components/
admin/BadgeManager.ts
x [Client Component 
Browser]
    ./src/components/
admin/BadgeManager.ts
x [Server Component]
    ./src/app/dashboa
rd/admin/gamification
/page.tsx [Server 
Component]

  Client Component 
SSR:
    ./node_modules/fe
tch-blob/from.js 
[Client Component 
SSR]
    ./node_modules/ga
xios/node_modules/nod
e-fetch/src/index.js 
[Client Component 
SSR]
    ./node_modules/ga
xios/build/cjs/src/ga
xios.js [Client 
Component SSR]
    ./node_modules/ga
xios/build/cjs/src/in
dex.js [Client 
Component SSR]
    ./node_modules/go
ogleapis-common/build
/src/index.js 
[Client Component 
SSR]
    ./node_modules/go
ogleapis/build/src/in
dex.js [Client 
Component SSR]
    ./src/lib/storage
-providers/google-dri
ve.ts [Client 
Component SSR]
    ./src/lib/storage
-providers/factory.ts
 [Client Component 
SSR]
    ./src/actions/upl
oad.ts [Client 
Component SSR]
    ./src/components/
admin/BadgeEditor.tsx
 [Client Component 
SSR]
    ./src/components/
admin/BadgeManager.ts
x [Client Component 
SSR]
    ./src/components/
admin/BadgeManager.ts
x [Server Component]
    ./src/app/dashboa
rd/admin/gamification
/page.tsx [Server 
Component]


./node_modules/gaxios
/node_modules/node-fe
tch/src/index.js
Code generation for 
chunk item errored
An error occurred 
while generating the 
chunk item [project]/
node_modules/gaxios/n
ode_modules/node-fetc
h/src/index.js 
[app-client] 
(ecmascript)

Caused by:
- the chunking 
context (unknown) 
does not support 
external modules 
(request: node:net)

Debug info:
- An error occurred 
while generating the 
chunk item [project]/
node_modules/gaxios/n
ode_modules/node-fetc
h/src/index.js 
[app-client] 
(ecmascript)
- Execution of <Merge
dEcmascriptModuleChun
kItem as EcmascriptCh
unkItem>::content_wit
h_async_module_info 
failed
- Execution of *Ecmas
criptChunkItemContent
::new failed
- Execution of Ecmasc
riptModuleContent::ne
w_merged failed
- the chunking 
context (unknown) 
does not support 
external modules 
(request: node:net)

Import traces:
  App Route:
    ./node_modules/ga
xios/node_modules/nod
e-fetch/src/index.js
    ./node_modules/ga
xios/build/cjs/src/ga
xios.js
    ./node_modules/ga
xios/build/cjs/src/in
dex.js
    ./node_modules/go
ogleapis-common/build
/src/index.js
    ./node_modules/go
ogleapis/build/src/in
dex.js
    ./src/app/api/aut
h/google-drive/callba
ck/route.ts

  Server Component:
    ./node_modules/ga
xios/node_modules/nod
e-fetch/src/index.js
    ./node_modules/ga
xios/build/cjs/src/ga
xios.js
    ./node_modules/ga
xios/build/cjs/src/in
dex.js
    ./node_modules/go
ogleapis-common/build
/src/index.js
    ./node_modules/go
ogleapis/build/src/in
dex.js
    ./src/lib/storage
-providers/google-dri
ve.ts
    ./src/actions/sto
rage.ts
    ./src/app/dashboa
rd/settings/storage/p
age.tsx

  Client Component 
Browser:
    ./node_modules/ga
xios/node_modules/nod
e-fetch/src/index.js 
[Client Component 
Browser]
    ./node_modules/ga
xios/build/cjs/src/ga
xios.js [Client 
Component Browser]
    ./node_modules/ga
xios/build/cjs/src/in
dex.js [Client 
Component Browser]
    ./node_modules/go
ogleapis-common/build
/src/index.js 
[Client Component 
Browser]
    ./node_modules/go
ogleapis/build/src/in
dex.js [Client 
Component Browser]
    ./src/lib/storage
-providers/google-dri
ve.ts [Client 
Component Browser]
    ./src/lib/storage
-providers/factory.ts
 [Client Component 
Browser]
    ./src/actions/upl
oad.ts [Client 
Component Browser]
    ./src/components/
admin/BadgeEditor.tsx
 [Client Component 
Browser]
    ./src/components/
admin/BadgeManager.ts
x [Client Component 
Browser]
    ./src/components/
admin/BadgeManager.ts
x [Server Component]
    ./src/app/dashboa
rd/admin/gamification
/page.tsx [Server 
Component]

  Client Component 
SSR:
    ./node_modules/ga
xios/node_modules/nod
e-fetch/src/index.js 
[Client Component 
SSR]
    ./node_modules/ga
xios/build/cjs/src/ga
xios.js [Client 
Component SSR]
    ./node_modules/ga
xios/build/cjs/src/in
dex.js [Client 
Component SSR]
    ./node_modules/go
ogleapis-common/build
/src/index.js 
[Client Component 
SSR]
    ./node_modules/go
ogleapis/build/src/in
dex.js [Client 
Component SSR]
    ./src/lib/storage
-providers/google-dri
ve.ts [Client 
Component SSR]
    ./src/lib/storage
-providers/factory.ts
 [Client Component 
SSR]
    ./src/actions/upl
oad.ts [Client 
Component SSR]
    ./src/components/
admin/BadgeEditor.tsx
 [Client Component 
SSR]
    ./src/components/
admin/BadgeManager.ts
x [Client Component 
SSR]
    ./src/components/
admin/BadgeManager.ts
x [Server Component]
    ./src/app/dashboa
rd/admin/gamification
/page.tsx [Server 
Component]


    at <unknown> (htt
ps://nextjs.org/docs/
messages/module-not-f
ound)
    ... collapsed 43 
duplicate lines 
matching above 1 
lines 43 times...
    at <unknown> (./s
rc/app/instruments/[i
d]/page.tsx:24:1)
    at <unknown> (./s
rc/components/dashboa
rd/admin/SchedulerCli
ent.tsx:6:1)
    at <unknown> (./s
rc/components/dashboa
rd/admin/SchedulerCli
ent.tsx:6:1)
    at <unknown> (./s
rc/app/s/[slug]/kiosk
/page.tsx:1:1)
    at <unknown> (./s
rc/app/s/[slug]/page.
tsx:1:1)
    at <unknown> (./s
rc/components/dashboa
rd/showrooms/Showroom
Editor.tsx:5:1)
    at <unknown> (./s
rc/components/dashboa
rd/showrooms/Showroom
Editor.tsx:5:1)
